INFO:     Will watch for changes in these directories: ['/mnt/d/FastTTS']
INFO:     Uvicorn running on http://0.0.0.0:5001 (Press CTRL+C to quit)
INFO:     Started reloader process [9789] using WatchFiles
Link: http://localhost:5001
INFO:     Started server process [9806]
INFO:     Waiting for application startup.
INFO:     Application startup complete.
INFO:watchfiles.main:1 change detected
INFO:watchfiles.main:1 change detected
INFO:watchfiles.main:1 change detected
INFO:watchfiles.main:1 change detected
INFO:watchfiles.main:1 change detected
INFO:watchfiles.main:1 change detected
INFO:watchfiles.main:1 change detected
INFO:watchfiles.main:1 change detected
INFO:watchfiles.main:1 change detected
INFO:watchfiles.main:1 change detected
INFO:watchfiles.main:1 change detected
INFO:watchfiles.main:1 change detected
INFO:watchfiles.main:1 change detected
INFO:watchfiles.main:1 change detected
INFO:watchfiles.main:1 change detected
INFO:watchfiles.main:1 change detected
INFO:watchfiles.main:1 change detected
INFO:watchfiles.main:1 change detected
INFO:watchfiles.main:1 change detected
INFO:watchfiles.main:1 change detected
INFO:watchfiles.main:1 change detected
INFO:     127.0.0.1:42028 - "GET / HTTP/1.1" 200 OK
INFO:     127.0.0.1:42028 - "GET /static/js/settings-manager.js HTTP/1.1" 200 OK
INFO:minimax_tts:ğŸ”‘ Loading MiniMax credentials...
INFO:minimax_tts:   API Key: âœ… Set
INFO:minimax_tts:   Group ID: âœ… Set
INFO:minimax_tts:   Custom Voice: Not set
INFO:minimax_tts:   Model: speech-02-turbo
INFO:minimax_tts:ğŸ”‘ Loading MiniMax credentials...
INFO:minimax_tts:   API Key: âœ… Set
INFO:minimax_tts:   Group ID: âœ… Set
INFO:minimax_tts:   Custom Voice: Not set
INFO:minimax_tts:   Model: speech-02-turbo
INFO:minimax_tts:ğŸ”§ MiniMax configuration status: âœ… Ready
INFO:     127.0.0.1:42028 - "GET /tts-engines-info HTTP/1.1" 200 OK
INFO:     127.0.0.1:42028 - "GET /credentials-status HTTP/1.1" 200 OK
INFO:watchfiles.main:1 change detected
INFO:watchfiles.main:1 change detected
INFO:watchfiles.main:1 change detected
INFO:watchfiles.main:1 change detected
INFO:watchfiles.main:1 change detected
INFO:watchfiles.main:1 change detected
INFO:watchfiles.main:1 change detected
INFO:watchfiles.main:1 change detected
INFO:watchfiles.main:1 change detected
INFO:watchfiles.main:2 changes detected
INFO:watchfiles.main:1 change detected
INFO:watchfiles.main:2 changes detected
INFO:watchfiles.main:1 change detected
INFO:watchfiles.main:1 change detected
INFO:watchfiles.main:1 change detected
INFO:watchfiles.main:1 change detected
INFO:watchfiles.main:1 change detected
INFO:watchfiles.main:1 change detected
INFO:watchfiles.main:1 change detected
INFO:watchfiles.main:1 change detected
INFO:watchfiles.main:1 change detected
INFO:watchfiles.main:1 change detected
INFO:watchfiles.main:1 change detected
INFO:watchfiles.main:1 change detected
INFO:watchfiles.main:1 change detected
INFO:watchfiles.main:1 change detected
INFO:     127.0.0.1:52174 - "GET / HTTP/1.1" 200 OK
INFO:     127.0.0.1:52174 - "GET /static/js/settings-manager.js HTTP/1.1" 200 OK
INFO:minimax_tts:ğŸ”‘ Loading MiniMax credentials...
INFO:minimax_tts:   API Key: âœ… Set
INFO:minimax_tts:   Group ID: âœ… Set
INFO:minimax_tts:   Custom Voice: Not set
INFO:minimax_tts:   Model: speech-02-turbo
INFO:minimax_tts:ğŸ”§ MiniMax configuration status: âœ… Ready
INFO:     127.0.0.1:52174 - "GET /tts-engines-info HTTP/1.1" 200 OK
INFO:     127.0.0.1:52174 - "GET /credentials-status HTTP/1.1" 200 OK
INFO:watchfiles.main:1 change detected
INFO:     127.0.0.1:52174 - "GET / HTTP/1.1" 200 OK
INFO:     127.0.0.1:52174 - "GET /static/css/main.css?v=2 HTTP/1.1" 200 OK
INFO:     127.0.0.1:52178 - "GET /static/css/themes.css?v=2 HTTP/1.1" 200 OK
INFO:     127.0.0.1:52174 - "GET /static/css/components.css?v=2 HTTP/1.1" 200 OK
INFO:     127.0.0.1:52178 - "GET /static/css/responsive.css?v=2 HTTP/1.1" 200 OK
INFO:     127.0.0.1:52174 - "GET /static/js/theme-manager.js HTTP/1.1" 200 OK
INFO:     127.0.0.1:52178 - "GET /static/js/ui-manager.js HTTP/1.1" 200 OK
INFO:     127.0.0.1:52174 - "GET /static/js/session-manager.js HTTP/1.1" 200 OK
INFO:     127.0.0.1:52178 - "GET /static/js/audio-player.js HTTP/1.1" 200 OK
INFO:     127.0.0.1:52174 - "GET /static/js/karaoke-interactions.js HTTP/1.1" 200 OK
INFO:     127.0.0.1:52178 - "GET /static/js/settings-manager.js HTTP/1.1" 200 OK
INFO:minimax_tts:ğŸ”‘ Loading MiniMax credentials...
INFO:minimax_tts:   API Key: âœ… Set
INFO:minimax_tts:   Group ID: âœ… Set
INFO:minimax_tts:   Custom Voice: Not set
INFO:minimax_tts:   Model: speech-02-turbo
INFO:minimax_tts:ğŸ”§ MiniMax configuration status: âœ… Ready
INFO:     127.0.0.1:52178 - "GET /tts-engines-info HTTP/1.1" 200 OK
INFO:     127.0.0.1:52178 - "GET /credentials-status HTTP/1.1" 200 OK
INFO:     127.0.0.1:52178 - "GET /favicon.ico HTTP/1.1" 404 Not Found
INFO:watchfiles.main:1 change detected
INFO:minimax_tts:ğŸ”‘ Loading MiniMax credentials...
INFO:minimax_tts:   API Key: âœ… Set
INFO:minimax_tts:   Group ID: âœ… Set
INFO:minimax_tts:   Custom Voice: Not set
INFO:minimax_tts:   Model: speech-02-turbo
INFO:minimax_tts:ğŸ”§ MiniMax configuration status: âœ… Ready
INFO:minimax_tts:ğŸ¯ MiniMax TTS generation started
INFO:minimax_tts:   Text: 'å°±åƒå¿ƒé‡Œèµ·çš„å°æ³¢æµªï¼Œæ˜¯ä½ çªç„¶æƒ³åˆ°çš„å¿µå¤´'
INFO:minimax_tts:   Voice: male-qn-qingse
INFO:minimax_tts:   Speed: 1.0
INFO:minimax_tts:ğŸ”‘ Loading MiniMax credentials...
INFO:minimax_tts:   API Key: âœ… Set
INFO:minimax_tts:   Group ID: âœ… Set
INFO:minimax_tts:   Custom Voice: Not set
INFO:minimax_tts:   Model: speech-02-turbo
INFO:minimax_tts:ğŸ”§ MiniMax configuration status: âœ… Ready
Traceback (most recent call last):
  File "/mnt/d/FastTTS/main.py", line 643, in _generate_tts_response
    audio_data, word_timings = await tts_engine.generate_speech(text, voice, speed)
                               ^^^^^^^^^^^^^^^^^^^^^^^^^^^^^^^^^^^^^^^^^^^^^^^^^^^^
  File "/mnt/d/FastTTS/tts/minimax_tts_engine.py", line 141, in generate_speech
    cleaned_text = self.clean_text(text)
                   ^^^^^^^^^^^^^^^^^^^^^
  File "/mnt/d/FastTTS/tts/minimax_tts_engine.py", line 427, in clean_text
    text = re.sub(r'[ã€ã€‘\[\]{}ã€Œã€ã€ã€]', '', text)
           ^^
NameError: name 're' is not defined. Did you forget to import 're'
============================================================
ğŸ¯ TTS GENERATION REQUEST STARTED
============================================================
ğŸ“ Form data received:
   Text: 'å°±åƒå¿ƒé‡Œèµ·çš„å°æ³¢æµªï¼Œæ˜¯ä½ çªç„¶æƒ³åˆ°çš„å¿µå¤´'
   Engine: hailuo
   Voice: male-qn-qingse
   Speed: 1
ğŸ¤ Final parameters: engine=hailuo, voice=male-qn-qingse, speed=1Ã—

ğŸ”§ _generate_tts_response called:
   Text: 'å°±åƒå¿ƒé‡Œèµ·çš„å°æ³¢æµªï¼Œæ˜¯ä½ çªç„¶æƒ³åˆ°çš„å¿µå¤´'
   Engine: hailuo
   Voice: male-qn-qingse
   Speed: 1.0
ğŸ­ Creating TTS engine instance for: hailuo
âœ… Engine created: MiniMax Hailuo
ğŸ”§ Engine configuration status: True
ğŸš€ Starting TTS generation with MiniMax Hailuo
============================================================
âŒ TTS GENERATION FAILED
============================================================
Error type: NameError
Error message: name 're' is not defined
Engine: hailuo
Voice: male-qn-qingse
Speed: 1.0
Text: 'å°±åƒå¿ƒé‡Œèµ·çš„å°æ³¢æµªï¼Œæ˜¯ä½ çªç„¶æƒ³åˆ°çš„å¿µå¤´'
Traceback:
============================================================
INFO:     127.0.0.1:52188 - "POST /generate-custom-tts HTTP/1.1" 200 OK
INFO:watchfiles.main:1 change detected
INFO:watchfiles.main:1 change detected
INFO:watchfiles.main:1 change detected
INFO:watchfiles.main:1 change detected
INFO:watchfiles.main:1 change detected
INFO:watchfiles.main:1 change detected
INFO:watchfiles.main:1 change detected
INFO:watchfiles.main:1 change detected
INFO:watchfiles.main:1 change detected
INFO:watchfiles.main:1 change detected
INFO:watchfiles.main:1 change detected
INFO:watchfiles.main:1 change detected
INFO:watchfiles.main:1 change detected
INFO:watchfiles.main:1 change detected
INFO:watchfiles.main:1 change detected
INFO:watchfiles.main:1 change detected
INFO:watchfiles.main:1 change detected
INFO:watchfiles.main:1 change detected
INFO:watchfiles.main:1 change detected
INFO:watchfiles.main:1 change detected
INFO:watchfiles.main:1 change detected
INFO:watchfiles.main:1 change detected
INFO:watchfiles.main:1 change detected
INFO:watchfiles.main:1 change detected
INFO:watchfiles.main:1 change detected
INFO:watchfiles.main:1 change detected
INFO:watchfiles.main:1 change detected
INFO:watchfiles.main:1 change detected
INFO:watchfiles.main:1 change detected
INFO:watchfiles.main:1 change detected
INFO:watchfiles.main:1 change detected
INFO:watchfiles.main:1 change detected
INFO:watchfiles.main:1 change detected
INFO:watchfiles.main:1 change detected
INFO:     127.0.0.1:49332 - "POST /save-credentials HTTP/1.1" 200 OK
INFO:     127.0.0.1:49332 - "GET /credentials-status HTTP/1.1" 200 OK
INFO:minimax_tts:ğŸ”‘ Loading MiniMax credentials...
INFO:minimax_tts:   API Key: âœ… Set
INFO:minimax_tts:   Group ID: âœ… Set
INFO:minimax_tts:   Custom Voice: Not set
INFO:minimax_tts:   Model: speech-02-turbo
INFO:minimax_tts:ğŸ”§ MiniMax configuration status: âœ… Ready
INFO:     127.0.0.1:49332 - "GET /tts-engines-info HTTP/1.1" 200 OK
INFO:     127.0.0.1:49332 - "GET /favicon.ico HTTP/1.1" 404 Not Found
INFO:     127.0.0.1:49332 - "GET /favicon.ico HTTP/1.1" 404 Not Found
INFO:watchfiles.main:2 changes detected
INFO:watchfiles.main:1 change detected
INFO:watchfiles.main:1 change detected
INFO:watchfiles.main:1 change detected
INFO:watchfiles.main:1 change detected
INFO:     127.0.0.1:43480 - "GET /static/css/themes.css?v=2 HTTP/1.1" 200 OK
INFO:     127.0.0.1:43482 - "GET /static/css/components.css?v=2 HTTP/1.1" 200 OK
INFO:     127.0.0.1:43486 - "GET /.well-known/appspecific/com.chrome.devtools.json HTTP/1.1" 404 Not Found
INFO:watchfiles.main:1 change detected
INFO:watchfiles.main:1 change detected
INFO:watchfiles.main:1 change detected
INFO:watchfiles.main:1 change detected
INFO:watchfiles.main:1 change detected
INFO:watchfiles.main:1 change detected
INFO:watchfiles.main:1 change detected
INFO:watchfiles.main:1 change detected
INFO:watchfiles.main:1 change detected
INFO:watchfiles.main:1 change detected
INFO:watchfiles.main:1 change detected
INFO:watchfiles.main:2 changes detected
WARNING:  WatchFiles detected changes in 'tts/minimax_tts_engine.py'. Reloading...
INFO:     Shutting down
INFO:     Waiting for application shutdown.
INFO:     Application shutdown complete.
INFO:     Finished server process [9806]
INFO:     Started server process [10133]
INFO:     Waiting for application startup.
INFO:     Application startup complete.
INFO:watchfiles.main:3 changes detected
INFO:watchfiles.main:1 change detected
INFO:watchfiles.main:1 change detected
INFO:watchfiles.main:1 change detected
INFO:watchfiles.main:1 change detected
INFO:watchfiles.main:1 change detected
INFO:watchfiles.main:1 change detected
INFO:watchfiles.main:1 change detected
INFO:watchfiles.main:1 change detected
INFO:watchfiles.main:2 changes detected
WARNING:  WatchFiles detected changes in 'main.py'. Reloading...
INFO:     Shutting down
INFO:     Waiting for application shutdown.
INFO:     Application shutdown complete.
INFO:     Finished server process [10133]
INFO:     Started server process [10199]
INFO:     Waiting for application startup.
INFO:     Application startup complete.
INFO:watchfiles.main:2 changes detected
INFO:watchfiles.main:1 change detected
INFO:     127.0.0.1:46090 - "GET / HTTP/1.1" 200 OK
INFO:     127.0.0.1:46090 - "GET /static/css/themes.css?v=2 HTTP/1.1" 200 OK
INFO:     127.0.0.1:46090 - "GET /static/css/components.css?v=2 HTTP/1.1" 200 OK
INFO:     127.0.0.1:46090 - "GET /static/js/settings-manager.js HTTP/1.1" 200 OK
INFO:minimax_tts:ğŸ”‘ Loading MiniMax credentials...
INFO:minimax_tts:   API Key: âœ… Set
INFO:minimax_tts:   Group ID: âœ… Set
INFO:minimax_tts:   Custom Voice: Not set
INFO:minimax_tts:   Model: speech-02-turbo
INFO:minimax_tts:ğŸ”‘ Loading MiniMax credentials...
INFO:minimax_tts:   API Key: âœ… Set
INFO:minimax_tts:   Group ID: âœ… Set
INFO:minimax_tts:   Custom Voice: Not set
INFO:minimax_tts:   Model: speech-02-turbo
INFO:minimax_tts:ğŸ”§ MiniMax configuration status: âœ… Ready
INFO:     127.0.0.1:46090 - "GET /tts-engines-info HTTP/1.1" 200 OK
INFO:     127.0.0.1:46090 - "GET /credentials-status HTTP/1.1" 200 OK
INFO:watchfiles.main:1 change detected
INFO:     127.0.0.1:46090 - "GET / HTTP/1.1" 200 OK
INFO:     127.0.0.1:46090 - "GET /static/css/main.css?v=2 HTTP/1.1" 200 OK
INFO:     127.0.0.1:46104 - "GET /static/css/themes.css?v=2 HTTP/1.1" 200 OK
INFO:     127.0.0.1:46112 - "GET /static/css/components.css?v=2 HTTP/1.1" 200 OK
INFO:     127.0.0.1:46122 - "GET /static/css/responsive.css?v=2 HTTP/1.1" 200 OK
INFO:     127.0.0.1:46104 - "GET /static/js/session-manager.js HTTP/1.1" 200 OK
INFO:     127.0.0.1:46090 - "GET /static/js/theme-manager.js HTTP/1.1" 200 OK
INFO:     127.0.0.1:46112 - "GET /static/js/ui-manager.js HTTP/1.1" 200 OK
INFO:     127.0.0.1:46122 - "GET /static/js/audio-player.js HTTP/1.1" 200 OK
INFO:     127.0.0.1:46112 - "GET /static/js/karaoke-interactions.js HTTP/1.1" 200 OK
INFO:     127.0.0.1:46104 - "GET /static/js/settings-manager.js HTTP/1.1" 200 OK
INFO:minimax_tts:ğŸ”‘ Loading MiniMax credentials...
INFO:minimax_tts:   API Key: âœ… Set
INFO:minimax_tts:   Group ID: âœ… Set
INFO:minimax_tts:   Custom Voice: Not set
INFO:minimax_tts:   Model: speech-02-turbo
INFO:minimax_tts:ğŸ”§ MiniMax configuration status: âœ… Ready
INFO:     127.0.0.1:46112 - "GET /tts-engines-info HTTP/1.1" 200 OK
INFO:     127.0.0.1:46112 - "GET /credentials-status HTTP/1.1" 200 OK
INFO:     127.0.0.1:46112 - "GET /favicon.ico HTTP/1.1" 404 Not Found
INFO:watchfiles.main:1 change detected
INFO:watchfiles.main:1 change detected
INFO:watchfiles.main:1 change detected
INFO:watchfiles.main:1 change detected
ğŸ”==================================================
ğŸ’¾ SAVE CREDENTIALS REQUEST
ğŸ”==================================================
ğŸ“ Request data:
   Engine: hailuo
   Credentials keys: ['api_key', 'group_id', 'custom_voice_id', 'model']
   api_key: ***3F7Q
   group_id: 1881950105762796202
   custom_voice_id: 
   model: speech-02-turbo
ğŸ”„ Calling credentials_manager.set_credentials for: hailuo
ğŸ“Š Credentials manager result:
   Success: True
ğŸ”==================================================
INFO:     127.0.0.1:46134 - "POST /save-credentials HTTP/1.1" 200 OK
INFO:     127.0.0.1:46134 - "GET /credentials-status HTTP/1.1" 200 OK
INFO:minimax_tts:ğŸ”‘ Loading MiniMax credentials...
INFO:minimax_tts:   API Key: âœ… Set
INFO:minimax_tts:   Group ID: âœ… Set
INFO:minimax_tts:   Custom Voice: Not set
INFO:minimax_tts:   Model: speech-02-turbo
INFO:minimax_tts:ğŸ”§ MiniMax configuration status: âœ… Ready
INFO:     127.0.0.1:46134 - "GET /tts-engines-info HTTP/1.1" 200 OK
INFO:     127.0.0.1:46134 - "GET /favicon.ico HTTP/1.1" 404 Not Found
INFO:     127.0.0.1:46134 - "GET /favicon.ico HTTP/1.1" 404 Not Found
INFO:watchfiles.main:2 changes detected
INFO:watchfiles.main:1 change detected
INFO:     127.0.0.1:46142 - "GET /load-session/20250618_210300 HTTP/1.1" 200 OK
ğŸ¯ Word interaction received: hover-enter on 'é‡' (word-19)
ğŸ“Š Processing hover-enter for word 'é‡' at position 19
INFO:     127.0.0.1:46142 - "POST /word-interaction HTTP/1.1" 200 OK
ğŸ¯ Word interaction received: hover-enter on 'å†œ' (word-20)
ğŸ“Š Processing hover-enter for word 'å†œ' at position 20
INFO:     127.0.0.1:46142 - "POST /word-interaction HTTP/1.1" 200 OK
ğŸ¯ Word interaction received: hover-enter on 'ä¸ä¼š' (word-29)
ğŸ“Š Processing hover-enter for word 'ä¸ä¼š' at position 29
INFO:     127.0.0.1:46142 - "POST /word-interaction HTTP/1.1" 200 OK
ğŸ¯ Word interaction received: hover-enter on 'å¨èƒ' (word-30)
ğŸ“Š Processing hover-enter for word 'å¨èƒ' at position 30
INFO:     127.0.0.1:46142 - "POST /word-interaction HTTP/1.1" 200 OK
ğŸ¯ Word interaction received: hover-enter on 'æ ¹åŸº' (word-39)
ğŸ“Š Processing hover-enter for word 'æ ¹åŸº' at position 39
INFO:     127.0.0.1:46142 - "POST /word-interaction HTTP/1.1" 200 OK
ğŸ¯ Word interaction received: hover-enter on 'å•†ä¸š' (word-40)
ğŸ“Š Processing hover-enter for word 'å•†ä¸š' at position 40
INFO:     127.0.0.1:46142 - "POST /word-interaction HTTP/1.1" 200 OK
ğŸ¯ Word interaction received: hover-enter on 'åˆ™' (word-41)
ğŸ“Š Processing hover-enter for word 'åˆ™' at position 41
INFO:     127.0.0.1:46142 - "POST /word-interaction HTTP/1.1" 200 OK
ğŸ¯ Word interaction received: hover-enter on 'æˆä¸º' (word-42)
ğŸ“Š Processing hover-enter for word 'æˆä¸º' at position 42
INFO:     127.0.0.1:46142 - "POST /word-interaction HTTP/1.1" 200 OK
ğŸ¯ Word interaction received: hover-enter on 'å…¶' (word-32)
ğŸ“Š Processing hover-enter for word 'å…¶' at position 32
INFO:     127.0.0.1:46142 - "POST /word-interaction HTTP/1.1" 200 OK
ğŸ¯ Word interaction received: hover-enter on 'åˆ°' (word-31)
ğŸ“Š Processing hover-enter for word 'åˆ°' at position 31
INFO:     127.0.0.1:46142 - "POST /word-interaction HTTP/1.1" 200 OK
ğŸ¯ Word interaction received: hover-enter on 'çš„' (word-23)
ğŸ“Š Processing hover-enter for word 'çš„' at position 23
INFO:     127.0.0.1:46142 - "POST /word-interaction HTTP/1.1" 200 OK
ğŸ¯ Word interaction received: hover-enter on 'å•†' (word-22)
ğŸ“Š Processing hover-enter for word 'å•†' at position 22
INFO:     127.0.0.1:46142 - "POST /word-interaction HTTP/1.1" 200 OK
ğŸ¯ Word interaction received: hover-enter on 'æŠ‘' (word-21)
ğŸ“Š Processing hover-enter for word 'æŠ‘' at position 21
INFO:     127.0.0.1:46142 - "POST /word-interaction HTTP/1.1" 200 OK
ğŸ¯ Word interaction received: hover-enter on 'å†œ' (word-20)
ğŸ“Š Processing hover-enter for word 'å†œ' at position 20
INFO:     127.0.0.1:46142 - "POST /word-interaction HTTP/1.1" 200 OK
ğŸ¯ Word interaction received: hover-enter on 'é‡' (word-19)
ğŸ“Š Processing hover-enter for word 'é‡' at position 19
INFO:     127.0.0.1:46142 - "POST /word-interaction HTTP/1.1" 200 OK
ğŸ¯ Word interaction received: hover-enter on 'é‡' (word-19)
ğŸ“Š Processing hover-enter for word 'é‡' at position 19
INFO:     127.0.0.1:46142 - "POST /word-interaction HTTP/1.1" 200 OK
ğŸ¯ Word interaction received: hover-enter on 'ç»æµ' (word-27)
ğŸ“Š Processing hover-enter for word 'ç»æµ' at position 27
INFO:     127.0.0.1:46142 - "POST /word-interaction HTTP/1.1" 200 OK
ğŸ¯ Word interaction received: hover-enter on 'æ´»åŠ¨' (word-28)
ğŸ“Š Processing hover-enter for word 'æ´»åŠ¨' at position 28
INFO:     127.0.0.1:46142 - "POST /word-interaction HTTP/1.1" 200 OK
ğŸ¯ Word interaction received: hover-enter on 'ä¸ä¼š' (word-29)
ğŸ“Š Processing hover-enter for word 'ä¸ä¼š' at position 29
INFO:     127.0.0.1:46142 - "POST /word-interaction HTTP/1.1" 200 OK
ğŸ¯ Word interaction received: hover-enter on 'å¨èƒ' (word-30)
ğŸ“Š Processing hover-enter for word 'å¨èƒ' at position 30
INFO:     127.0.0.1:46142 - "POST /word-interaction HTTP/1.1" 200 OK
ğŸ¯ Word interaction received: hover-enter on 'å†ä»£' (word-15)
ğŸ“Š Processing hover-enter for word 'å†ä»£' at position 15
INFO:     127.0.0.1:46142 - "POST /word-interaction HTTP/1.1" 200 OK
ğŸ¯ Word interaction received: hover-enter on 'è‡ªç”±' (word-14)
ğŸ“Š Processing hover-enter for word 'è‡ªç”±' at position 14
INFO:     127.0.0.1:46142 - "POST /word-interaction HTTP/1.1" 200 OK
ğŸ¯ Word interaction received: hover-enter on 'çš„' (word-4)
ğŸ“Š Processing hover-enter for word 'çš„' at position 4
INFO:     127.0.0.1:46142 - "POST /word-interaction HTTP/1.1" 200 OK
ğŸ¯ Word interaction received: hover-enter on 'äºº' (word-3)
ğŸ“Š Processing hover-enter for word 'äºº' at position 3
INFO:     127.0.0.1:46142 - "POST /word-interaction HTTP/1.1" 200 OK
ğŸ¯ Word interaction received: hover-enter on 'æ§åˆ¶' (word-2)
ğŸ“Š Processing hover-enter for word 'æ§åˆ¶' at position 2
INFO:     127.0.0.1:46142 - "POST /word-interaction HTTP/1.1" 200 OK
INFO:watchfiles.main:1 change detected
INFO:watchfiles.main:1 change detected
INFO:watchfiles.main:1 change detected
INFO:watchfiles.main:1 change detected
INFO:minimax_tts:ğŸ”‘ Loading MiniMax credentials...
INFO:minimax_tts:   API Key: âœ… Set
INFO:minimax_tts:   Group ID: âœ… Set
INFO:minimax_tts:   Custom Voice: Not set
INFO:minimax_tts:   Model: speech-02-turbo
INFO:minimax_tts:ğŸ”§ MiniMax configuration status: âœ… Ready
INFO:minimax_tts:ğŸ¯ MiniMax TTS generation started
INFO:minimax_tts:   Text: 'åªæœ‰äº†è§£å½¼æ­¤çš„å¤æ‚'
INFO:minimax_tts:   Voice: male-qn-qingse
INFO:minimax_tts:   Speed: 1.0
INFO:minimax_tts:ğŸ”‘ Loading MiniMax credentials...
INFO:minimax_tts:   API Key: âœ… Set
INFO:minimax_tts:   Group ID: âœ… Set
INFO:minimax_tts:   Custom Voice: Not set
INFO:minimax_tts:   Model: speech-02-turbo
INFO:minimax_tts:ğŸ”§ MiniMax configuration status: âœ… Ready
INFO:minimax_tts:   Cleaned text: 'åªæœ‰äº†è§£å½¼æ­¤çš„å¤æ‚'
INFO:minimax_tts:ğŸ”„ Calling MiniMax API...
INFO:minimax_tts:ğŸ“ API Request Details:
INFO:minimax_tts:   URL: https://api.minimax.io/v1/t2a_v2?GroupId=1881950105762796202
INFO:minimax_tts:   Model: speech-02-turbo
INFO:minimax_tts:   Voice: male-qn-qingse (requested: male-qn-qingse)
INFO:minimax_tts:   Speed: 1.0
INFO:minimax_tts:   Text length: 9 characters
INFO:minimax_tts:ğŸ”„ Sending request to MiniMax API...
INFO:minimax_tts:ğŸ“Š Response received in 1.42s
INFO:minimax_tts:   Status code: 200
INFO:minimax_tts:   Response size: 98 bytes
DEBUG:minimax_tts:ğŸ“‹ API Response structure: ['base_resp']
INFO:minimax_tts:   API Status: 2013 - invalid params, model does not support subtitles
ERROR:minimax_tts:âŒ MiniMax API error: invalid params, model does not support subtitles
ERROR:minimax_tts:âŒ TTS generation failed: MiniMax API error: invalid params, model does not support subtitles
ERROR:minimax_tts:âŒ MiniMax TTS generation failed: MiniMax TTS generation failed: MiniMax API error: invalid params, model does not support subtitles
Traceback (most recent call last):
  File "/mnt/d/FastTTS/tts/minimax_tts_engine.py", line 238, in _call_minimax_api
    raise RuntimeError(f"MiniMax API error: {error_msg}")
RuntimeError: MiniMax API error: invalid params, model does not support subtitles

During handling of the above exception, another exception occurred:

Traceback (most recent call last):
  File "/mnt/d/FastTTS/main.py", line 643, in _generate_tts_response
    audio_data, word_timings = await tts_engine.generate_speech(text, voice, speed)
                               ^^^^^^^^^^^^^^^^^^^^^^^^^^^^^^^^^^^^^^^^^^^^^^^^^^^^
  File "/mnt/d/FastTTS/tts/minimax_tts_engine.py", line 151, in generate_speech
    audio_bytes, sentence_timings = await self._call_minimax_api(cleaned_text, voice, speed)
                                    ^^^^^^^^^^^^^^^^^^^^^^^^^^^^^^^^^^^^^^^^^^^^^^^^^^^^^^^^
  File "/mnt/d/FastTTS/tts/minimax_tts_engine.py", line 268, in _call_minimax_api
    raise RuntimeError(f"MiniMax TTS generation failed: {str(e)}")
RuntimeError: MiniMax TTS generation failed: MiniMax API error: invalid params, model does not support subtitles
============================================================
ğŸ¯ TTS GENERATION REQUEST STARTED
============================================================
ğŸ“ Form data received:
   Text: 'åªæœ‰äº†è§£å½¼æ­¤çš„å¤æ‚'
   Engine: hailuo
   Voice: male-qn-qingse
   Speed: 1
ğŸ¤ Final parameters: engine=hailuo, voice=male-qn-qingse, speed=1Ã—

ğŸ”§ _generate_tts_response called:
   Text: 'åªæœ‰äº†è§£å½¼æ­¤çš„å¤æ‚'
   Engine: hailuo
   Voice: male-qn-qingse
   Speed: 1.0
ğŸ­ Creating TTS engine instance for: hailuo
âœ… Engine created: MiniMax Hailuo
ğŸ”§ Engine configuration status: True
ğŸš€ Starting TTS generation with MiniMax Hailuo
============================================================
âŒ TTS GENERATION FAILED
============================================================
Error type: RuntimeError
Error message: MiniMax TTS generation failed: MiniMax API error: invalid params, model does not support subtitles
Engine: hailuo
Voice: male-qn-qingse
Speed: 1.0
Text: 'åªæœ‰äº†è§£å½¼æ­¤çš„å¤æ‚'
Traceback:
============================================================
INFO:     127.0.0.1:51516 - "POST /generate-custom-tts HTTP/1.1" 200 OK
INFO:     127.0.0.1:51516 - "GET /.well-known/appspecific/com.chrome.devtools.json HTTP/1.1" 404 Not Found
INFO:watchfiles.main:1 change detected
INFO:watchfiles.main:1 change detected
INFO:watchfiles.main:1 change detected
INFO:watchfiles.main:1 change detected
INFO:watchfiles.main:1 change detected
INFO:watchfiles.main:1 change detected
INFO:watchfiles.main:1 change detected
INFO:watchfiles.main:1 change detected
INFO:watchfiles.main:1 change detected
INFO:watchfiles.main:1 change detected
INFO:watchfiles.main:1 change detected
INFO:watchfiles.main:1 change detected
INFO:watchfiles.main:1 change detected
INFO:watchfiles.main:2 changes detected
INFO:     127.0.0.1:40120 - "GET / HTTP/1.1" 200 OK
INFO:     127.0.0.1:40120 - "GET /static/css/components.css?v=2 HTTP/1.1" 200 OK
INFO:minimax_tts:ğŸ”‘ Loading MiniMax credentials...
INFO:minimax_tts:   API Key: âœ… Set
INFO:minimax_tts:   Group ID: âœ… Set
INFO:minimax_tts:   Custom Voice: Not set
INFO:minimax_tts:   Model: speech-02-turbo
INFO:minimax_tts:ğŸ”§ MiniMax configuration status: âœ… Ready
INFO:     127.0.0.1:40120 - "GET /tts-engines-info HTTP/1.1" 200 OK
INFO:     127.0.0.1:40120 - "GET /credentials-status HTTP/1.1" 200 OK
INFO:     127.0.0.1:40120 - "GET /load-session/20250618_200050 HTTP/1.1" 200 OK
INFO:watchfiles.main:1 change detected
INFO:minimax_tts:ğŸ”‘ Loading MiniMax credentials...
INFO:minimax_tts:   API Key: âœ… Set
INFO:minimax_tts:   Group ID: âœ… Set
INFO:minimax_tts:   Custom Voice: Not set
INFO:minimax_tts:   Model: speech-02-turbo
INFO:minimax_tts:ğŸ”§ MiniMax configuration status: âœ… Ready
INFO:minimax_tts:ğŸ¯ MiniMax TTS generation started
INFO:minimax_tts:   Text: 'ç¾å›½çš„èµ„æœ¬ä¹Ÿåœ¨æš—æˆ³æˆ³çš„å¹²è¿™äº‹ã€‚'
INFO:minimax_tts:   Voice: male-qn-qingse
INFO:minimax_tts:   Speed: 1.0
INFO:minimax_tts:ğŸ”‘ Loading MiniMax credentials...
INFO:minimax_tts:   API Key: âœ… Set
INFO:minimax_tts:   Group ID: âœ… Set
INFO:minimax_tts:   Custom Voice: Not set
INFO:minimax_tts:   Model: speech-02-turbo
INFO:minimax_tts:ğŸ”§ MiniMax configuration status: âœ… Ready
INFO:minimax_tts:   Cleaned text: 'ç¾å›½çš„èµ„æœ¬ä¹Ÿåœ¨æš—æˆ³æˆ³çš„å¹²è¿™äº‹ã€‚'
INFO:minimax_tts:ğŸ”„ Calling MiniMax API...
INFO:minimax_tts:ğŸ“ API Request Details:
INFO:minimax_tts:   URL: https://api.minimax.io/v1/t2a_v2?GroupId=1881950105762796202
INFO:minimax_tts:   Model: speech-02-turbo
INFO:minimax_tts:   Voice: male-qn-qingse (requested: male-qn-qingse)
INFO:minimax_tts:   Speed: 1.0
INFO:minimax_tts:   Text length: 15 characters
INFO:minimax_tts:ğŸ”„ Sending request to MiniMax API...
INFO:minimax_tts:ğŸ“Š Response received in 1.10s
INFO:minimax_tts:   Status code: 200
INFO:minimax_tts:   Response size: 98 bytes
DEBUG:minimax_tts:ğŸ“‹ API Response structure: ['base_resp']
INFO:minimax_tts:   API Status: 2013 - invalid params, model does not support subtitles
ERROR:minimax_tts:âŒ MiniMax API error: invalid params, model does not support subtitles
ERROR:minimax_tts:âŒ TTS generation failed: MiniMax API error: invalid params, model does not support subtitles
ERROR:minimax_tts:âŒ MiniMax TTS generation failed: MiniMax TTS generation failed: MiniMax API error: invalid params, model does not support subtitles
Traceback (most recent call last):
  File "/mnt/d/FastTTS/tts/minimax_tts_engine.py", line 238, in _call_minimax_api
    raise RuntimeError(f"MiniMax API error: {error_msg}")
RuntimeError: MiniMax API error: invalid params, model does not support subtitles

During handling of the above exception, another exception occurred:

Traceback (most recent call last):
  File "/mnt/d/FastTTS/main.py", line 643, in _generate_tts_response
    audio_data, word_timings = await tts_engine.generate_speech(text, voice, speed)
                               ^^^^^^^^^^^^^^^^^^^^^^^^^^^^^^^^^^^^^^^^^^^^^^^^^^^^
  File "/mnt/d/FastTTS/tts/minimax_tts_engine.py", line 151, in generate_speech
    audio_bytes, sentence_timings = await self._call_minimax_api(cleaned_text, voice, speed)
                                    ^^^^^^^^^^^^^^^^^^^^^^^^^^^^^^^^^^^^^^^^^^^^^^^^^^^^^^^^
  File "/mnt/d/FastTTS/tts/minimax_tts_engine.py", line 268, in _call_minimax_api
    raise RuntimeError(f"MiniMax TTS generation failed: {str(e)}")
RuntimeError: MiniMax TTS generation failed: MiniMax API error: invalid params, model does not support subtitles
============================================================
ğŸ¯ TTS GENERATION REQUEST STARTED
============================================================
ğŸ“ Form data received:
   Text: 'ç¾å›½çš„èµ„æœ¬ä¹Ÿåœ¨æš—æˆ³æˆ³çš„å¹²è¿™äº‹ã€‚'
   Engine: hailuo
   Voice: male-qn-qingse
   Speed: 1
ğŸ¤ Final parameters: engine=hailuo, voice=male-qn-qingse, speed=1Ã—

ğŸ”§ _generate_tts_response called:
   Text: 'ç¾å›½çš„èµ„æœ¬ä¹Ÿåœ¨æš—æˆ³æˆ³çš„å¹²è¿™äº‹ã€‚'
   Engine: hailuo
   Voice: male-qn-qingse
   Speed: 1.0
ğŸ­ Creating TTS engine instance for: hailuo
âœ… Engine created: MiniMax Hailuo
ğŸ”§ Engine configuration status: True
ğŸš€ Starting TTS generation with MiniMax Hailuo
============================================================
âŒ TTS GENERATION FAILED
============================================================
Error type: RuntimeError
Error message: MiniMax TTS generation failed: MiniMax API error: invalid params, model does not support subtitles
Engine: hailuo
Voice: male-qn-qingse
Speed: 1.0
Text: 'ç¾å›½çš„èµ„æœ¬ä¹Ÿåœ¨æš—æˆ³æˆ³çš„å¹²è¿™äº‹ã€‚'
Traceback:
============================================================
INFO:     127.0.0.1:40120 - "POST /generate-custom-tts HTTP/1.1" 200 OK
INFO:watchfiles.main:1 change detected
ğŸ¯ Word interaction received: hover-enter on 'è¿™' (word-10)
ğŸ“Š Processing hover-enter for word 'è¿™' at position 10
INFO:     127.0.0.1:40120 - "POST /word-interaction HTTP/1.1" 200 OK
INFO:watchfiles.main:1 change detected
INFO:     127.0.0.1:40120 - "GET /.well-known/appspecific/com.chrome.devtools.json HTTP/1.1" 404 Not Found
INFO:watchfiles.main:1 change detected
INFO:watchfiles.main:1 change detected
INFO:watchfiles.main:1 change detected
INFO:watchfiles.main:1 change detected
INFO:watchfiles.main:1 change detected
INFO:watchfiles.main:1 change detected
INFO:watchfiles.main:1 change detected
INFO:watchfiles.main:1 change detected
INFO:watchfiles.main:1 change detected
INFO:watchfiles.main:1 change detected
INFO:watchfiles.main:1 change detected
INFO:watchfiles.main:1 change detected
INFO:watchfiles.main:1 change detected
INFO:watchfiles.main:1 change detected
INFO:watchfiles.main:1 change detected
INFO:watchfiles.main:1 change detected
INFO:watchfiles.main:1 change detected
INFO:watchfiles.main:1 change detected
INFO:watchfiles.main:1 change detected
INFO:watchfiles.main:1 change detected
INFO:watchfiles.main:1 change detected
INFO:watchfiles.main:1 change detected
INFO:watchfiles.main:1 change detected
INFO:watchfiles.main:1 change detected
INFO:watchfiles.main:2 changes detected
WARNING:  WatchFiles detected changes in 'tts/minimax_tts_engine.py'. Reloading...
INFO:     Shutting down
INFO:     Waiting for application shutdown.
INFO:     Application shutdown complete.
INFO:     Finished server process [10199]
INFO:     Started server process [10332]
INFO:     Waiting for application startup.
INFO:     Application startup complete.
INFO:watchfiles.main:3 changes detected
INFO:watchfiles.main:2 changes detected
WARNING:  WatchFiles detected changes in 'tts/minimax_tts_engine.py'. Reloading...
INFO:     Shutting down
INFO:     Waiting for application shutdown.
INFO:     Application shutdown complete.
INFO:     Finished server process [10332]
INFO:     Started server process [10334]
INFO:     Waiting for application startup.
INFO:     Application startup complete.
INFO:watchfiles.main:3 changes detected
INFO:watchfiles.main:2 changes detected
WARNING:  WatchFiles detected changes in 'tts/minimax_tts_engine.py'. Reloading...
INFO:     Shutting down
INFO:     Waiting for application shutdown.
INFO:     Application shutdown complete.
INFO:     Finished server process [10334]
INFO:     Started server process [10336]
INFO:     Waiting for application startup.
INFO:     Application startup complete.
INFO:watchfiles.main:3 changes detected
INFO:watchfiles.main:1 change detected
INFO:watchfiles.main:2 changes detected
INFO:watchfiles.main:2 changes detected
INFO:watchfiles.main:1 change detected
INFO:watchfiles.main:1 change detected
INFO:watchfiles.main:1 change detected
INFO:watchfiles.main:1 change detected
INFO:watchfiles.main:1 change detected
INFO:watchfiles.main:1 change detected
INFO:watchfiles.main:1 change detected
INFO:watchfiles.main:1 change detected
INFO:     127.0.0.1:56218 - "GET / HTTP/1.1" 200 OK
INFO:     127.0.0.1:56218 - "GET /static/css/themes.css?v=2 HTTP/1.1" 200 OK
INFO:     127.0.0.1:56218 - "GET /static/css/components.css?v=2 HTTP/1.1" 200 OK
INFO:     127.0.0.1:56218 - "GET /static/js/settings-manager.js HTTP/1.1" 200 OK
INFO:minimax_tts:ğŸ”‘ Loading MiniMax credentials...
INFO:minimax_tts:   API Key: âœ… Set
INFO:minimax_tts:   Group ID: âœ… Set
INFO:minimax_tts:   Custom Voice: Not set
INFO:minimax_tts:   Model: speech-02-turbo
INFO:minimax_tts:ğŸ”‘ Loading MiniMax credentials...
INFO:minimax_tts:   API Key: âœ… Set
INFO:minimax_tts:   Group ID: âœ… Set
INFO:minimax_tts:   Custom Voice: Not set
INFO:minimax_tts:   Model: speech-02-turbo
INFO:minimax_tts:ğŸ”§ MiniMax configuration status: âœ… Ready
INFO:     127.0.0.1:56218 - "GET /tts-engines-info HTTP/1.1" 200 OK
INFO:     127.0.0.1:56218 - "GET /credentials-status HTTP/1.1" 200 OK
INFO:     127.0.0.1:56218 - "GET / HTTP/1.1" 200 OK
INFO:     127.0.0.1:56218 - "GET /static/css/main.css?v=2 HTTP/1.1" 200 OK
INFO:     127.0.0.1:56242 - "GET /static/css/responsive.css?v=2 HTTP/1.1" 200 OK
INFO:     127.0.0.1:56226 - "GET /static/css/themes.css?v=2 HTTP/1.1" 200 OK
INFO:     127.0.0.1:56230 - "GET /static/css/components.css?v=2 HTTP/1.1" 200 OK
INFO:     127.0.0.1:56218 - "GET /static/js/theme-manager.js HTTP/1.1" 200 OK
INFO:     127.0.0.1:56242 - "GET /static/js/ui-manager.js HTTP/1.1" 200 OK
INFO:     127.0.0.1:56226 - "GET /static/js/audio-player.js HTTP/1.1" 200 OK
INFO:     127.0.0.1:56230 - "GET /static/js/session-manager.js HTTP/1.1" 200 OK
INFO:     127.0.0.1:56218 - "GET /static/js/karaoke-interactions.js HTTP/1.1" 200 OK
INFO:     127.0.0.1:56230 - "GET /static/js/settings-manager.js HTTP/1.1" 200 OK
INFO:minimax_tts:ğŸ”‘ Loading MiniMax credentials...
INFO:minimax_tts:   API Key: âœ… Set
INFO:minimax_tts:   Group ID: âœ… Set
INFO:minimax_tts:   Custom Voice: Not set
INFO:minimax_tts:   Model: speech-02-turbo
INFO:minimax_tts:ğŸ”§ MiniMax configuration status: âœ… Ready
INFO:     127.0.0.1:56230 - "GET /tts-engines-info HTTP/1.1" 200 OK
INFO:watchfiles.main:1 change detected
INFO:     127.0.0.1:56230 - "GET /credentials-status HTTP/1.1" 200 OK
INFO:     127.0.0.1:56230 - "GET /favicon.ico HTTP/1.1" 404 Not Found
ğŸ”==================================================
ğŸ’¾ SAVE CREDENTIALS REQUEST
ğŸ”==================================================
ğŸ“ Request data:
   Engine: hailuo
   Credentials keys: ['api_key', 'group_id', 'custom_voice_id', 'model']
   api_key: ***3F7Q
   group_id: 1881950105762796202
   custom_voice_id: moss_audio_4dc076ac-da6d-11ef-bd8d-f27a76fcd434
   model: speech-02-turbo
ğŸ”„ Calling credentials_manager.set_credentials for: hailuo
ğŸ“Š Credentials manager result:
   Success: True
ğŸ”==================================================
INFO:     127.0.0.1:56258 - "POST /save-credentials HTTP/1.1" 200 OK
INFO:     127.0.0.1:56258 - "GET /credentials-status HTTP/1.1" 200 OK
INFO:minimax_tts:ğŸ”‘ Loading MiniMax credentials...
INFO:minimax_tts:   API Key: âœ… Set
INFO:minimax_tts:   Group ID: âœ… Set
INFO:minimax_tts:   Custom Voice: moss_audio_4dc076ac-da6d-11ef-bd8d-f27a76fcd434
INFO:minimax_tts:   Model: speech-02-turbo
INFO:minimax_tts:ğŸ¯ Custom voice updated: moss_audio_4dc076ac-da6d-11ef-bd8d-f27a76fcd434
INFO:minimax_tts:ğŸ”§ MiniMax configuration status: âœ… Ready
INFO:     127.0.0.1:56258 - "GET /tts-engines-info HTTP/1.1" 200 OK
INFO:     127.0.0.1:56258 - "GET /favicon.ico HTTP/1.1" 404 Not Found
INFO:     127.0.0.1:56258 - "GET /favicon.ico HTTP/1.1" 404 Not Found
INFO:watchfiles.main:2 changes detected
INFO:watchfiles.main:1 change detected
INFO:watchfiles.main:1 change detected
INFO:watchfiles.main:1 change detected
INFO:watchfiles.main:1 change detected
INFO:watchfiles.main:1 change detected
INFO:watchfiles.main:1 change detected
INFO:watchfiles.main:1 change detected
INFO:watchfiles.main:1 change detected
INFO:watchfiles.main:1 change detected
INFO:minimax_tts:ğŸ”‘ Loading MiniMax credentials...
INFO:minimax_tts:   API Key: âœ… Set
INFO:minimax_tts:   Group ID: âœ… Set
INFO:minimax_tts:   Custom Voice: moss_audio_4dc076ac-da6d-11ef-bd8d-f27a76fcd434
INFO:minimax_tts:   Model: speech-02-turbo
INFO:minimax_tts:ğŸ¯ Custom voice updated: moss_audio_4dc076ac-da6d-11ef-bd8d-f27a76fcd434
INFO:minimax_tts:ğŸ”§ MiniMax configuration status: âœ… Ready
INFO:minimax_tts:ğŸ¯ MiniMax TTS generation started
INFO:minimax_tts:   Text: 'å°±åƒå¿ƒé‡Œèµ·çš„å°æ³¢æµªï¼Œæ˜¯ä½ çªç„¶æƒ³åˆ°çš„å¿µå¤´'
INFO:minimax_tts:   Voice: moss_audio_4dc076ac-da6d-11ef-bd8d-f27a76fcd434
INFO:minimax_tts:   Speed: 1.0
INFO:minimax_tts:ğŸ”‘ Loading MiniMax credentials...
INFO:minimax_tts:   API Key: âœ… Set
INFO:minimax_tts:   Group ID: âœ… Set
INFO:minimax_tts:   Custom Voice: moss_audio_4dc076ac-da6d-11ef-bd8d-f27a76fcd434
INFO:minimax_tts:   Model: speech-02-turbo
INFO:minimax_tts:ğŸ¯ Custom voice updated: moss_audio_4dc076ac-da6d-11ef-bd8d-f27a76fcd434
INFO:minimax_tts:ğŸ”§ MiniMax configuration status: âœ… Ready
INFO:minimax_tts:   Cleaned text: 'å°±åƒå¿ƒé‡Œèµ·çš„å°æ³¢æµªï¼Œæ˜¯ä½ çªç„¶æƒ³åˆ°çš„å¿µå¤´'
INFO:minimax_tts:ğŸ”„ Calling MiniMax API...
INFO:minimax_tts:ğŸ¯ Using custom voice: moss_audio_4dc076ac-da6d-11ef-bd8d-f27a76fcd434
INFO:minimax_tts:ğŸ“ API Request Details:
INFO:minimax_tts:   URL: https://api.minimax.io/v1/t2a_v2?GroupId=1881950105762796202
INFO:minimax_tts:   Model: speech-02-turbo
INFO:minimax_tts:   Voice: moss_audio_4dc076ac-da6d-11ef-bd8d-f27a76fcd434 (requested: moss_audio_4dc076ac-da6d-11ef-bd8d-f27a76fcd434)
INFO:minimax_tts:   Speed: 1.0
INFO:minimax_tts:   Text length: 19 characters
WARNING:minimax_tts:âš ï¸ Model speech-02-turbo does not support subtitles - using duration estimation
INFO:minimax_tts:ğŸ”„ Sending request to MiniMax API...
INFO:minimax_tts:ğŸ“Š Response received in 2.71s
INFO:minimax_tts:   Status code: 200
INFO:minimax_tts:   Response size: 151476 bytes
DEBUG:minimax_tts:ğŸ“‹ API Response structure: ['data', 'extra_info', 'trace_id', 'base_resp']
INFO:minimax_tts:   API Status: 0 - success
INFO:minimax_tts:âœ… Audio extracted: 75566 bytes
WARNING:minimax_tts:âš ï¸ No subtitle file provided by API
INFO:minimax_tts:âœ… Audio generated successfully (75566 bytes)
INFO:minimax_tts:   Sentence timings: 0 segments
INFO:minimax_tts:ğŸ”„ Extracting word-level timings...
INFO:minimax_tts:âœ… Generated 18 word timings
============================================================
ğŸ¯ TTS GENERATION REQUEST STARTED
============================================================
ğŸ“ Form data received:
   Text: 'å°±åƒå¿ƒé‡Œèµ·çš„å°æ³¢æµªï¼Œæ˜¯ä½ çªç„¶æƒ³åˆ°çš„å¿µå¤´'
   Engine: hailuo
   Voice: moss_audio_4dc076ac-da6d-11ef-bd8d-f27a76fcd434
   Speed: 1
ğŸ¤ Final parameters: engine=hailuo, voice=moss_audio_4dc076ac-da6d-11ef-bd8d-f27a76fcd434, speed=1Ã—

ğŸ”§ _generate_tts_response called:
   Text: 'å°±åƒå¿ƒé‡Œèµ·çš„å°æ³¢æµªï¼Œæ˜¯ä½ çªç„¶æƒ³åˆ°çš„å¿µå¤´'
   Engine: hailuo
   Voice: moss_audio_4dc076ac-da6d-11ef-bd8d-f27a76fcd434
   Speed: 1.0
ğŸ­ Creating TTS engine instance for: hailuo
âœ… Engine created: MiniMax Hailuo
ğŸ”§ Engine configuration status: True
ğŸš€ Starting TTS generation with MiniMax Hailuo
âš ï¸ MFA not available, falling back to duration estimation
âœ… TTS generation completed!
   Audio size: 75566 bytes
   Word timings: 18 entries
INFO:     127.0.0.1:50678 - "POST /generate-custom-tts HTTP/1.1" 200 OK
INFO:     127.0.0.1:50678 - "GET /.well-known/appspecific/com.chrome.devtools.json HTTP/1.1" 404 Not Found
INFO:watchfiles.main:6 changes detected
ğŸ¯ Word interaction received: hover-enter on 'æƒ³' (word-13)
ğŸ“Š Processing hover-enter for word 'æƒ³' at position 13
INFO:     127.0.0.1:50678 - "POST /word-interaction HTTP/1.1" 200 OK
ğŸ¯ Word interaction received: hover-enter on 'ç„¶' (word-12)
ğŸ“Š Processing hover-enter for word 'ç„¶' at position 12
INFO:     127.0.0.1:50678 - "POST /word-interaction HTTP/1.1" 200 OK
ğŸ¯ Word interaction received: hover-enter on 'å¿ƒ' (word-2)
ğŸ“Š Processing hover-enter for word 'å¿ƒ' at position 2
INFO:     127.0.0.1:50678 - "POST /word-interaction HTTP/1.1" 200 OK
ğŸ¯ Word interaction received: hover-enter on 'åƒ' (word-1)
ğŸ“Š Processing hover-enter for word 'åƒ' at position 1
INFO:     127.0.0.1:50678 - "POST /word-interaction HTTP/1.1" 200 OK
INFO:watchfiles.main:1 change detected
INFO:     127.0.0.1:50678 - "GET /favicon.ico HTTP/1.1" 404 Not Found
ğŸ¯ Word interaction received: hover-enter on 'èµ·' (word-4)
ğŸ“Š Processing hover-enter for word 'èµ·' at position 4
INFO:     127.0.0.1:50678 - "POST /word-interaction HTTP/1.1" 200 OK
ğŸ¯ Word interaction received: hover-enter on 'åˆ°' (word-14)
ğŸ“Š Processing hover-enter for word 'åˆ°' at position 14
INFO:     127.0.0.1:50678 - "POST /word-interaction HTTP/1.1" 200 OK
INFO:watchfiles.main:1 change detected
ğŸ¯ Word interaction received: hover-enter on 'çš„' (word-5)
ğŸ“Š Processing hover-enter for word 'çš„' at position 5
INFO:     127.0.0.1:50384 - "POST /word-interaction HTTP/1.1" 200 OK
ğŸ¯ Word interaction received: hover-enter on 'åˆ°' (word-14)
ğŸ“Š Processing hover-enter for word 'åˆ°' at position 14
INFO:     127.0.0.1:50384 - "POST /word-interaction HTTP/1.1" 200 OK
ğŸ¯ Word interaction received: hover-enter on 'çš„' (word-15)
ğŸ“Š Processing hover-enter for word 'çš„' at position 15
INFO:     127.0.0.1:50384 - "POST /word-interaction HTTP/1.1" 200 OK
ğŸ¯ Word interaction received: hover-enter on 'çš„' (word-15)
ğŸ“Š Processing hover-enter for word 'çš„' at position 15
INFO:     127.0.0.1:50384 - "POST /word-interaction HTTP/1.1" 200 OK
ğŸ¯ Word interaction received: hover-enter on 'åˆ°' (word-14)
ğŸ“Š Processing hover-enter for word 'åˆ°' at position 14
INFO:     127.0.0.1:50384 - "POST /word-interaction HTTP/1.1" 200 OK
INFO:watchfiles.main:1 change detected
ğŸ¯ Word interaction received: hover-enter on 'èµ·' (word-4)
ğŸ“Š Processing hover-enter for word 'èµ·' at position 4
INFO:     127.0.0.1:50384 - "POST /word-interaction HTTP/1.1" 200 OK
ğŸ¯ Word interaction received: hover-enter on 'é‡Œ' (word-3)
ğŸ“Š Processing hover-enter for word 'é‡Œ' at position 3
INFO:     127.0.0.1:50384 - "POST /word-interaction HTTP/1.1" 200 OK
ğŸ¯ Word interaction received: hover-enter on 'å¿ƒ' (word-2)
ğŸ“Š Processing hover-enter for word 'å¿ƒ' at position 2
INFO:     127.0.0.1:50384 - "POST /word-interaction HTTP/1.1" 200 OK
INFO:watchfiles.main:1 change detected
INFO:watchfiles.main:1 change detected
ğŸ¯ Word interaction received: hover-enter on 'æµª' (word-8)
ğŸ“Š Processing hover-enter for word 'æµª' at position 8
INFO:     127.0.0.1:50394 - "POST /word-interaction HTTP/1.1" 200 OK
ğŸ¯ Word interaction received: hover-enter on 'æ³¢' (word-7)
ğŸ“Š Processing hover-enter for word 'æ³¢' at position 7
INFO:     127.0.0.1:50394 - "POST /word-interaction HTTP/1.1" 200 OK
ğŸ¯ Word interaction received: hover-enter on 'å¿µ' (word-16)
ğŸ“Š Processing hover-enter for word 'å¿µ' at position 16
INFO:     127.0.0.1:50394 - "POST /word-interaction HTTP/1.1" 200 OK
ğŸ¯ Word interaction received: hover-enter on 'çš„' (word-15)
ğŸ“Š Processing hover-enter for word 'çš„' at position 15
INFO:     127.0.0.1:50394 - "POST /word-interaction HTTP/1.1" 200 OK
ğŸ¯ Word interaction received: hover-enter on 'çš„' (word-5)
ğŸ“Š Processing hover-enter for word 'çš„' at position 5
INFO:     127.0.0.1:50394 - "POST /word-interaction HTTP/1.1" 200 OK
ğŸ¯ Word interaction received: hover-enter on 'èµ·' (word-4)
ğŸ“Š Processing hover-enter for word 'èµ·' at position 4
INFO:     127.0.0.1:50394 - "POST /word-interaction HTTP/1.1" 200 OK
ğŸ¯ Word interaction received: hover-enter on 'åˆ°' (word-14)
ğŸ“Š Processing hover-enter for word 'åˆ°' at position 14
INFO:     127.0.0.1:50394 - "POST /word-interaction HTTP/1.1" 200 OK
============================================================
ğŸ¯ TTS GENERATION REQUEST STARTED
============================================================
ğŸ“ Form data received:
   Text: 'å°±åƒå¿ƒé‡Œèµ·çš„å°æ³¢æµªï¼Œæ˜¯ä½ çªç„¶æƒ³åˆ°çš„å¿µå¤´'
   Engine: edge
   Voice: zh-CN-XiaoxiaoNeural
   Speed: 1
ğŸ¤ Final parameters: engine=edge, voice=zh-CN-XiaoxiaoNeural, speed=1Ã—

ğŸ”§ _generate_tts_response called:
   Text: 'å°±åƒå¿ƒé‡Œèµ·çš„å°æ³¢æµªï¼Œæ˜¯ä½ çªç„¶æƒ³åˆ°çš„å¿µå¤´'
   Engine: edge
   Voice: zh-CN-XiaoxiaoNeural
   Speed: 1.0
ğŸ­ Creating TTS engine instance for: edge
âœ… Engine created: Edge TTS
ğŸš€ Starting TTS generation with Edge TTS
âœ… TTS generation completed!
   Audio size: 25200 bytes
   Word timings: 13 entries
INFO:     127.0.0.1:50394 - "POST /generate-custom-tts HTTP/1.1" 200 OK
INFO:watchfiles.main:2 changes detected
ğŸ¯ Word interaction received: hover-enter on 'èµ·' (word-3)
ğŸ“Š Processing hover-enter for word 'èµ·' at position 3
INFO:     127.0.0.1:50394 - "POST /word-interaction HTTP/1.1" 200 OK
ğŸ¯ Word interaction received: hover-enter on 'å¿ƒé‡Œ' (word-2)
ğŸ“Š Processing hover-enter for word 'å¿ƒé‡Œ' at position 2
INFO:     127.0.0.1:50394 - "POST /word-interaction HTTP/1.1" 200 OK
ğŸ¯ Word interaction received: hover-enter on 'çš„' (word-4)
ğŸ“Š Processing hover-enter for word 'çš„' at position 4
INFO:     127.0.0.1:50394 - "POST /word-interaction HTTP/1.1" 200 OK
INFO:watchfiles.main:1 change detected
ğŸ¯ Word interaction received: hover-enter on 'å°' (word-5)
ğŸ“Š Processing hover-enter for word 'å°' at position 5
INFO:     127.0.0.1:50394 - "POST /word-interaction HTTP/1.1" 200 OK
INFO:watchfiles.main:1 change detected
ğŸ¯ Word interaction received: hover-enter on 'èµ·' (word-3)
ğŸ“Š Processing hover-enter for word 'èµ·' at position 3
INFO:     127.0.0.1:50394 - "POST /word-interaction HTTP/1.1" 200 OK
ğŸ¯ Word interaction received: hover-enter on 'å¿ƒé‡Œ' (word-2)
ğŸ“Š Processing hover-enter for word 'å¿ƒé‡Œ' at position 2
INFO:     127.0.0.1:50394 - "POST /word-interaction HTTP/1.1" 200 OK
ğŸ¯ Word interaction received: hover-enter on 'çš„' (word-11)
ğŸ“Š Processing hover-enter for word 'çš„' at position 11
INFO:     127.0.0.1:50394 - "POST /word-interaction HTTP/1.1" 200 OK
ğŸ¯ Word interaction received: hover-enter on 'æƒ³åˆ°' (word-10)
ğŸ“Š Processing hover-enter for word 'æƒ³åˆ°' at position 10
INFO:     127.0.0.1:50394 - "POST /word-interaction HTTP/1.1" 200 OK
ğŸ¯ Word interaction received: hover-enter on 'æƒ³åˆ°' (word-10)
ğŸ“Š Processing hover-enter for word 'æƒ³åˆ°' at position 10
INFO:     127.0.0.1:50394 - "POST /word-interaction HTTP/1.1" 200 OK
INFO:     127.0.0.1:50394 - "GET /load-session/20250618_210300 HTTP/1.1" 200 OK
ğŸ¯ Word interaction received: hover-enter on 'æ‰“å‡»' (word-10)
ğŸ“Š Processing hover-enter for word 'æ‰“å‡»' at position 10
INFO:     127.0.0.1:50394 - "POST /word-interaction HTTP/1.1" 200 OK
ğŸ¯ Word interaction received: hover-enter on 'å†œ' (word-20)
ğŸ“Š Processing hover-enter for word 'å†œ' at position 20
INFO:     127.0.0.1:50394 - "POST /word-interaction HTTP/1.1" 200 OK
ğŸ¯ Word interaction received: hover-enter on 'æŠ‘' (word-21)
ğŸ“Š Processing hover-enter for word 'æŠ‘' at position 21
INFO:     127.0.0.1:50394 - "POST /word-interaction HTTP/1.1" 200 OK
ğŸ¯ Word interaction received: hover-enter on 'å•†' (word-22)
ğŸ“Š Processing hover-enter for word 'å•†' at position 22
INFO:     127.0.0.1:50394 - "POST /word-interaction HTTP/1.1" 200 OK
ğŸ¯ Word interaction received: hover-enter on 'å¨èƒ' (word-30)
ğŸ“Š Processing hover-enter for word 'å¨èƒ' at position 30
INFO:     127.0.0.1:50394 - "POST /word-interaction HTTP/1.1" 200 OK
ğŸ¯ Word interaction received: hover-enter on 'åˆ°' (word-31)
ğŸ“Š Processing hover-enter for word 'åˆ°' at position 31
INFO:     127.0.0.1:50394 - "POST /word-interaction HTTP/1.1" 200 OK
ğŸ¯ Word interaction received: hover-enter on 'æˆä¸º' (word-42)
ğŸ“Š Processing hover-enter for word 'æˆä¸º' at position 42
INFO:     127.0.0.1:50394 - "POST /word-interaction HTTP/1.1" 200 OK
ğŸ¯ Word interaction received: hover-enter on 'å•†' (word-50)
ğŸ“Š Processing hover-enter for word 'å•†' at position 50
INFO:     127.0.0.1:50394 - "POST /word-interaction HTTP/1.1" 200 OK
ğŸ¯ Word interaction received: hover-enter on 'çš„' (word-58)
ğŸ“Š Processing hover-enter for word 'çš„' at position 58
INFO:     127.0.0.1:50394 - "POST /word-interaction HTTP/1.1" 200 OK
INFO:watchfiles.main:1 change detected
============================================================
ğŸ¯ TTS GENERATION REQUEST STARTED
============================================================
ğŸ“ Form data received:
   Text: 'å¯ä»…ä»…æ§åˆ¶äººçš„è¡ŒåŠ¨è¿˜ä¸å¤Ÿï¼Œè¿˜å¿…é¡»æ‰“å‡»ç»æµä¸Šçš„è‡ªç”±ã€‚å†ä»£ç‹æœæ™®éå¥‰è¡Œâ€œé‡å†œæŠ‘å•†â€çš„[[æ”¿ç­–]]ï¼Œä»¥ç¡®ä¿...'
   Engine: edge
   Voice: zh-CN-XiaoxiaoNeural
   Speed: 1
ğŸ§¹ Text cleaned: 'å¯ä»…ä»…æ§åˆ¶äººçš„è¡ŒåŠ¨è¿˜ä¸å¤Ÿï¼Œè¿˜å¿…é¡»æ‰“å‡»ç»æµä¸Šçš„è‡ªç”±ã€‚å†ä»£ç‹æœæ™®éå¥‰è¡Œâ€œé‡å†œæŠ‘å•†â€çš„[[æ”¿ç­–]]ï¼Œä»¥ç¡®ä¿ç»æµæ´»åŠ¨ä¸ä¼š[[å¨èƒ]]åˆ°å…¶ç»Ÿæ²»åŸºç¡€ã€‚å†œä¸šè¢«è§†ä¸ºå›½å®¶æ ¹åŸºï¼Œå•†ä¸šåˆ™æˆä¸ºè¾¹ç¼˜ï¼Œç”šè‡³è¢«[[åˆ»æ„]]æ‰“å‹ä¸æ­§è§†ã€‚å•†äººåœ¨ç¤¾ä¼šä¸­å¾€å¾€å½¢è±¡ä½å¾®ï¼Œå®˜åºœå¯¹ä»–ä»¬çš„ç”Ÿæ´»ã€æœé¥°ã€äº¤å¾€å‡æœ‰æ‰€é™åˆ¶ã€‚è¿™æ ·çš„[[æ”¿ç­–]]è¡¨é¢ä¸Šä¿æŠ¤å†œæ°‘ï¼Œå®è´¨å´æ˜¯é˜»æ–­äº†è´¢å¯Œä»å¹³æ°‘é˜¶å±‚å‘ä¸Š[[æµåŠ¨]]çš„é€šè·¯ã€‚å•†ä¸šæ´»åŠ¨å¤©ç„¶ä¿ƒè¿›äººé™…ç½‘ç»œçš„æ¨ªå‘[[æ‰©å±•]]ï¼Œ[[å¢å¼º]]ç¤¾ä¼šè”ç³»å’Œå¤šæ ·åŒ–å‘å±•ï¼Œè¿™å¯¹[[é›†æƒ]]ä¸“åˆ¶æ¥è¯´æ˜¯å·¨å¤§çš„[[å¨èƒ]]ï¼Œå› ä¸ºå®ƒ[[æŒ‘æˆ˜]]äº†ç»å¯¹ä¾é™„åˆ¶åº¦çš„ä¸€å­”ç‹¬å¤§ã€‚ä¸­å›½å†å²ä¸Šçš„å…³å±±æµ·[[å„æ–­]]ã€å®˜è¥ç›é“[[æ”¿ç­–]]ä¾¿æ˜¯[[å…¸å‹]]ä¾‹å­ï¼Œæ”¿åºœé€šè¿‡[[å„æ–­]]é‡è¦å•†å“å’ŒæœåŠ¡ï¼Œä¸ä»…[[æ å¤º]]äº†ç™¾å§“çš„è´¢å¯Œï¼Œä¹Ÿæœ‰æ•ˆé˜»æ­¢äº†è´¢å¯Œçš„ç§æœ‰[[ç§¯ç´¯]]å’Œç‹¬ç«‹åŠ›é‡çš„[[å½¢æˆ]]ã€‚ä½ æ˜¯å¦æ›¾æƒ³ï¼Œä¸ºä½•å•†äººéš¾ä»¥åœ¨ä¸­å›½å®ç°æ”¿æ²»[[çªç ´]]ï¼Ÿä¸ºä½•æ¯å½“å•†äºº[[ç§¯ç´¯]]äº†ä¸€å®šçš„è´¢å¯Œï¼Œç»“æœå¾€å¾€æ˜¯è¢«å®˜åºœé«˜å‹ï¼Ÿè¿™æ­£æ˜¯å› ä¸ºè´¢å¯Œæ— æ³•è„±ç¦»æƒåŠ›çš„æ§åˆ¶ï¼Œè´¢å¯Œæ²¡æœ‰[[æ”¿æ²»]]æŠ¤ç›¾ï¼Œç»ˆå°†è¢«[[æ å¤º]]ã€‚' -> 'å¯ä»…ä»…æ§åˆ¶äººçš„è¡ŒåŠ¨è¿˜ä¸å¤Ÿï¼Œè¿˜å¿…é¡»æ‰“å‡»ç»æµä¸Šçš„è‡ªç”±ã€‚å†ä»£ç‹æœæ™®éå¥‰è¡Œâ€œé‡å†œæŠ‘å•†â€çš„æ”¿ç­–ï¼Œä»¥ç¡®ä¿ç»æµæ´»åŠ¨ä¸ä¼šå¨èƒåˆ°å…¶ç»Ÿæ²»åŸºç¡€ã€‚å†œä¸šè¢«è§†ä¸ºå›½å®¶æ ¹åŸºï¼Œå•†ä¸šåˆ™æˆä¸ºè¾¹ç¼˜ï¼Œç”šè‡³è¢«åˆ»æ„æ‰“å‹ä¸æ­§è§†ã€‚å•†äººåœ¨ç¤¾ä¼šä¸­å¾€å¾€å½¢è±¡ä½å¾®ï¼Œå®˜åºœå¯¹ä»–ä»¬çš„ç”Ÿæ´»ã€æœé¥°ã€äº¤å¾€å‡æœ‰æ‰€é™åˆ¶ã€‚è¿™æ ·çš„æ”¿ç­–è¡¨é¢ä¸Šä¿æŠ¤å†œæ°‘ï¼Œå®è´¨å´æ˜¯é˜»æ–­äº†è´¢å¯Œä»å¹³æ°‘é˜¶å±‚å‘ä¸ŠæµåŠ¨çš„é€šè·¯ã€‚å•†ä¸šæ´»åŠ¨å¤©ç„¶ä¿ƒè¿›äººé™…ç½‘ç»œçš„æ¨ªå‘æ‰©å±•ï¼Œå¢å¼ºç¤¾ä¼šè”ç³»å’Œå¤šæ ·åŒ–å‘å±•ï¼Œè¿™å¯¹é›†æƒä¸“åˆ¶æ¥è¯´æ˜¯å·¨å¤§çš„å¨èƒï¼Œå› ä¸ºå®ƒæŒ‘æˆ˜äº†ç»å¯¹ä¾é™„åˆ¶åº¦çš„ä¸€å­”ç‹¬å¤§ã€‚ä¸­å›½å†å²ä¸Šçš„å…³å±±æµ·å„æ–­ã€å®˜è¥ç›é“æ”¿ç­–ä¾¿æ˜¯å…¸å‹ä¾‹å­ï¼Œæ”¿åºœé€šè¿‡å„æ–­é‡è¦å•†å“å’ŒæœåŠ¡ï¼Œä¸ä»…æ å¤ºäº†ç™¾å§“çš„è´¢å¯Œï¼Œä¹Ÿæœ‰æ•ˆé˜»æ­¢äº†è´¢å¯Œçš„ç§æœ‰ç§¯ç´¯å’Œç‹¬ç«‹åŠ›é‡çš„å½¢æˆã€‚ä½ æ˜¯å¦æ›¾æƒ³ï¼Œä¸ºä½•å•†äººéš¾ä»¥åœ¨ä¸­å›½å®ç°æ”¿æ²»çªç ´ï¼Ÿä¸ºä½•æ¯å½“å•†äººç§¯ç´¯äº†ä¸€å®šçš„è´¢å¯Œï¼Œç»“æœå¾€å¾€æ˜¯è¢«å®˜åºœé«˜å‹ï¼Ÿè¿™æ­£æ˜¯å› ä¸ºè´¢å¯Œæ— æ³•è„±ç¦»æƒåŠ›çš„æ§åˆ¶ï¼Œè´¢å¯Œæ²¡æœ‰æ”¿æ²»æŠ¤ç›¾ï¼Œç»ˆå°†è¢«æ å¤ºã€‚'
ğŸ¤ Final parameters: engine=edge, voice=zh-CN-XiaoxiaoNeural, speed=1Ã—

ğŸ”§ _generate_tts_response called:
   Text: 'å¯ä»…ä»…æ§åˆ¶äººçš„è¡ŒåŠ¨è¿˜ä¸å¤Ÿï¼Œè¿˜å¿…é¡»æ‰“å‡»ç»æµä¸Šçš„è‡ªç”±ã€‚å†ä»£ç‹æœæ™®éå¥‰è¡Œâ€œé‡å†œæŠ‘å•†â€çš„æ”¿ç­–ï¼Œä»¥ç¡®ä¿ç»æµæ´»åŠ¨ä¸ä¼šå¨èƒåˆ°å…¶ç»Ÿæ²»åŸºç¡€ã€‚å†œä¸šè¢«è§†ä¸ºå›½å®¶æ ¹åŸºï¼Œå•†ä¸šåˆ™æˆä¸ºè¾¹ç¼˜ï¼Œç”šè‡³è¢«åˆ»æ„æ‰“å‹ä¸æ­§è§†ã€‚å•†äººåœ¨ç¤¾ä¼šä¸­å¾€å¾€å½¢è±¡ä½å¾®ï¼Œå®˜åºœå¯¹ä»–ä»¬çš„ç”Ÿæ´»ã€æœé¥°ã€äº¤å¾€å‡æœ‰æ‰€é™åˆ¶ã€‚è¿™æ ·çš„æ”¿ç­–è¡¨é¢ä¸Šä¿æŠ¤å†œæ°‘ï¼Œå®è´¨å´æ˜¯é˜»æ–­äº†è´¢å¯Œä»å¹³æ°‘é˜¶å±‚å‘ä¸ŠæµåŠ¨çš„é€šè·¯ã€‚å•†ä¸šæ´»åŠ¨å¤©ç„¶ä¿ƒè¿›äººé™…ç½‘ç»œçš„æ¨ªå‘æ‰©å±•ï¼Œå¢å¼ºç¤¾ä¼šè”ç³»å’Œå¤šæ ·åŒ–å‘å±•ï¼Œè¿™å¯¹é›†æƒä¸“åˆ¶æ¥è¯´æ˜¯å·¨å¤§çš„å¨èƒï¼Œå› ä¸ºå®ƒæŒ‘æˆ˜äº†ç»å¯¹ä¾é™„åˆ¶åº¦çš„ä¸€å­”ç‹¬å¤§ã€‚ä¸­å›½å†å²ä¸Šçš„å…³å±±æµ·å„æ–­ã€å®˜è¥ç›é“æ”¿ç­–ä¾¿æ˜¯å…¸å‹ä¾‹å­ï¼Œæ”¿åºœé€šè¿‡å„æ–­é‡è¦å•†å“å’ŒæœåŠ¡ï¼Œä¸ä»…æ å¤ºäº†ç™¾å§“çš„è´¢å¯Œï¼Œä¹Ÿæœ‰æ•ˆé˜»æ­¢äº†è´¢å¯Œçš„ç§æœ‰ç§¯ç´¯å’Œç‹¬ç«‹åŠ›é‡çš„å½¢æˆã€‚ä½ æ˜¯å¦æ›¾æƒ³ï¼Œä¸ºä½•å•†äººéš¾ä»¥åœ¨ä¸­å›½å®ç°æ”¿æ²»çªç ´ï¼Ÿä¸ºä½•æ¯å½“å•†äººç§¯ç´¯äº†ä¸€å®šçš„è´¢å¯Œï¼Œç»“æœå¾€å¾€æ˜¯è¢«å®˜åºœé«˜å‹ï¼Ÿè¿™æ­£æ˜¯å› ä¸ºè´¢å¯Œæ— æ³•è„±ç¦»æƒåŠ›çš„æ§åˆ¶ï¼Œè´¢å¯Œæ²¡æœ‰æ”¿æ²»æŠ¤ç›¾ï¼Œç»ˆå°†è¢«æ å¤ºã€‚'
   Engine: edge
   Voice: zh-CN-XiaoxiaoNeural
   Speed: 1.0
ğŸ­ Creating TTS engine instance for: edge
âœ… Engine created: Edge TTS
ğŸš€ Starting TTS generation with Edge TTS
ğŸ¯ Word interaction received: hover-enter on 'åˆ™' (word-41)
ğŸ“Š Processing hover-enter for word 'åˆ™' at position 41
INFO:     127.0.0.1:50400 - "POST /word-interaction HTTP/1.1" 200 OK
ğŸ¯ Word interaction received: hover-enter on 'å•†ä¸š' (word-40)
ğŸ“Š Processing hover-enter for word 'å•†ä¸š' at position 40
INFO:     127.0.0.1:50400 - "POST /word-interaction HTTP/1.1" 200 OK
ğŸ¯ Word interaction received: hover-enter on 'æ ¹åŸº' (word-39)
ğŸ“Š Processing hover-enter for word 'æ ¹åŸº' at position 39
INFO:     127.0.0.1:50400 - "POST /word-interaction HTTP/1.1" 200 OK
ğŸ¯ Word interaction received: hover-enter on 'å¨èƒ' (word-30)
ğŸ“Š Processing hover-enter for word 'å¨èƒ' at position 30
INFO:     127.0.0.1:50400 - "POST /word-interaction HTTP/1.1" 200 OK
ğŸ¯ Word interaction received: hover-enter on 'ä¸ä¼š' (word-29)
ğŸ“Š Processing hover-enter for word 'ä¸ä¼š' at position 29
INFO:     127.0.0.1:50400 - "POST /word-interaction HTTP/1.1" 200 OK
ğŸ¯ Word interaction received: hover-enter on 'ä¸ä¼š' (word-29)
ğŸ“Š Processing hover-enter for word 'ä¸ä¼š' at position 29
INFO:     127.0.0.1:50400 - "POST /word-interaction HTTP/1.1" 200 OK
âœ… TTS generation completed!
   Audio size: 480384 bytes
   Word timings: 201 entries
INFO:     127.0.0.1:50394 - "POST /generate-custom-tts HTTP/1.1" 200 OK
ğŸ¯ Word interaction received: hover-enter on 'æŠ‘' (word-21)
ğŸ“Š Processing hover-enter for word 'æŠ‘' at position 21
INFO:     127.0.0.1:50394 - "POST /word-interaction HTTP/1.1" 200 OK
ğŸ¯ Word interaction received: hover-enter on 'ä¸Š' (word-12)
ğŸ“Š Processing hover-enter for word 'ä¸Š' at position 12
INFO:     127.0.0.1:50394 - "POST /word-interaction HTTP/1.1" 200 OK
ğŸ¯ Word interaction received: hover-enter on 'ä»…ä»…' (word-1)
ğŸ“Š Processing hover-enter for word 'ä»…ä»…' at position 1
INFO:     127.0.0.1:50394 - "POST /word-interaction HTTP/1.1" 200 OK
ğŸ¯ Word interaction received: hover-enter on 'å¯' (word-0)
ğŸ“Š Processing hover-enter for word 'å¯' at position 0
INFO:     127.0.0.1:50394 - "POST /word-interaction HTTP/1.1" 200 OK
INFO:watchfiles.main:2 changes detected
ğŸ¯ Word interaction received: hover-enter on 'çš„' (word-4)
ğŸ“Š Processing hover-enter for word 'çš„' at position 4
INFO:     127.0.0.1:50394 - "POST /word-interaction HTTP/1.1" 200 OK
ğŸ¯ Word interaction received: hover-enter on 'è‡ªç”±' (word-14)
ğŸ“Š Processing hover-enter for word 'è‡ªç”±' at position 14
INFO:     127.0.0.1:50394 - "POST /word-interaction HTTP/1.1" 200 OK
ğŸ¯ Word interaction received: hover-enter on 'è‡ªç”±' (word-14)
ğŸ“Š Processing hover-enter for word 'è‡ªç”±' at position 14
INFO:     127.0.0.1:50394 - "POST /word-interaction HTTP/1.1" 200 OK
ğŸ¯ Word interaction received: left-click on 'è‡ªç”±' (word-14)
ğŸ“Š Processing left-click for word 'è‡ªç”±' at position 14
INFO:     127.0.0.1:50394 - "POST /word-interaction HTTP/1.1" 200 OK
INFO:watchfiles.main:1 change detected
ğŸ¯ Word interaction received: hover-enter on 'å•†' (word-22)
ğŸ“Š Processing hover-enter for word 'å•†' at position 22
INFO:     127.0.0.1:50394 - "POST /word-interaction HTTP/1.1" 200 OK
ğŸ¯ Word interaction received: hover-enter on 'æŠ‘' (word-21)
ğŸ“Š Processing hover-enter for word 'æŠ‘' at position 21
INFO:     127.0.0.1:50394 - "POST /word-interaction HTTP/1.1" 200 OK
ğŸ¯ Word interaction received: hover-enter on 'å†œ' (word-20)
ğŸ“Š Processing hover-enter for word 'å†œ' at position 20
INFO:     127.0.0.1:50394 - "POST /word-interaction HTTP/1.1" 200 OK
ğŸ¯ Word interaction received: hover-enter on 'é‡' (word-19)
ğŸ“Š Processing hover-enter for word 'é‡' at position 19
INFO:     127.0.0.1:50394 - "POST /word-interaction HTTP/1.1" 200 OK
ğŸ¯ Word interaction received: hover-enter on 'å†œ' (word-20)
ğŸ“Š Processing hover-enter for word 'å†œ' at position 20
INFO:     127.0.0.1:50394 - "POST /word-interaction HTTP/1.1" 200 OK
ğŸ¯ Word interaction received: hover-enter on 'æŠ‘' (word-21)
ğŸ“Š Processing hover-enter for word 'æŠ‘' at position 21
INFO:     127.0.0.1:50394 - "POST /word-interaction HTTP/1.1" 200 OK
ğŸ¯ Word interaction received: hover-enter on 'çš„' (word-13)
ğŸ“Š Processing hover-enter for word 'çš„' at position 13
INFO:     127.0.0.1:50394 - "POST /word-interaction HTTP/1.1" 200 OK
ğŸ¯ Word interaction received: hover-enter on 'è‡ªç”±' (word-14)
ğŸ“Š Processing hover-enter for word 'è‡ªç”±' at position 14
INFO:     127.0.0.1:50394 - "POST /word-interaction HTTP/1.1" 200 OK
ğŸ¯ Word interaction received: left-click on 'è‡ªç”±' (word-14)
ğŸ“Š Processing left-click for word 'è‡ªç”±' at position 14
INFO:     127.0.0.1:50394 - "POST /word-interaction HTTP/1.1" 200 OK
ğŸ¯ Word interaction received: hover-enter on 'çš„' (word-23)
ğŸ“Š Processing hover-enter for word 'çš„' at position 23
INFO:     127.0.0.1:50394 - "POST /word-interaction HTTP/1.1" 200 OK
ğŸ¯ Word interaction received: hover-enter on 'å•†' (word-22)
ğŸ“Š Processing hover-enter for word 'å•†' at position 22
INFO:     127.0.0.1:50394 - "POST /word-interaction HTTP/1.1" 200 OK
ğŸ¯ Word interaction received: hover-enter on 'å¨èƒ' (word-30)
ğŸ“Š Processing hover-enter for word 'å¨èƒ' at position 30
INFO:     127.0.0.1:50394 - "POST /word-interaction HTTP/1.1" 200 OK
ğŸ¯ Word interaction received: left-click on 'å¨èƒ' (word-30)
ğŸ“Š Processing left-click for word 'å¨èƒ' at position 30
INFO:     127.0.0.1:50394 - "POST /word-interaction HTTP/1.1" 200 OK
INFO:     127.0.0.1:50394 - "POST /vocabulary-display HTTP/1.1" 200 OK
INFO:     127.0.0.1:50394 - "GET /static/css/themes.css?v=2 HTTP/1.1" 200 OK
INFO:     127.0.0.1:50416 - "GET /static/css/components.css?v=2 HTTP/1.1" 200 OK
INFO:watchfiles.main:1 change detected
ğŸ¯ Word interaction received: hover-enter on 'åˆ°' (word-31)
ğŸ“Š Processing hover-enter for word 'åˆ°' at position 31
INFO:     127.0.0.1:50394 - "POST /word-interaction HTTP/1.1" 200 OK
ğŸ¯ Word interaction received: left-click on 'åˆ°' (word-31)
ğŸ“Š Processing left-click for word 'åˆ°' at position 31
INFO:     127.0.0.1:50394 - "POST /word-interaction HTTP/1.1" 200 OK
ğŸ¯ Word interaction received: hover-enter on 'å•†' (word-22)
ğŸ“Š Processing hover-enter for word 'å•†' at position 22
INFO:     127.0.0.1:50394 - "POST /word-interaction HTTP/1.1" 200 OK
ğŸ¯ Word interaction received: hover-enter on 'ä¸Š' (word-12)
ğŸ“Š Processing hover-enter for word 'ä¸Š' at position 12
INFO:     127.0.0.1:50394 - "POST /word-interaction HTTP/1.1" 200 OK
ğŸ¯ Word interaction received: hover-enter on 'ç»æµ' (word-11)
ğŸ“Š Processing hover-enter for word 'ç»æµ' at position 11
INFO:     127.0.0.1:50394 - "POST /word-interaction HTTP/1.1" 200 OK
ğŸ¯ Word interaction received: hover-enter on 'å¯' (word-0)
ğŸ“Š Processing hover-enter for word 'å¯' at position 0
INFO:     127.0.0.1:50394 - "POST /word-interaction HTTP/1.1" 200 OK
ğŸ¯ Word interaction received: hover-enter on 'ä»…ä»…' (word-1)
ğŸ“Š Processing hover-enter for word 'ä»…ä»…' at position 1
INFO:     127.0.0.1:50394 - "POST /word-interaction HTTP/1.1" 200 OK
INFO:watchfiles.main:1 change detected
INFO:watchfiles.main:1 change detected
ğŸ¯ Word interaction received: hover-enter on 'è¿˜' (word-8)
ğŸ“Š Processing hover-enter for word 'è¿˜' at position 8
INFO:     127.0.0.1:46688 - "POST /word-interaction HTTP/1.1" 200 OK
ğŸ¯ Word interaction received: hover-enter on 'ä¸å¤Ÿ' (word-7)
ğŸ“Š Processing hover-enter for word 'ä¸å¤Ÿ' at position 7
INFO:     127.0.0.1:46688 - "POST /word-interaction HTTP/1.1" 200 OK
ğŸ¯ Word interaction received: hover-enter on 'æ™®é' (word-17)
ğŸ“Š Processing hover-enter for word 'æ™®é' at position 17
INFO:     127.0.0.1:46688 - "POST /word-interaction HTTP/1.1" 200 OK
ğŸ¯ Word interaction received: hover-enter on 'ç‹æœ' (word-16)
ğŸ“Š Processing hover-enter for word 'ç‹æœ' at position 16
INFO:     127.0.0.1:46688 - "POST /word-interaction HTTP/1.1" 200 OK
ğŸ¯ Word interaction received: hover-enter on 'å†ä»£' (word-15)
ğŸ“Š Processing hover-enter for word 'å†ä»£' at position 15
INFO:     127.0.0.1:46688 - "POST /word-interaction HTTP/1.1" 200 OK
ğŸ¯ Word interaction received: hover-enter on 'å•†' (word-22)
ğŸ“Š Processing hover-enter for word 'å•†' at position 22
INFO:     127.0.0.1:46688 - "POST /word-interaction HTTP/1.1" 200 OK
ğŸ¯ Word interaction received: hover-enter on 'ä¸Š' (word-12)
ğŸ“Š Processing hover-enter for word 'ä¸Š' at position 12
INFO:     127.0.0.1:46688 - "POST /word-interaction HTTP/1.1" 200 OK
ğŸ¯ Word interaction received: hover-enter on 'ç»æµ' (word-11)
ğŸ“Š Processing hover-enter for word 'ç»æµ' at position 11
INFO:     127.0.0.1:46688 - "POST /word-interaction HTTP/1.1" 200 OK
ğŸ¯ Word interaction received: hover-enter on 'æ‰“å‡»' (word-10)
ğŸ“Š Processing hover-enter for word 'æ‰“å‡»' at position 10
INFO:     127.0.0.1:46688 - "POST /word-interaction HTTP/1.1" 200 OK
INFO:     127.0.0.1:46688 - "GET /load-session/20250618_210300 HTTP/1.1" 200 OK
ğŸ¯ Word interaction received: hover-enter on 'ç»æµ' (word-11)
ğŸ“Š Processing hover-enter for word 'ç»æµ' at position 11
INFO:     127.0.0.1:46688 - "POST /word-interaction HTTP/1.1" 200 OK
ğŸ¯ Word interaction received: hover-enter on 'å†œ' (word-20)
ğŸ“Š Processing hover-enter for word 'å†œ' at position 20
INFO:     127.0.0.1:46688 - "POST /word-interaction HTTP/1.1" 200 OK
ğŸ¯ Word interaction received: hover-enter on 'æŠ‘' (word-21)
ğŸ“Š Processing hover-enter for word 'æŠ‘' at position 21
INFO:     127.0.0.1:46688 - "POST /word-interaction HTTP/1.1" 200 OK
ğŸ¯ Word interaction received: hover-enter on 'å¨èƒ' (word-30)
ğŸ“Š Processing hover-enter for word 'å¨èƒ' at position 30
INFO:     127.0.0.1:46688 - "POST /word-interaction HTTP/1.1" 200 OK
ğŸ¯ Word interaction received: hover-enter on 'æ ¹åŸº' (word-39)
ğŸ“Š Processing hover-enter for word 'æ ¹åŸº' at position 39
INFO:     127.0.0.1:46688 - "POST /word-interaction HTTP/1.1" 200 OK
ğŸ¯ Word interaction received: hover-enter on 'å•†ä¸š' (word-40)
ğŸ“Š Processing hover-enter for word 'å•†ä¸š' at position 40
INFO:     127.0.0.1:46688 - "POST /word-interaction HTTP/1.1" 200 OK
ğŸ¯ Word interaction received: hover-enter on 'ä¸' (word-48)
ğŸ“Š Processing hover-enter for word 'ä¸' at position 48
INFO:     127.0.0.1:46688 - "POST /word-interaction HTTP/1.1" 200 OK
ğŸ¯ Word interaction received: hover-enter on 'åˆ™' (word-41)
ğŸ“Š Processing hover-enter for word 'åˆ™' at position 41
INFO:     127.0.0.1:46688 - "POST /word-interaction HTTP/1.1" 200 OK
ğŸ¯ Word interaction received: hover-enter on 'æˆä¸º' (word-42)
ğŸ“Š Processing hover-enter for word 'æˆä¸º' at position 42
INFO:     127.0.0.1:46688 - "POST /word-interaction HTTP/1.1" 200 OK
ğŸ¯ Word interaction received: hover-enter on 'æ­§è§†' (word-49)
ğŸ“Š Processing hover-enter for word 'æ­§è§†' at position 49
INFO:     127.0.0.1:46688 - "POST /word-interaction HTTP/1.1" 200 OK
INFO:watchfiles.main:1 change detected
ğŸ¯ Word interaction received: hover-enter on 'é™åˆ¶' (word-64)
ğŸ“Š Processing hover-enter for word 'é™åˆ¶' at position 64
INFO:     127.0.0.1:46688 - "POST /word-interaction HTTP/1.1" 200 OK
ğŸ¯ Word interaction received: hover-enter on 'æœ‰æ‰€' (word-63)
ğŸ“Š Processing hover-enter for word 'æœ‰æ‰€' at position 63
INFO:     127.0.0.1:46688 - "POST /word-interaction HTTP/1.1" 200 OK
ğŸ¯ Word interaction received: hover-enter on 'çš„' (word-66)
ğŸ“Š Processing hover-enter for word 'çš„' at position 66
INFO:     127.0.0.1:46688 - "POST /word-interaction HTTP/1.1" 200 OK
INFO:watchfiles.main:1 change detected
INFO:watchfiles.main:1 change detected
INFO:watchfiles.main:1 change detected
ğŸ¯ Word interaction received: hover-enter on 'å¨èƒ' (word-30)
ğŸ“Š Processing hover-enter for word 'å¨èƒ' at position 30
INFO:     127.0.0.1:46692 - "POST /word-interaction HTTP/1.1" 200 OK
ğŸ¯ Word interaction received: hover-enter on 'å•†' (word-22)
ğŸ“Š Processing hover-enter for word 'å•†' at position 22
INFO:     127.0.0.1:46692 - "POST /word-interaction HTTP/1.1" 200 OK
ğŸ¯ Word interaction received: hover-enter on 'å¨èƒ' (word-30)
ğŸ“Š Processing hover-enter for word 'å¨èƒ' at position 30
INFO:     127.0.0.1:46692 - "POST /word-interaction HTTP/1.1" 200 OK
ğŸ¯ Word interaction received: hover-enter on 'å•†ä¸š' (word-40)
ğŸ“Š Processing hover-enter for word 'å•†ä¸š' at position 40
INFO:     127.0.0.1:46692 - "POST /word-interaction HTTP/1.1" 200 OK
ğŸ¯ Word interaction received: hover-enter on 'ä¸' (word-48)
ğŸ“Š Processing hover-enter for word 'ä¸' at position 48
INFO:     127.0.0.1:46692 - "POST /word-interaction HTTP/1.1" 200 OK
ğŸ¯ Word interaction received: hover-enter on 'æˆä¸º' (word-42)
ğŸ“Š Processing hover-enter for word 'æˆä¸º' at position 42
INFO:     127.0.0.1:46692 - "POST /word-interaction HTTP/1.1" 200 OK
ğŸ¯ Word interaction received: hover-enter on 'å…¶' (word-32)
ğŸ“Š Processing hover-enter for word 'å…¶' at position 32
INFO:     127.0.0.1:46692 - "POST /word-interaction HTTP/1.1" 200 OK
ğŸ¯ Word interaction received: hover-enter on 'æ”¿ç­–' (word-24)
ğŸ“Š Processing hover-enter for word 'æ”¿ç­–' at position 24
INFO:     127.0.0.1:46692 - "POST /word-interaction HTTP/1.1" 200 OK
ğŸ¯ Word interaction received: hover-enter on 'è‡ªç”±' (word-14)
ğŸ“Š Processing hover-enter for word 'è‡ªç”±' at position 14
INFO:     127.0.0.1:46692 - "POST /word-interaction HTTP/1.1" 200 OK
ğŸ¯ Word interaction received: hover-enter on 'çš„' (word-13)
ğŸ“Š Processing hover-enter for word 'çš„' at position 13
INFO:     127.0.0.1:46692 - "POST /word-interaction HTTP/1.1" 200 OK
ğŸ¯ Word interaction received: hover-enter on 'æ§åˆ¶' (word-2)
ğŸ“Š Processing hover-enter for word 'æ§åˆ¶' at position 2
INFO:     127.0.0.1:46692 - "POST /word-interaction HTTP/1.1" 200 OK
ğŸ¯ Word interaction received: hover-enter on 'ä»…ä»…' (word-1)
ğŸ“Š Processing hover-enter for word 'ä»…ä»…' at position 1
INFO:     127.0.0.1:46692 - "POST /word-interaction HTTP/1.1" 200 OK
INFO:watchfiles.main:1 change detected
INFO:watchfiles.main:1 change detected
============================================================
ğŸ¯ TTS GENERATION REQUEST STARTED
============================================================
ğŸ“ Form data received:
   Text: 'æˆ‘ä»¬ä¸å¾—ä¸é—®ï¼Œç†æƒ³çš„ç¤¾ä¼šæ˜¯æ€æ ·çš„ï¼Ÿéš¾é“å‘å±•å¥½ç»æµï¼Œå°±å¯ä»¥å¿½è§†è‡ªç”±çš„ä»·å€¼ï¼Ÿè¿˜æ˜¯è¯´ï¼Œåœ¨ä¸åŒæ–‡åŒ–å’Œå‘å±•é˜¶æ®µ...'
   Engine: edge
   Voice: zh-CN-YunxiNeural
   Speed: 1
ğŸ¤ Final parameters: engine=edge, voice=zh-CN-YunxiNeural, speed=1Ã—

ğŸ”§ _generate_tts_response called:
   Text: 'æˆ‘ä»¬ä¸å¾—ä¸é—®ï¼Œç†æƒ³çš„ç¤¾ä¼šæ˜¯æ€æ ·çš„ï¼Ÿéš¾é“å‘å±•å¥½ç»æµï¼Œå°±å¯ä»¥å¿½è§†è‡ªç”±çš„ä»·å€¼ï¼Ÿè¿˜æ˜¯è¯´ï¼Œåœ¨ä¸åŒæ–‡åŒ–å’Œå‘å±•é˜¶æ®µï¼Œè‡ªç”±çš„è¡¨ç°å½¢å¼å¿…é¡»æœ‰æ‰€å·®å¼‚ï¼Ÿè¿™å…¶å®æ˜¯æ¯ä¸ªå‘å±•ä¸­å›½å®¶éƒ½è¦é¢å¯¹çš„éš¾é¢˜'
   Engine: edge
   Voice: zh-CN-YunxiNeural
   Speed: 1.0
ğŸ­ Creating TTS engine instance for: edge
âœ… Engine created: Edge TTS
ğŸš€ Starting TTS generation with Edge TTS
âœ… TTS generation completed!
   Audio size: 101088 bytes
   Word timings: 44 entries
INFO:     127.0.0.1:46696 - "POST /generate-custom-tts HTTP/1.1" 200 OK
ğŸ¯ Word interaction received: hover-enter on 'æ¯ä¸ª' (word-37)
ğŸ“Š Processing hover-enter for word 'æ¯ä¸ª' at position 37
INFO:     127.0.0.1:46696 - "POST /word-interaction HTTP/1.1" 200 OK
ğŸ¯ Word interaction received: hover-enter on 'æ˜¯' (word-36)
ğŸ“Š Processing hover-enter for word 'æ˜¯' at position 36
INFO:     127.0.0.1:46696 - "POST /word-interaction HTTP/1.1" 200 OK
ğŸ¯ Word interaction received: hover-enter on 'é˜¶æ®µ' (word-26)
ğŸ“Š Processing hover-enter for word 'é˜¶æ®µ' at position 26
INFO:     127.0.0.1:46696 - "POST /word-interaction HTTP/1.1" 200 OK
ğŸ¯ Word interaction received: hover-enter on 'é˜¶æ®µ' (word-26)
ğŸ“Š Processing hover-enter for word 'é˜¶æ®µ' at position 26
INFO:     127.0.0.1:46696 - "POST /word-interaction HTTP/1.1" 200 OK
ğŸ¯ Word interaction received: hover-enter on 'é˜¶æ®µ' (word-26)
ğŸ“Š Processing hover-enter for word 'é˜¶æ®µ' at position 26
INFO:     127.0.0.1:46696 - "POST /word-interaction HTTP/1.1" 200 OK
ğŸ¯ Word interaction received: hover-enter on 'å‘å±•' (word-25)
ğŸ“Š Processing hover-enter for word 'å‘å±•' at position 25
INFO:     127.0.0.1:46696 - "POST /word-interaction HTTP/1.1" 200 OK
ğŸ¯ Word interaction received: hover-enter on 'å¿½è§†' (word-15)
ğŸ“Š Processing hover-enter for word 'å¿½è§†' at position 15
INFO:     127.0.0.1:46696 - "POST /word-interaction HTTP/1.1" 200 OK
ğŸ¯ Word interaction received: hover-enter on 'å¯ä»¥' (word-14)
ğŸ“Š Processing hover-enter for word 'å¯ä»¥' at position 14
INFO:     127.0.0.1:46696 - "POST /word-interaction HTTP/1.1" 200 OK
ğŸ¯ Word interaction received: hover-enter on 'çš„' (word-4)
ğŸ“Š Processing hover-enter for word 'çš„' at position 4
INFO:     127.0.0.1:46696 - "POST /word-interaction HTTP/1.1" 200 OK
ğŸ¯ Word interaction received: hover-enter on 'ç†æƒ³' (word-3)
ğŸ“Š Processing hover-enter for word 'ç†æƒ³' at position 3
INFO:     127.0.0.1:46696 - "POST /word-interaction HTTP/1.1" 200 OK
ğŸ¯ Word interaction received: hover-enter on 'çš„' (word-4)
ğŸ“Š Processing hover-enter for word 'çš„' at position 4
INFO:     127.0.0.1:46696 - "POST /word-interaction HTTP/1.1" 200 OK
ğŸ¯ Word interaction received: hover-enter on 'å¯ä»¥' (word-14)
ğŸ“Š Processing hover-enter for word 'å¯ä»¥' at position 14
INFO:     127.0.0.1:46696 - "POST /word-interaction HTTP/1.1" 200 OK
ğŸ¯ Word interaction received: hover-enter on 'å’Œ' (word-24)
ğŸ“Š Processing hover-enter for word 'å’Œ' at position 24
INFO:     127.0.0.1:46696 - "POST /word-interaction HTTP/1.1" 200 OK
ğŸ¯ Word interaction received: hover-enter on 'è¿™' (word-34)
ğŸ“Š Processing hover-enter for word 'è¿™' at position 34
INFO:     127.0.0.1:46696 - "POST /word-interaction HTTP/1.1" 200 OK
INFO:watchfiles.main:2 changes detected
ğŸ¯ Word interaction received: hover-enter on 'å…¶å®' (word-35)
ğŸ“Š Processing hover-enter for word 'å…¶å®' at position 35
INFO:     127.0.0.1:46696 - "POST /word-interaction HTTP/1.1" 200 OK
ğŸ¯ Word interaction received: hover-enter on 'å‘å±•' (word-25)
ğŸ“Š Processing hover-enter for word 'å‘å±•' at position 25
INFO:     127.0.0.1:46696 - "POST /word-interaction HTTP/1.1" 200 OK
ğŸ¯ Word interaction received: hover-enter on 'å¿½è§†' (word-15)
ğŸ“Š Processing hover-enter for word 'å¿½è§†' at position 15
INFO:     127.0.0.1:46696 - "POST /word-interaction HTTP/1.1" 200 OK
ğŸ¯ Word interaction received: hover-enter on 'çš„' (word-4)
ğŸ“Š Processing hover-enter for word 'çš„' at position 4
INFO:     127.0.0.1:46696 - "POST /word-interaction HTTP/1.1" 200 OK
ğŸ¯ Word interaction received: hover-enter on 'çš„' (word-4)
ğŸ“Š Processing hover-enter for word 'çš„' at position 4
INFO:     127.0.0.1:46696 - "POST /word-interaction HTTP/1.1" 200 OK
ğŸ¯ Word interaction received: hover-enter on 'å¯ä»¥' (word-14)
ğŸ“Š Processing hover-enter for word 'å¯ä»¥' at position 14
INFO:     127.0.0.1:46696 - "POST /word-interaction HTTP/1.1" 200 OK
ğŸ¯ Word interaction received: hover-enter on 'å‘å±•' (word-25)
ğŸ“Š Processing hover-enter for word 'å‘å±•' at position 25
INFO:     127.0.0.1:46696 - "POST /word-interaction HTTP/1.1" 200 OK
ğŸ¯ Word interaction received: hover-enter on 'è¿™' (word-34)
ğŸ“Š Processing hover-enter for word 'è¿™' at position 34
INFO:     127.0.0.1:46696 - "POST /word-interaction HTTP/1.1" 200 OK
INFO:watchfiles.main:1 change detected
INFO:watchfiles.main:1 change detected
INFO:watchfiles.main:1 change detected
INFO:watchfiles.main:1 change detected
INFO:watchfiles.main:1 change detected
INFO:watchfiles.main:1 change detected
INFO:watchfiles.main:1 change detected
ğŸ¯ Word interaction received: hover-enter on 'éš¾é¢˜' (word-43)
ğŸ“Š Processing hover-enter for word 'éš¾é¢˜' at position 43
INFO:     127.0.0.1:36356 - "POST /word-interaction HTTP/1.1" 200 OK
ğŸ¯ Word interaction received: hover-enter on 'çš„' (word-42)
ğŸ“Š Processing hover-enter for word 'çš„' at position 42
INFO:     127.0.0.1:36368 - "POST /word-interaction HTTP/1.1" 200 OK
ğŸ¯ Word interaction received: hover-enter on 'é¢å¯¹' (word-41)
ğŸ“Š Processing hover-enter for word 'é¢å¯¹' at position 41
INFO:     127.0.0.1:36356 - "POST /word-interaction HTTP/1.1" 200 OK
ğŸ¯ Word interaction received: hover-enter on 'å¿…é¡»' (word-31)
ğŸ“Š Processing hover-enter for word 'å¿…é¡»' at position 31
INFO:     127.0.0.1:36368 - "POST /word-interaction HTTP/1.1" 200 OK
ğŸ¯ Word interaction received: hover-enter on 'åœ¨' (word-21)
ğŸ“Š Processing hover-enter for word 'åœ¨' at position 21
INFO:     127.0.0.1:36356 - "POST /word-interaction HTTP/1.1" 200 OK
ğŸ¯ Word interaction received: hover-enter on 'å¥½' (word-11)
ğŸ“Š Processing hover-enter for word 'å¥½' at position 11
INFO:     127.0.0.1:36368 - "POST /word-interaction HTTP/1.1" 200 OK
ğŸ¯ Word interaction received: hover-enter on 'ä¸å¾—ä¸' (word-1)
ğŸ“Š Processing hover-enter for word 'ä¸å¾—ä¸' at position 1
INFO:     127.0.0.1:36356 - "POST /word-interaction HTTP/1.1" 200 OK
INFO:watchfiles.main:1 change detected
INFO:watchfiles.main:1 change detected
ğŸ¯ Word interaction received: hover-enter on 'çš„' (word-8)
ğŸ“Š Processing hover-enter for word 'çš„' at position 8
INFO:     127.0.0.1:36374 - "POST /word-interaction HTTP/1.1" 200 OK
ğŸ¯ Word interaction received: hover-enter on 'ä»·å€¼' (word-18)
ğŸ“Š Processing hover-enter for word 'ä»·å€¼' at position 18
INFO:     127.0.0.1:36374 - "POST /word-interaction HTTP/1.1" 200 OK
ğŸ¯ Word interaction received: hover-enter on 'çš„' (word-17)
ğŸ“Š Processing hover-enter for word 'çš„' at position 17
INFO:     127.0.0.1:36374 - "POST /word-interaction HTTP/1.1" 200 OK
ğŸ¯ Word interaction received: hover-enter on 'è‡ªç”±' (word-27)
ğŸ“Š Processing hover-enter for word 'è‡ªç”±' at position 27
INFO:     127.0.0.1:36374 - "POST /word-interaction HTTP/1.1" 200 OK
ğŸ¯ Word interaction received: hover-enter on 'æ¯ä¸ª' (word-37)
ğŸ“Š Processing hover-enter for word 'æ¯ä¸ª' at position 37
INFO:     127.0.0.1:36374 - "POST /word-interaction HTTP/1.1" 200 OK
ğŸ¯ Word interaction received: hover-enter on 'éš¾é¢˜' (word-43)
ğŸ“Š Processing hover-enter for word 'éš¾é¢˜' at position 43
INFO:     127.0.0.1:36374 - "POST /word-interaction HTTP/1.1" 200 OK
ğŸ¯ Word interaction received: hover-enter on 'çš„' (word-42)
ğŸ“Š Processing hover-enter for word 'çš„' at position 42
INFO:     127.0.0.1:36374 - "POST /word-interaction HTTP/1.1" 200 OK
ğŸ¯ Word interaction received: hover-enter on 'é¢å¯¹' (word-41)
ğŸ“Š Processing hover-enter for word 'é¢å¯¹' at position 41
INFO:     127.0.0.1:36374 - "POST /word-interaction HTTP/1.1" 200 OK
ğŸ¯ Word interaction received: hover-enter on 'è¦' (word-40)
ğŸ“Š Processing hover-enter for word 'è¦' at position 40
INFO:     127.0.0.1:36374 - "POST /word-interaction HTTP/1.1" 200 OK
ğŸ¯ Word interaction received: hover-enter on 'å¿…é¡»' (word-31)
ğŸ“Š Processing hover-enter for word 'å¿…é¡»' at position 31
INFO:     127.0.0.1:36374 - "POST /word-interaction HTTP/1.1" 200 OK
ğŸ¯ Word interaction received: hover-enter on 'å½¢å¼' (word-30)
ğŸ“Š Processing hover-enter for word 'å½¢å¼' at position 30
INFO:     127.0.0.1:36374 - "POST /word-interaction HTTP/1.1" 200 OK
ğŸ¯ Word interaction received: hover-enter on 'è¯´' (word-20)
ğŸ“Š Processing hover-enter for word 'è¯´' at position 20
INFO:     127.0.0.1:36374 - "POST /word-interaction HTTP/1.1" 200 OK
INFO:watchfiles.main:1 change detected
ğŸ¯ Word interaction received: hover-enter on 'å‘å±•' (word-10)
ğŸ“Š Processing hover-enter for word 'å‘å±•' at position 10
INFO:     127.0.0.1:36374 - "POST /word-interaction HTTP/1.1" 200 OK
ğŸ¯ Word interaction received: hover-enter on 'å¥½' (word-11)
ğŸ“Š Processing hover-enter for word 'å¥½' at position 11
INFO:     127.0.0.1:36374 - "POST /word-interaction HTTP/1.1" 200 OK
ğŸ¯ Word interaction received: hover-enter on 'åœ¨' (word-21)
ğŸ“Š Processing hover-enter for word 'åœ¨' at position 21
INFO:     127.0.0.1:36374 - "POST /word-interaction HTTP/1.1" 200 OK
ğŸ¯ Word interaction received: hover-enter on 'ä¸åŒ' (word-22)
ğŸ“Š Processing hover-enter for word 'ä¸åŒ' at position 22
INFO:     127.0.0.1:36374 - "POST /word-interaction HTTP/1.1" 200 OK
ğŸ¯ Word interaction received: hover-enter on 'æœ‰æ‰€' (word-32)
ğŸ“Š Processing hover-enter for word 'æœ‰æ‰€' at position 32
INFO:     127.0.0.1:36374 - "POST /word-interaction HTTP/1.1" 200 OK
ğŸ¯ Word interaction received: hover-enter on 'çš„' (word-42)
ğŸ“Š Processing hover-enter for word 'çš„' at position 42
INFO:     127.0.0.1:36374 - "POST /word-interaction HTTP/1.1" 200 OK
INFO:minimax_tts:ğŸ”‘ Loading MiniMax credentials...
INFO:minimax_tts:   API Key: âœ… Set
INFO:minimax_tts:   Group ID: âœ… Set
INFO:minimax_tts:   Custom Voice: moss_audio_4dc076ac-da6d-11ef-bd8d-f27a76fcd434
INFO:minimax_tts:   Model: speech-02-turbo
INFO:minimax_tts:ğŸ¯ Custom voice updated: moss_audio_4dc076ac-da6d-11ef-bd8d-f27a76fcd434
INFO:minimax_tts:ğŸ”§ MiniMax configuration status: âœ… Ready
INFO:minimax_tts:ğŸ¯ MiniMax TTS generation started
INFO:minimax_tts:   Text: 'æˆ‘ä»¬ä¸å¾—ä¸é—®ï¼Œç†æƒ³çš„ç¤¾ä¼šæ˜¯æ€æ ·çš„ï¼Ÿéš¾é“å‘å±•å¥½ç»æµï¼Œå°±å¯ä»¥å¿½è§†è‡ªç”±çš„ä»·å€¼ï¼Ÿè¿˜æ˜¯è¯´ï¼Œåœ¨ä¸åŒæ–‡åŒ–å’Œå‘å±•é˜¶æ®µ...'
INFO:minimax_tts:   Voice: moss_audio_4dc076ac-da6d-11ef-bd8d-f27a76fcd434
INFO:minimax_tts:   Speed: 1.0
INFO:minimax_tts:ğŸ”‘ Loading MiniMax credentials...
INFO:minimax_tts:   API Key: âœ… Set
INFO:minimax_tts:   Group ID: âœ… Set
INFO:minimax_tts:   Custom Voice: moss_audio_4dc076ac-da6d-11ef-bd8d-f27a76fcd434
INFO:minimax_tts:   Model: speech-02-turbo
INFO:minimax_tts:ğŸ¯ Custom voice updated: moss_audio_4dc076ac-da6d-11ef-bd8d-f27a76fcd434
INFO:minimax_tts:ğŸ”§ MiniMax configuration status: âœ… Ready
INFO:minimax_tts:   Cleaned text: 'æˆ‘ä»¬ä¸å¾—ä¸é—®ï¼Œç†æƒ³çš„ç¤¾ä¼šæ˜¯æ€æ ·çš„ï¼Ÿéš¾é“å‘å±•å¥½ç»æµï¼Œå°±å¯ä»¥å¿½è§†è‡ªç”±çš„ä»·å€¼ï¼Ÿè¿˜æ˜¯è¯´ï¼Œåœ¨ä¸åŒæ–‡åŒ–å’Œå‘å±•é˜¶æ®µï¼Œè‡ªç”±çš„è¡¨ç°å½¢å¼å¿…é¡»æœ‰æ‰€å·®å¼‚ï¼Ÿè¿™å…¶å®æ˜¯æ¯ä¸ªå‘å±•ä¸­å›½å®¶éƒ½è¦é¢å¯¹çš„éš¾é¢˜'
INFO:minimax_tts:ğŸ”„ Calling MiniMax API...
INFO:minimax_tts:ğŸ¯ Using custom voice: moss_audio_4dc076ac-da6d-11ef-bd8d-f27a76fcd434
INFO:minimax_tts:ğŸ“ API Request Details:
INFO:minimax_tts:   URL: https://api.minimax.io/v1/t2a_v2?GroupId=1881950105762796202
INFO:minimax_tts:   Model: speech-02-turbo
INFO:minimax_tts:   Voice: moss_audio_4dc076ac-da6d-11ef-bd8d-f27a76fcd434 (requested: moss_audio_4dc076ac-da6d-11ef-bd8d-f27a76fcd434)
INFO:minimax_tts:   Speed: 1.0
INFO:minimax_tts:   Text length: 83 characters
WARNING:minimax_tts:âš ï¸ Model speech-02-turbo does not support subtitles - using duration estimation
INFO:minimax_tts:ğŸ”„ Sending request to MiniMax API...
INFO:watchfiles.main:1 change detected
INFO:minimax_tts:ğŸ“Š Response received in 3.69s
INFO:minimax_tts:   Status code: 200
INFO:minimax_tts:   Response size: 542397 bytes
DEBUG:minimax_tts:ğŸ“‹ API Response structure: ['data', 'extra_info', 'trace_id', 'base_resp']
INFO:minimax_tts:   API Status: 0 - success
INFO:minimax_tts:âœ… Audio extracted: 271025 bytes
WARNING:minimax_tts:âš ï¸ No subtitle file provided by API
INFO:minimax_tts:âœ… Audio generated successfully (271025 bytes)
INFO:minimax_tts:   Sentence timings: 0 segments
INFO:minimax_tts:ğŸ”„ Extracting word-level timings...
INFO:minimax_tts:âœ… Generated 76 word timings
============================================================
ğŸ¯ TTS GENERATION REQUEST STARTED
============================================================
ğŸ“ Form data received:
   Text: 'æˆ‘ä»¬ä¸å¾—ä¸é—®ï¼Œç†æƒ³çš„ç¤¾ä¼šæ˜¯æ€æ ·çš„ï¼Ÿéš¾é“å‘å±•å¥½ç»æµï¼Œå°±å¯ä»¥å¿½è§†è‡ªç”±çš„ä»·å€¼ï¼Ÿè¿˜æ˜¯è¯´ï¼Œåœ¨ä¸åŒæ–‡åŒ–å’Œå‘å±•é˜¶æ®µ...'
   Engine: hailuo
   Voice: moss_audio_4dc076ac-da6d-11ef-bd8d-f27a76fcd434
   Speed: 1
ğŸ¤ Final parameters: engine=hailuo, voice=moss_audio_4dc076ac-da6d-11ef-bd8d-f27a76fcd434, speed=1Ã—

ğŸ”§ _generate_tts_response called:
   Text: 'æˆ‘ä»¬ä¸å¾—ä¸é—®ï¼Œç†æƒ³çš„ç¤¾ä¼šæ˜¯æ€æ ·çš„ï¼Ÿéš¾é“å‘å±•å¥½ç»æµï¼Œå°±å¯ä»¥å¿½è§†è‡ªç”±çš„ä»·å€¼ï¼Ÿè¿˜æ˜¯è¯´ï¼Œåœ¨ä¸åŒæ–‡åŒ–å’Œå‘å±•é˜¶æ®µï¼Œè‡ªç”±çš„è¡¨ç°å½¢å¼å¿…é¡»æœ‰æ‰€å·®å¼‚ï¼Ÿè¿™å…¶å®æ˜¯æ¯ä¸ªå‘å±•ä¸­å›½å®¶éƒ½è¦é¢å¯¹çš„éš¾é¢˜'
   Engine: hailuo
   Voice: moss_audio_4dc076ac-da6d-11ef-bd8d-f27a76fcd434
   Speed: 1.0
ğŸ­ Creating TTS engine instance for: hailuo
âœ… Engine created: MiniMax Hailuo
ğŸ”§ Engine configuration status: True
ğŸš€ Starting TTS generation with MiniMax Hailuo
âš ï¸ MFA not available, falling back to duration estimation
âœ… TTS generation completed!
   Audio size: 271025 bytes
   Word timings: 76 entries
INFO:     127.0.0.1:36374 - "POST /generate-custom-tts HTTP/1.1" 200 OK
ğŸ¯ Word interaction received: hover-enter on 'éš¾é¢˜' (word-43)
ğŸ“Š Processing hover-enter for word 'éš¾é¢˜' at position 43
INFO:     127.0.0.1:36388 - "POST /word-interaction HTTP/1.1" 200 OK
ğŸ¯ Word interaction received: hover-enter on 'è‡ª' (word-45)
ğŸ“Š Processing hover-enter for word 'è‡ª' at position 45
INFO:     127.0.0.1:36388 - "POST /word-interaction HTTP/1.1" 200 OK
ğŸ¯ Word interaction received: hover-enter on 'è¯´' (word-34)
ğŸ“Š Processing hover-enter for word 'è¯´' at position 34
INFO:     127.0.0.1:36388 - "POST /word-interaction HTTP/1.1" 200 OK
ğŸ¯ Word interaction received: hover-enter on 'æ®µ' (word-44)
ğŸ“Š Processing hover-enter for word 'æ®µ' at position 44
INFO:     127.0.0.1:36388 - "POST /word-interaction HTTP/1.1" 200 OK
ğŸ¯ Word interaction received: hover-enter on 'é˜¶' (word-43)
ğŸ“Š Processing hover-enter for word 'é˜¶' at position 43
INFO:     127.0.0.1:36388 - "POST /word-interaction HTTP/1.1" 200 OK
ğŸ¯ Word interaction received: hover-enter on 'æ®µ' (word-44)
ğŸ“Š Processing hover-enter for word 'æ®µ' at position 44
INFO:     127.0.0.1:36388 - "POST /word-interaction HTTP/1.1" 200 OK
ğŸ¯ Word interaction received: hover-enter on 'è¯´' (word-34)
ğŸ“Š Processing hover-enter for word 'è¯´' at position 34
INFO:     127.0.0.1:36388 - "POST /word-interaction HTTP/1.1" 200 OK
ğŸ¯ Word interaction received: hover-enter on 'è¯´' (word-34)
ğŸ“Š Processing hover-enter for word 'è¯´' at position 34
INFO:     127.0.0.1:36388 - "POST /word-interaction HTTP/1.1" 200 OK
ğŸ¯ Word interaction received: hover-enter on 'ä»¥' (word-24)
ğŸ“Š Processing hover-enter for word 'ä»¥' at position 24
INFO:     127.0.0.1:36388 - "POST /word-interaction HTTP/1.1" 200 OK
ğŸ¯ Word interaction received: hover-enter on 'æ ·' (word-13)
ğŸ“Š Processing hover-enter for word 'æ ·' at position 13
INFO:     127.0.0.1:36388 - "POST /word-interaction HTTP/1.1" 200 OK
ğŸ¯ Word interaction received: hover-enter on 'ä¸' (word-2)
ğŸ“Š Processing hover-enter for word 'ä¸' at position 2
INFO:     127.0.0.1:36388 - "POST /word-interaction HTTP/1.1" 200 OK
INFO:watchfiles.main:2 changes detected
ğŸ¯ Word interaction received: hover-enter on 'ä»¬' (word-1)
ğŸ“Š Processing hover-enter for word 'ä»¬' at position 1
INFO:     127.0.0.1:36388 - "POST /word-interaction HTTP/1.1" 200 OK
ğŸ¯ Word interaction received: hover-enter on 'å…¶' (word-59)
ğŸ“Š Processing hover-enter for word 'å…¶' at position 59
INFO:     127.0.0.1:36388 - "POST /word-interaction HTTP/1.1" 200 OK
ğŸ¯ Word interaction received: hover-enter on 'çš„' (word-73)
ğŸ“Š Processing hover-enter for word 'çš„' at position 73
INFO:     127.0.0.1:36388 - "POST /word-interaction HTTP/1.1" 200 OK
INFO:watchfiles.main:1 change detected
INFO:watchfiles.main:1 change detected
INFO:watchfiles.main:3 changes detected
INFO:watchfiles.main:1 change detected
INFO:watchfiles.main:1 change detected
INFO:watchfiles.main:1 change detected
INFO:watchfiles.main:1 change detected
INFO:watchfiles.main:1 change detected
INFO:watchfiles.main:1 change detected
INFO:watchfiles.main:1 change detected
INFO:watchfiles.main:1 change detected
INFO:watchfiles.main:1 change detected
INFO:watchfiles.main:1 change detected
INFO:watchfiles.main:1 change detected
INFO:watchfiles.main:1 change detected
INFO:watchfiles.main:1 change detected
INFO:watchfiles.main:1 change detected
ğŸ¯ Word interaction received: hover-enter on 'åŒ–' (word-39)
ğŸ“Š Processing hover-enter for word 'åŒ–' at position 39
INFO:     127.0.0.1:55424 - "POST /word-interaction HTTP/1.1" 200 OK
ğŸ¯ Word interaction received: hover-enter on 'è¡¨' (word-48)
ğŸ“Š Processing hover-enter for word 'è¡¨' at position 48
INFO:     127.0.0.1:55424 - "POST /word-interaction HTTP/1.1" 200 OK
ğŸ¯ Word interaction received: hover-enter on 'ç°' (word-49)
ğŸ“Š Processing hover-enter for word 'ç°' at position 49
INFO:     127.0.0.1:55434 - "POST /word-interaction HTTP/1.1" 200 OK
ğŸ¯ Word interaction received: hover-enter on 'è¿™' (word-58)
ğŸ“Š Processing hover-enter for word 'è¿™' at position 58
INFO:     127.0.0.1:55424 - "POST /word-interaction HTTP/1.1" 200 OK
INFO:watchfiles.main:1 change detected
INFO:watchfiles.main:1 change detected
INFO:watchfiles.main:1 change detected
INFO:watchfiles.main:1 change detected
INFO:watchfiles.main:1 change detected
INFO:watchfiles.main:1 change detected
INFO:watchfiles.main:1 change detected
INFO:watchfiles.main:1 change detected
INFO:watchfiles.main:1 change detected
INFO:watchfiles.main:1 change detected
INFO:watchfiles.main:1 change detected
INFO:watchfiles.main:1 change detected
INFO:watchfiles.main:1 change detected
INFO:watchfiles.main:1 change detected
INFO:watchfiles.main:1 change detected
INFO:watchfiles.main:1 change detected
INFO:watchfiles.main:1 change detected
INFO:watchfiles.main:1 change detected
INFO:watchfiles.main:1 change detected
INFO:watchfiles.main:1 change detected
INFO:watchfiles.main:1 change detected
INFO:watchfiles.main:2 changes detected
WARNING:  WatchFiles detected changes in 'tts/minimax_tts_engine.py'. Reloading...
INFO:     Shutting down
INFO:     Waiting for application shutdown.
INFO:     Application shutdown complete.
INFO:     Finished server process [10336]
INFO:     Started server process [10440]
INFO:     Waiting for application startup.
INFO:     Application startup complete.
INFO:watchfiles.main:1 change detected
INFO:watchfiles.main:2 changes detected
INFO:watchfiles.main:1 change detected
INFO:watchfiles.main:1 change detected
INFO:watchfiles.main:1 change detected
INFO:watchfiles.main:95 changes detected
WARNING:  WatchFiles detected changes in 'venv/lib64/python3.12/site-packages/jieba/finalseg/prob_start.py', 'venv/lib64/python3.12/site-packages/jieba/finalseg/__init__.py', 'venv/lib64/python3.12/site-packages/jieba/analyse/textrank.py', 'venv/lib64/python3.12/site-packages/jieba/lac_small/nets.py', 'venv/lib64/python3.12/site-packages/jieba/posseg/__init__.py', 'venv/lib64/python3.12/site-packages/jieba/finalseg/prob_trans.py', 'venv/lib64/python3.12/site-packages/jieba/analyse/analyzer.py', 'venv/lib64/python3.12/site-packages/jieba/lac_small/utils.py', 'venv/lib64/python3.12/site-packages/jieba/lac_small/creator.py', 'venv/lib64/python3.12/site-packages/jieba/lac_small/reader_small.py', 'venv/lib64/python3.12/site-packages/jieba/posseg/prob_trans.py', 'venv/lib64/python3.12/site-packages/jieba/analyse/tfidf.py', 'venv/lib64/python3.12/site-packages/jieba/__main__.py', 'venv/lib64/python3.12/site-packages/jieba/posseg/char_state_tab.py', 'venv/lib64/python3.12/site-packages/jieba/_compat.py', 'venv/lib64/python3.12/site-packages/jieba/lac_small/predict.py', 'venv/lib64/python3.12/site-packages/jieba/analyse/__init__.py', 'venv/lib64/python3.12/site-packages/jieba/__init__.py', 'venv/lib64/python3.12/site-packages/jieba/finalseg/prob_emit.py', 'venv/lib64/python3.12/site-packages/jieba/posseg/prob_emit.py', 'venv/lib64/python3.12/site-packages/jieba/posseg/prob_start.py', 'venv/lib64/python3.12/site-packages/jieba/lac_small/__init__.py', 'venv/lib64/python3.12/site-packages/jieba/posseg/viterbi.py'. Reloading...
INFO:     Shutting down
INFO:     Waiting for application shutdown.
INFO:     Application shutdown complete.
INFO:     Finished server process [10440]
INFO:     Started server process [10519]
INFO:     Waiting for application startup.
INFO:     Application startup complete.
INFO:watchfiles.main:2 changes detected
INFO:watchfiles.main:95 changes detected
WARNING:  WatchFiles detected changes in 'venv/lib/python3.12/site-packages/jieba/lac_small/predict.py', 'venv/lib/python3.12/site-packages/jieba/analyse/tfidf.py', 'venv/lib/python3.12/site-packages/jieba/__init__.py', 'venv/lib/python3.12/site-packages/jieba/lac_small/creator.py', 'venv/lib/python3.12/site-packages/jieba/__main__.py', 'venv/lib/python3.12/site-packages/jieba/posseg/char_state_tab.py', 'venv/lib/python3.12/site-packages/jieba/finalseg/__init__.py', 'venv/lib/python3.12/site-packages/jieba/posseg/prob_trans.py', 'venv/lib/python3.12/site-packages/jieba/analyse/textrank.py', 'venv/lib/python3.12/site-packages/jieba/analyse/analyzer.py', 'venv/lib/python3.12/site-packages/jieba/lac_small/reader_small.py', 'venv/lib/python3.12/site-packages/jieba/lac_small/utils.py', 'venv/lib/python3.12/site-packages/jieba/finalseg/prob_trans.py', 'venv/lib/python3.12/site-packages/jieba/finalseg/prob_emit.py', 'venv/lib/python3.12/site-packages/jieba/lac_small/nets.py', 'venv/lib/python3.12/site-packages/jieba/posseg/viterbi.py', 'venv/lib/python3.12/site-packages/jieba/analyse/__init__.py', 'venv/lib/python3.12/site-packages/jieba/posseg/prob_start.py', 'venv/lib/python3.12/site-packages/jieba/finalseg/prob_start.py', 'venv/lib/python3.12/site-packages/jieba/posseg/prob_emit.py', 'venv/lib/python3.12/site-packages/jieba/_compat.py', 'venv/lib/python3.12/site-packages/jieba/lac_small/__init__.py', 'venv/lib/python3.12/site-packages/jieba/posseg/__init__.py'. Reloading...
INFO:     Shutting down
INFO:     Waiting for application shutdown.
INFO:     Application shutdown complete.
INFO:     Finished server process [10519]
INFO:     Started server process [10521]
INFO:     Waiting for application startup.
INFO:     Application startup complete.
INFO:watchfiles.main:1 change detected
INFO:watchfiles.main:2 changes detected
WARNING:  WatchFiles detected changes in 'tts/minimax_tts_engine.py'. Reloading...
INFO:     Shutting down
INFO:     Waiting for application shutdown.
INFO:     Application shutdown complete.
INFO:     Finished server process [10521]
INFO:     Started server process [10523]
INFO:     Waiting for application startup.
INFO:     Application startup complete.
INFO:watchfiles.main:3 changes detected
INFO:watchfiles.main:1 change detected
INFO:watchfiles.main:1 change detected
INFO:watchfiles.main:2 changes detected
WARNING:  WatchFiles detected changes in 'tts/minimax_tts_engine.py'. Reloading...
INFO:     Shutting down
INFO:     Waiting for application shutdown.
INFO:     Application shutdown complete.
INFO:     Finished server process [10523]
INFO:     Started server process [10525]
INFO:     Waiting for application startup.
INFO:     Application startup complete.
INFO:watchfiles.main:3 changes detected
INFO:watchfiles.main:1 change detected
INFO:watchfiles.main:1 change detected
INFO:watchfiles.main:1 change detected
INFO:watchfiles.main:1 change detected
INFO:watchfiles.main:1 change detected
INFO:watchfiles.main:2 changes detected
INFO:watchfiles.main:1 change detected
INFO:watchfiles.main:1 change detected
INFO:watchfiles.main:1 change detected
INFO:watchfiles.main:1 change detected
INFO:watchfiles.main:1 change detected
INFO:watchfiles.main:1 change detected
INFO:watchfiles.main:1 change detected
INFO:watchfiles.main:1 change detected
INFO:watchfiles.main:1 change detected
INFO:watchfiles.main:1 change detected
INFO:watchfiles.main:1 change detected
INFO:watchfiles.main:1 change detected
INFO:watchfiles.main:1 change detected
INFO:watchfiles.main:1 change detected
INFO:watchfiles.main:1 change detected
INFO:watchfiles.main:1 change detected
INFO:watchfiles.main:1 change detected
INFO:watchfiles.main:1 change detected
INFO:watchfiles.main:1 change detected
INFO:watchfiles.main:1 change detected
ğŸ¯ Word interaction received: hover-enter on 'çš„' (word-73)
ğŸ“Š Processing hover-enter for word 'çš„' at position 73
INFO:     127.0.0.1:46050 - "POST /word-interaction HTTP/1.1" 200 OK
ğŸ¯ Word interaction received: hover-enter on 'æœ‰' (word-54)
ğŸ“Š Processing hover-enter for word 'æœ‰' at position 54
INFO:     127.0.0.1:46050 - "POST /word-interaction HTTP/1.1" 200 OK
ğŸ¯ Word interaction received: hover-enter on 'æ®µ' (word-44)
ğŸ“Š Processing hover-enter for word 'æ®µ' at position 44
INFO:     127.0.0.1:46050 - "POST /word-interaction HTTP/1.1" 200 OK
ğŸ¯ Word interaction received: hover-enter on 'è¯´' (word-34)
ğŸ“Š Processing hover-enter for word 'è¯´' at position 34
INFO:     127.0.0.1:46050 - "POST /word-interaction HTTP/1.1" 200 OK
ğŸ¯ Word interaction received: hover-enter on 'æ®µ' (word-44)
ğŸ“Š Processing hover-enter for word 'æ®µ' at position 44
INFO:     127.0.0.1:46050 - "POST /word-interaction HTTP/1.1" 200 OK
ğŸ¯ Word interaction received: hover-enter on 'æ‰€' (word-55)
ğŸ“Š Processing hover-enter for word 'æ‰€' at position 55
INFO:     127.0.0.1:46050 - "POST /word-interaction HTTP/1.1" 200 OK
ğŸ¯ Word interaction received: hover-enter on 'å·®' (word-56)
ğŸ“Š Processing hover-enter for word 'å·®' at position 56
INFO:     127.0.0.1:46050 - "POST /word-interaction HTTP/1.1" 200 OK
ğŸ¯ Word interaction received: hover-enter on 'å…¶' (word-59)
ğŸ“Š Processing hover-enter for word 'å…¶' at position 59
INFO:     127.0.0.1:46050 - "POST /word-interaction HTTP/1.1" 200 OK
ğŸ¯ Word interaction received: hover-enter on 'ç°' (word-49)
ğŸ“Š Processing hover-enter for word 'ç°' at position 49
INFO:     127.0.0.1:46050 - "POST /word-interaction HTTP/1.1" 200 OK
ğŸ¯ Word interaction received: hover-enter on 'è¡¨' (word-48)
ğŸ“Š Processing hover-enter for word 'è¡¨' at position 48
INFO:     127.0.0.1:46050 - "POST /word-interaction HTTP/1.1" 200 OK
ğŸ¯ Word interaction received: hover-enter on 'æ–‡' (word-38)
ğŸ“Š Processing hover-enter for word 'æ–‡' at position 38
INFO:     127.0.0.1:46050 - "POST /word-interaction HTTP/1.1" 200 OK
ğŸ¯ Word interaction received: hover-enter on 'è‡ª' (word-27)
ğŸ“Š Processing hover-enter for word 'è‡ª' at position 27
INFO:     127.0.0.1:46050 - "POST /word-interaction HTTP/1.1" 200 OK
ğŸ¯ Word interaction received: hover-enter on 'è§†' (word-26)
ğŸ“Š Processing hover-enter for word 'è§†' at position 26
INFO:     127.0.0.1:46050 - "POST /word-interaction HTTP/1.1" 200 OK
ğŸ¯ Word interaction received: hover-enter on 'é“' (word-16)
ğŸ“Š Processing hover-enter for word 'é“' at position 16
INFO:     127.0.0.1:46050 - "POST /word-interaction HTTP/1.1" 200 OK
ğŸ¯ Word interaction received: hover-enter on 'éš¾' (word-15)
ğŸ“Š Processing hover-enter for word 'éš¾' at position 15
INFO:     127.0.0.1:46050 - "POST /word-interaction HTTP/1.1" 200 OK
ğŸ¯ Word interaction received: hover-enter on 'çš„' (word-14)
ğŸ“Š Processing hover-enter for word 'çš„' at position 14
INFO:     127.0.0.1:46050 - "POST /word-interaction HTTP/1.1" 200 OK
ğŸ¯ Word interaction received: hover-enter on 'å¾—' (word-3)
ğŸ“Š Processing hover-enter for word 'å¾—' at position 3
INFO:     127.0.0.1:46050 - "POST /word-interaction HTTP/1.1" 200 OK
ğŸ¯ Word interaction received: hover-enter on 'ä¸' (word-2)
ğŸ“Š Processing hover-enter for word 'ä¸' at position 2
INFO:     127.0.0.1:46050 - "POST /word-interaction HTTP/1.1" 200 OK
ğŸ¯ Word interaction received: hover-enter on 'ä¸' (word-4)
ğŸ“Š Processing hover-enter for word 'ä¸' at position 4
INFO:     127.0.0.1:46050 - "POST /word-interaction HTTP/1.1" 200 OK
ğŸ¯ Word interaction received: hover-enter on 'éš¾' (word-15)
ğŸ“Š Processing hover-enter for word 'éš¾' at position 15
INFO:     127.0.0.1:46050 - "POST /word-interaction HTTP/1.1" 200 OK
INFO:watchfiles.main:1 change detected
ğŸ¯ Word interaction received: hover-enter on 'ä»¥' (word-24)
ğŸ“Š Processing hover-enter for word 'ä»¥' at position 24
INFO:     127.0.0.1:46060 - "POST /word-interaction HTTP/1.1" 200 OK
ğŸ¯ Word interaction received: hover-enter on 'çš„' (word-14)
ğŸ“Š Processing hover-enter for word 'çš„' at position 14
INFO:     127.0.0.1:46060 - "POST /word-interaction HTTP/1.1" 200 OK
ğŸ¯ Word interaction received: hover-enter on 'ä¸' (word-4)
ğŸ“Š Processing hover-enter for word 'ä¸' at position 4
INFO:     127.0.0.1:46060 - "POST /word-interaction HTTP/1.1" 200 OK
INFO:watchfiles.main:1 change detected
INFO:watchfiles.main:1 change detected
INFO:watchfiles.main:1 change detected
INFO:watchfiles.main:1 change detected
INFO:watchfiles.main:1 change detected
INFO:watchfiles.main:1 change detected
INFO:watchfiles.main:1 change detected
INFO:watchfiles.main:1 change detected
INFO:watchfiles.main:1 change detected
INFO:watchfiles.main:1 change detected
INFO:watchfiles.main:1 change detected
INFO:     127.0.0.1:50262 - "GET / HTTP/1.1" 200 OK
INFO:     127.0.0.1:50262 - "GET /static/css/themes.css?v=2 HTTP/1.1" 200 OK
INFO:     127.0.0.1:50262 - "GET /static/css/components.css?v=2 HTTP/1.1" 200 OK
INFO:     127.0.0.1:50262 - "GET /static/js/settings-manager.js HTTP/1.1" 200 OK
INFO:minimax_tts:ğŸ”‘ Loading MiniMax credentials...
INFO:minimax_tts:   API Key: âœ… Set
INFO:minimax_tts:   Group ID: âœ… Set
INFO:minimax_tts:   Custom Voice: Not set
INFO:minimax_tts:   Model: speech-02-turbo
INFO:minimax_tts:ğŸ”‘ Loading MiniMax credentials...
INFO:minimax_tts:   API Key: âœ… Set
INFO:minimax_tts:   Group ID: âœ… Set
INFO:minimax_tts:   Custom Voice: Not set
INFO:minimax_tts:   Model: speech-02-turbo
INFO:minimax_tts:ğŸ”§ MiniMax configuration status: âœ… Ready
INFO:     127.0.0.1:50262 - "GET /tts-engines-info HTTP/1.1" 200 OK
INFO:     127.0.0.1:50262 - "GET /credentials-status HTTP/1.1" 200 OK
INFO:watchfiles.main:1 change detected
INFO:minimax_tts:ğŸ”‘ Loading MiniMax credentials...
INFO:minimax_tts:   API Key: âœ… Set
INFO:minimax_tts:   Group ID: âœ… Set
INFO:minimax_tts:   Custom Voice: Not set
INFO:minimax_tts:   Model: speech-02-turbo
INFO:minimax_tts:ğŸ”§ MiniMax configuration status: âœ… Ready
INFO:minimax_tts:ğŸ¯ MiniMax TTS generation started
INFO:minimax_tts:   Text: 'å°±åƒå¿ƒé‡Œèµ·çš„å°æ³¢æµªï¼Œæ˜¯ä½ çªç„¶æƒ³åˆ°çš„å¿µå¤´'
INFO:minimax_tts:   Voice: male-qn-qingse
INFO:minimax_tts:   Speed: 1.0
INFO:minimax_tts:ğŸ”‘ Loading MiniMax credentials...
INFO:minimax_tts:   API Key: âœ… Set
INFO:minimax_tts:   Group ID: âœ… Set
INFO:minimax_tts:   Custom Voice: Not set
INFO:minimax_tts:   Model: speech-02-turbo
INFO:minimax_tts:ğŸ”§ MiniMax configuration status: âœ… Ready
INFO:minimax_tts:   Cleaned text: 'å°±åƒå¿ƒé‡Œèµ·çš„å°æ³¢æµªï¼Œæ˜¯ä½ çªç„¶æƒ³åˆ°çš„å¿µå¤´'
INFO:minimax_tts:ğŸ”„ Calling MiniMax API...
INFO:minimax_tts:ğŸ“ API Request Details:
INFO:minimax_tts:   URL: https://api.minimax.io/v1/t2a_v2?GroupId=1881950105762796202
INFO:minimax_tts:   Model: speech-02-turbo
INFO:minimax_tts:   Voice: male-qn-qingse (requested: male-qn-qingse)
INFO:minimax_tts:   Speed: 1.0
INFO:minimax_tts:   Text length: 19 characters
INFO:minimax_tts:ğŸ¯ Attempting to enable subtitles for sentence-level timing
INFO:minimax_tts:ğŸ”„ Sending request to MiniMax API...
INFO:watchfiles.main:1 change detected
INFO:minimax_tts:ğŸ“Š Response received in 1.50s
INFO:minimax_tts:   Status code: 200
INFO:minimax_tts:   Response size: 67 bytes
DEBUG:minimax_tts:ğŸ“‹ API Response structure: ['base_resp']
INFO:minimax_tts:   API Status: 1004 - token is unusable
ERROR:minimax_tts:âŒ MiniMax API error: token is unusable
ERROR:minimax_tts:âŒ TTS generation failed: MiniMax API error: token is unusable
ERROR:minimax_tts:âŒ MiniMax TTS generation failed: MiniMax TTS generation failed: MiniMax API error: token is unusable
Traceback (most recent call last):
  File "/mnt/d/FastTTS/tts/minimax_tts_engine.py", line 247, in _call_minimax_api
    raise RuntimeError(f"MiniMax API error: {error_msg}")
RuntimeError: MiniMax API error: token is unusable

During handling of the above exception, another exception occurred:

Traceback (most recent call last):
  File "/mnt/d/FastTTS/main.py", line 643, in _generate_tts_response
    audio_data, word_timings = await tts_engine.generate_speech(text, voice, speed)
                               ^^^^^^^^^^^^^^^^^^^^^^^^^^^^^^^^^^^^^^^^^^^^^^^^^^^^
  File "/mnt/d/FastTTS/tts/minimax_tts_engine.py", line 152, in generate_speech
    audio_bytes, sentence_timings = await self._call_minimax_api(cleaned_text, voice, speed)
                                    ^^^^^^^^^^^^^^^^^^^^^^^^^^^^^^^^^^^^^^^^^^^^^^^^^^^^^^^^
  File "/mnt/d/FastTTS/tts/minimax_tts_engine.py", line 277, in _call_minimax_api
    raise RuntimeError(f"MiniMax TTS generation failed: {str(e)}")
RuntimeError: MiniMax TTS generation failed: MiniMax API error: token is unusable
============================================================
ğŸ¯ TTS GENERATION REQUEST STARTED
============================================================
ğŸ“ Form data received:
   Text: 'å°±åƒå¿ƒé‡Œèµ·çš„å°æ³¢æµªï¼Œæ˜¯ä½ çªç„¶æƒ³åˆ°çš„å¿µå¤´'
   Engine: hailuo
   Voice: male-qn-qingse
   Speed: 1
ğŸ¤ Final parameters: engine=hailuo, voice=male-qn-qingse, speed=1Ã—

ğŸ”§ _generate_tts_response called:
   Text: 'å°±åƒå¿ƒé‡Œèµ·çš„å°æ³¢æµªï¼Œæ˜¯ä½ çªç„¶æƒ³åˆ°çš„å¿µå¤´'
   Engine: hailuo
   Voice: male-qn-qingse
   Speed: 1.0
ğŸ­ Creating TTS engine instance for: hailuo
âœ… Engine created: MiniMax Hailuo
ğŸ”§ Engine configuration status: True
ğŸš€ Starting TTS generation with MiniMax Hailuo
============================================================
âŒ TTS GENERATION FAILED
============================================================
Error type: RuntimeError
Error message: MiniMax TTS generation failed: MiniMax API error: token is unusable
Engine: hailuo
Voice: male-qn-qingse
Speed: 1.0
Text: 'å°±åƒå¿ƒé‡Œèµ·çš„å°æ³¢æµªï¼Œæ˜¯ä½ çªç„¶æƒ³åˆ°çš„å¿µå¤´'
Traceback:
============================================================
INFO:     127.0.0.1:50262 - "POST /generate-custom-tts HTTP/1.1" 200 OK
INFO:minimax_tts:ğŸ”‘ Loading MiniMax credentials...
INFO:minimax_tts:   API Key: âœ… Set
INFO:minimax_tts:   Group ID: âœ… Set
INFO:minimax_tts:   Custom Voice: Not set
INFO:minimax_tts:   Model: speech-02-turbo
INFO:minimax_tts:ğŸ”§ MiniMax configuration status: âœ… Ready
INFO:minimax_tts:ğŸ¯ MiniMax TTS generation started
INFO:minimax_tts:   Text: 'å°±åƒå¿ƒé‡Œèµ·çš„å°æ³¢æµªï¼Œæ˜¯ä½ çªç„¶æƒ³åˆ°çš„å¿µå¤´'
INFO:minimax_tts:   Voice: male-qn-qingse
INFO:minimax_tts:   Speed: 1.0
INFO:minimax_tts:ğŸ”‘ Loading MiniMax credentials...
INFO:minimax_tts:   API Key: âœ… Set
INFO:minimax_tts:   Group ID: âœ… Set
INFO:minimax_tts:   Custom Voice: Not set
INFO:minimax_tts:   Model: speech-02-turbo
INFO:minimax_tts:ğŸ”§ MiniMax configuration status: âœ… Ready
INFO:minimax_tts:   Cleaned text: 'å°±åƒå¿ƒé‡Œèµ·çš„å°æ³¢æµªï¼Œæ˜¯ä½ çªç„¶æƒ³åˆ°çš„å¿µå¤´'
INFO:minimax_tts:ğŸ”„ Calling MiniMax API...
INFO:minimax_tts:ğŸ“ API Request Details:
INFO:minimax_tts:   URL: https://api.minimax.io/v1/t2a_v2?GroupId=1881950105762796202
INFO:minimax_tts:   Model: speech-02-turbo
INFO:minimax_tts:   Voice: male-qn-qingse (requested: male-qn-qingse)
INFO:minimax_tts:   Speed: 1.0
INFO:minimax_tts:   Text length: 19 characters
INFO:minimax_tts:ğŸ¯ Attempting to enable subtitles for sentence-level timing
INFO:minimax_tts:ğŸ”„ Sending request to MiniMax API...
INFO:watchfiles.main:1 change detected
INFO:minimax_tts:ğŸ“Š Response received in 1.10s
INFO:minimax_tts:   Status code: 200
INFO:minimax_tts:   Response size: 67 bytes
DEBUG:minimax_tts:ğŸ“‹ API Response structure: ['base_resp']
INFO:minimax_tts:   API Status: 1004 - token is unusable
ERROR:minimax_tts:âŒ MiniMax API error: token is unusable
ERROR:minimax_tts:âŒ TTS generation failed: MiniMax API error: token is unusable
ERROR:minimax_tts:âŒ MiniMax TTS generation failed: MiniMax TTS generation failed: MiniMax API error: token is unusable
Traceback (most recent call last):
  File "/mnt/d/FastTTS/tts/minimax_tts_engine.py", line 247, in _call_minimax_api
    raise RuntimeError(f"MiniMax API error: {error_msg}")
RuntimeError: MiniMax API error: token is unusable

During handling of the above exception, another exception occurred:

Traceback (most recent call last):
  File "/mnt/d/FastTTS/main.py", line 643, in _generate_tts_response
    audio_data, word_timings = await tts_engine.generate_speech(text, voice, speed)
                               ^^^^^^^^^^^^^^^^^^^^^^^^^^^^^^^^^^^^^^^^^^^^^^^^^^^^
  File "/mnt/d/FastTTS/tts/minimax_tts_engine.py", line 152, in generate_speech
    audio_bytes, sentence_timings = await self._call_minimax_api(cleaned_text, voice, speed)
                                    ^^^^^^^^^^^^^^^^^^^^^^^^^^^^^^^^^^^^^^^^^^^^^^^^^^^^^^^^
  File "/mnt/d/FastTTS/tts/minimax_tts_engine.py", line 277, in _call_minimax_api
    raise RuntimeError(f"MiniMax TTS generation failed: {str(e)}")
RuntimeError: MiniMax TTS generation failed: MiniMax API error: token is unusable
============================================================
ğŸ¯ TTS GENERATION REQUEST STARTED
============================================================
ğŸ“ Form data received:
   Text: 'å°±åƒå¿ƒé‡Œèµ·çš„å°æ³¢æµªï¼Œæ˜¯ä½ çªç„¶æƒ³åˆ°çš„å¿µå¤´'
   Engine: hailuo
   Voice: male-qn-qingse
   Speed: 1
ğŸ¤ Final parameters: engine=hailuo, voice=male-qn-qingse, speed=1Ã—

ğŸ”§ _generate_tts_response called:
   Text: 'å°±åƒå¿ƒé‡Œèµ·çš„å°æ³¢æµªï¼Œæ˜¯ä½ çªç„¶æƒ³åˆ°çš„å¿µå¤´'
   Engine: hailuo
   Voice: male-qn-qingse
   Speed: 1.0
ğŸ­ Creating TTS engine instance for: hailuo
âœ… Engine created: MiniMax Hailuo
ğŸ”§ Engine configuration status: True
ğŸš€ Starting TTS generation with MiniMax Hailuo
============================================================
âŒ TTS GENERATION FAILED
============================================================
Error type: RuntimeError
Error message: MiniMax TTS generation failed: MiniMax API error: token is unusable
Engine: hailuo
Voice: male-qn-qingse
Speed: 1.0
Text: 'å°±åƒå¿ƒé‡Œèµ·çš„å°æ³¢æµªï¼Œæ˜¯ä½ çªç„¶æƒ³åˆ°çš„å¿µå¤´'
Traceback:
============================================================
INFO:     127.0.0.1:50262 - "POST /generate-custom-tts HTTP/1.1" 200 OK
INFO:watchfiles.main:1 change detected
INFO:watchfiles.main:1 change detected
INFO:     127.0.0.1:50266 - "GET /load-session/20250618_200050 HTTP/1.1" 200 OK
INFO:watchfiles.main:1 change detected
INFO:minimax_tts:ğŸ”‘ Loading MiniMax credentials...
INFO:minimax_tts:   API Key: âœ… Set
INFO:minimax_tts:   Group ID: âœ… Set
INFO:minimax_tts:   Custom Voice: Not set
INFO:minimax_tts:   Model: speech-02-turbo
INFO:minimax_tts:ğŸ”§ MiniMax configuration status: âœ… Ready
INFO:minimax_tts:ğŸ¯ MiniMax TTS generation started
INFO:minimax_tts:   Text: 'ç¾å›½çš„èµ„æœ¬ä¹Ÿåœ¨æš—æˆ³æˆ³çš„å¹²è¿™äº‹ã€‚'
INFO:minimax_tts:   Voice: custom
INFO:minimax_tts:   Speed: 1.0
INFO:minimax_tts:ğŸ”‘ Loading MiniMax credentials...
INFO:minimax_tts:   API Key: âœ… Set
INFO:minimax_tts:   Group ID: âœ… Set
INFO:minimax_tts:   Custom Voice: Not set
INFO:minimax_tts:   Model: speech-02-turbo
INFO:minimax_tts:ğŸ”§ MiniMax configuration status: âœ… Ready
INFO:minimax_tts:   Cleaned text: 'ç¾å›½çš„èµ„æœ¬ä¹Ÿåœ¨æš—æˆ³æˆ³çš„å¹²è¿™äº‹ã€‚'
INFO:minimax_tts:ğŸ”„ Calling MiniMax API...
INFO:minimax_tts:ğŸ“ API Request Details:
INFO:minimax_tts:   URL: https://api.minimax.io/v1/t2a_v2?GroupId=1881950105762796202
INFO:minimax_tts:   Model: speech-02-turbo
INFO:minimax_tts:   Voice: custom (requested: custom)
INFO:minimax_tts:   Speed: 1.0
INFO:minimax_tts:   Text length: 15 characters
INFO:minimax_tts:ğŸ¯ Attempting to enable subtitles for sentence-level timing
INFO:minimax_tts:ğŸ”„ Sending request to MiniMax API...
INFO:minimax_tts:ğŸ“Š Response received in 1.09s
INFO:minimax_tts:   Status code: 200
INFO:minimax_tts:   Response size: 67 bytes
DEBUG:minimax_tts:ğŸ“‹ API Response structure: ['base_resp']
INFO:minimax_tts:   API Status: 1004 - token is unusable
ERROR:minimax_tts:âŒ MiniMax API error: token is unusable
ERROR:minimax_tts:âŒ TTS generation failed: MiniMax API error: token is unusable
ERROR:minimax_tts:âŒ MiniMax TTS generation failed: MiniMax TTS generation failed: MiniMax API error: token is unusable
Traceback (most recent call last):
  File "/mnt/d/FastTTS/tts/minimax_tts_engine.py", line 247, in _call_minimax_api
    raise RuntimeError(f"MiniMax API error: {error_msg}")
RuntimeError: MiniMax API error: token is unusable

During handling of the above exception, another exception occurred:

Traceback (most recent call last):
  File "/mnt/d/FastTTS/main.py", line 643, in _generate_tts_response
    audio_data, word_timings = await tts_engine.generate_speech(text, voice, speed)
                               ^^^^^^^^^^^^^^^^^^^^^^^^^^^^^^^^^^^^^^^^^^^^^^^^^^^^
  File "/mnt/d/FastTTS/tts/minimax_tts_engine.py", line 152, in generate_speech
    audio_bytes, sentence_timings = await self._call_minimax_api(cleaned_text, voice, speed)
                                    ^^^^^^^^^^^^^^^^^^^^^^^^^^^^^^^^^^^^^^^^^^^^^^^^^^^^^^^^
  File "/mnt/d/FastTTS/tts/minimax_tts_engine.py", line 277, in _call_minimax_api
    raise RuntimeError(f"MiniMax TTS generation failed: {str(e)}")
RuntimeError: MiniMax TTS generation failed: MiniMax API error: token is unusable
============================================================
ğŸ¯ TTS GENERATION REQUEST STARTED
============================================================
ğŸ“ Form data received:
   Text: 'ç¾å›½çš„èµ„æœ¬ä¹Ÿåœ¨æš—æˆ³æˆ³çš„å¹²è¿™äº‹ã€‚'
   Engine: hailuo
   Voice: custom
   Speed: 1
ğŸ¤ Final parameters: engine=hailuo, voice=custom, speed=1Ã—

ğŸ”§ _generate_tts_response called:
   Text: 'ç¾å›½çš„èµ„æœ¬ä¹Ÿåœ¨æš—æˆ³æˆ³çš„å¹²è¿™äº‹ã€‚'
   Engine: hailuo
   Voice: custom
   Speed: 1.0
ğŸ­ Creating TTS engine instance for: hailuo
âœ… Engine created: MiniMax Hailuo
ğŸ”§ Engine configuration status: True
ğŸš€ Starting TTS generation with MiniMax Hailuo
============================================================
âŒ TTS GENERATION FAILED
============================================================
Error type: RuntimeError
Error message: MiniMax TTS generation failed: MiniMax API error: token is unusable
Engine: hailuo
Voice: custom
Speed: 1.0
Text: 'ç¾å›½çš„èµ„æœ¬ä¹Ÿåœ¨æš—æˆ³æˆ³çš„å¹²è¿™äº‹ã€‚'
Traceback:
============================================================
INFO:     127.0.0.1:50276 - "POST /generate-custom-tts HTTP/1.1" 200 OK
INFO:watchfiles.main:1 change detected
INFO:watchfiles.main:1 change detected
INFO:     127.0.0.1:50284 - "GET /.well-known/appspecific/com.chrome.devtools.json HTTP/1.1" 404 Not Found
INFO:watchfiles.main:1 change detected
INFO:watchfiles.main:1 change detected
INFO:watchfiles.main:1 change detected
INFO:watchfiles.main:1 change detected
INFO:watchfiles.main:1 change detected
INFO:watchfiles.main:1 change detected
INFO:watchfiles.main:1 change detected
INFO:watchfiles.main:1 change detected
INFO:watchfiles.main:1 change detected
INFO:watchfiles.main:1 change detected
INFO:watchfiles.main:1 change detected
INFO:watchfiles.main:1 change detected
INFO:watchfiles.main:1 change detected
INFO:watchfiles.main:1 change detected
INFO:watchfiles.main:1 change detected
INFO:watchfiles.main:1 change detected
ğŸ¯ Word interaction received: hover-enter on 'èµ„æœ¬' (word-2)
ğŸ“Š Processing hover-enter for word 'èµ„æœ¬' at position 2
INFO:     127.0.0.1:49836 - "POST /word-interaction HTTP/1.1" 200 OK
INFO:watchfiles.main:1 change detected
INFO:watchfiles.main:1 change detected
ğŸ¯ Word interaction received: hover-enter on 'çš„' (word-8)
ğŸ“Š Processing hover-enter for word 'çš„' at position 8
INFO:     127.0.0.1:49838 - "POST /word-interaction HTTP/1.1" 200 OK
ğŸ¯ Word interaction received: hover-enter on 'æˆ³' (word-7)
ğŸ“Š Processing hover-enter for word 'æˆ³' at position 7
INFO:     127.0.0.1:49838 - "POST /word-interaction HTTP/1.1" 200 OK
ğŸ¯ Word interaction received: hover-enter on 'æˆ³' (word-6)
ğŸ“Š Processing hover-enter for word 'æˆ³' at position 6
INFO:     127.0.0.1:49838 - "POST /word-interaction HTTP/1.1" 200 OK
ğŸ¯ Word interaction received: hover-enter on 'æš—' (word-5)
ğŸ“Š Processing hover-enter for word 'æš—' at position 5
INFO:     127.0.0.1:49838 - "POST /word-interaction HTTP/1.1" 200 OK
ğŸ¯ Word interaction received: hover-enter on 'åœ¨' (word-4)
ğŸ“Š Processing hover-enter for word 'åœ¨' at position 4
INFO:     127.0.0.1:49838 - "POST /word-interaction HTTP/1.1" 200 OK
ğŸ¯ Word interaction received: hover-enter on 'ä¹Ÿ' (word-3)
ğŸ“Š Processing hover-enter for word 'ä¹Ÿ' at position 3
INFO:     127.0.0.1:49838 - "POST /word-interaction HTTP/1.1" 200 OK
ğŸ¯ Word interaction received: hover-enter on 'èµ„æœ¬' (word-2)
ğŸ“Š Processing hover-enter for word 'èµ„æœ¬' at position 2
INFO:     127.0.0.1:49838 - "POST /word-interaction HTTP/1.1" 200 OK
INFO:     127.0.0.1:49838 - "GET /favicon.ico HTTP/1.1" 404 Not Found
ğŸ¯ Word interaction received: hover-enter on 'åœ¨' (word-4)
ğŸ“Š Processing hover-enter for word 'åœ¨' at position 4
INFO:     127.0.0.1:49838 - "POST /word-interaction HTTP/1.1" 200 OK
ğŸ¯ Word interaction received: hover-enter on 'æš—' (word-5)
ğŸ“Š Processing hover-enter for word 'æš—' at position 5
INFO:     127.0.0.1:49838 - "POST /word-interaction HTTP/1.1" 200 OK
INFO:watchfiles.main:1 change detected
============================================================
ğŸ¯ TTS GENERATION REQUEST STARTED
============================================================
ğŸ“ Form data received:
   Text: 'ç¾å›½çš„èµ„æœ¬ä¹Ÿåœ¨æš—æˆ³æˆ³çš„å¹²è¿™äº‹ã€‚'
   Engine: edge
   Voice: zh-CN-XiaoxiaoNeural
   Speed: 1
ğŸ¤ Final parameters: engine=edge, voice=zh-CN-XiaoxiaoNeural, speed=1Ã—

ğŸ”§ _generate_tts_response called:
   Text: 'ç¾å›½çš„èµ„æœ¬ä¹Ÿåœ¨æš—æˆ³æˆ³çš„å¹²è¿™äº‹ã€‚'
   Engine: edge
   Voice: zh-CN-XiaoxiaoNeural
   Speed: 1.0
ğŸ­ Creating TTS engine instance for: edge
âœ… Engine created: Edge TTS
ğŸš€ Starting TTS generation with Edge TTS
âœ… TTS generation completed!
   Audio size: 20880 bytes
   Word timings: 12 entries
INFO:     127.0.0.1:49838 - "POST /generate-custom-tts HTTP/1.1" 200 OK
ğŸ¯ Word interaction received: hover-enter on 'æš—' (word-5)
ğŸ“Š Processing hover-enter for word 'æš—' at position 5
INFO:     127.0.0.1:49838 - "POST /word-interaction HTTP/1.1" 200 OK
ğŸ¯ Word interaction received: hover-enter on 'åœ¨' (word-4)
ğŸ“Š Processing hover-enter for word 'åœ¨' at position 4
INFO:     127.0.0.1:49838 - "POST /word-interaction HTTP/1.1" 200 OK
ğŸ¯ Word interaction received: hover-enter on 'åœ¨' (word-4)
ğŸ“Š Processing hover-enter for word 'åœ¨' at position 4
INFO:     127.0.0.1:49838 - "POST /word-interaction HTTP/1.1" 200 OK
INFO:watchfiles.main:2 changes detected
ğŸ¯ Word interaction received: hover-enter on 'æˆ³' (word-7)
ğŸ“Š Processing hover-enter for word 'æˆ³' at position 7
INFO:     127.0.0.1:49838 - "POST /word-interaction HTTP/1.1" 200 OK
ğŸ¯ Word interaction received: hover-enter on 'æˆ³' (word-6)
ğŸ“Š Processing hover-enter for word 'æˆ³' at position 6
INFO:     127.0.0.1:49838 - "POST /word-interaction HTTP/1.1" 200 OK
ğŸ¯ Word interaction received: hover-enter on 'æš—' (word-5)
ğŸ“Š Processing hover-enter for word 'æš—' at position 5
INFO:     127.0.0.1:49838 - "POST /word-interaction HTTP/1.1" 200 OK
ğŸ¯ Word interaction received: hover-enter on 'åœ¨' (word-4)
ğŸ“Š Processing hover-enter for word 'åœ¨' at position 4
INFO:     127.0.0.1:49838 - "POST /word-interaction HTTP/1.1" 200 OK
ğŸ¯ Word interaction received: hover-enter on 'ä¹Ÿ' (word-3)
ğŸ“Š Processing hover-enter for word 'ä¹Ÿ' at position 3
INFO:     127.0.0.1:49838 - "POST /word-interaction HTTP/1.1" 200 OK
ğŸ¯ Word interaction received: hover-enter on 'äº‹' (word-11)
ğŸ“Š Processing hover-enter for word 'äº‹' at position 11
INFO:     127.0.0.1:49838 - "POST /word-interaction HTTP/1.1" 200 OK
ğŸ¯ Word interaction received: hover-enter on 'è¿™' (word-10)
ğŸ“Š Processing hover-enter for word 'è¿™' at position 10
INFO:     127.0.0.1:49838 - "POST /word-interaction HTTP/1.1" 200 OK
INFO:watchfiles.main:1 change detected
INFO:     127.0.0.1:49838 - "GET /load-session/20250618_004434 HTTP/1.1" 200 OK
ğŸ¯ Word interaction received: hover-enter on 'å…ˆ' (word-47)
ğŸ“Š Processing hover-enter for word 'å…ˆ' at position 47
INFO:     127.0.0.1:49838 - "POST /word-interaction HTTP/1.1" 200 OK
ğŸ¯ Word interaction received: hover-enter on 'æ°‘ä¸»' (word-48)
ğŸ“Š Processing hover-enter for word 'æ°‘ä¸»' at position 48
INFO:     127.0.0.1:49838 - "POST /word-interaction HTTP/1.1" 200 OK
ğŸ¯ Word interaction received: hover-enter on 'è®¨è®º' (word-49)
ğŸ“Š Processing hover-enter for word 'è®¨è®º' at position 49
INFO:     127.0.0.1:49838 - "POST /word-interaction HTTP/1.1" 200 OK
ğŸ¯ Word interaction received: hover-enter on 'æ‰€ä»¥' (word-58)
ğŸ“Š Processing hover-enter for word 'æ‰€ä»¥' at position 58
INFO:     127.0.0.1:49838 - "POST /word-interaction HTTP/1.1" 200 OK
ğŸ¯ Word interaction received: hover-enter on 'å…¨ç¥¨' (word-59)
ğŸ“Š Processing hover-enter for word 'å…¨ç¥¨' at position 59
INFO:     127.0.0.1:49838 - "POST /word-interaction HTTP/1.1" 200 OK
ğŸ¯ Word interaction received: hover-enter on 'é€šè¿‡' (word-60)
ğŸ“Š Processing hover-enter for word 'é€šè¿‡' at position 60
INFO:     127.0.0.1:49838 - "POST /word-interaction HTTP/1.1" 200 OK
ğŸ¯ Word interaction received: hover-enter on 'ä¸' (word-61)
ğŸ“Š Processing hover-enter for word 'ä¸' at position 61
INFO:     127.0.0.1:49838 - "POST /word-interaction HTTP/1.1" 200 OK
ğŸ¯ Word interaction received: hover-enter on 'å¥‡æ€ª' (word-62)
ğŸ“Š Processing hover-enter for word 'å¥‡æ€ª' at position 62
INFO:     127.0.0.1:49838 - "POST /word-interaction HTTP/1.1" 200 OK
INFO:watchfiles.main:1 change detected
============================================================
ğŸ¯ TTS GENERATION REQUEST STARTED
============================================================
ğŸ“ Form data received:
   Text: 'ç¾å›½çš„èµ„æœ¬ä¹Ÿåœ¨æš—æˆ³æˆ³çš„å¹²è¿™äº‹ã€‚ç°åœ¨å¯¹æ°‘ä¸»çš„å®šä¹‰,é»˜è®¤æ˜¯è¥¿æ–¹å¼æ°‘ä¸»ã€‚ä½ é‡‡ç”¨äº†è¿™ä¸ªæ ‡å‡†ï¼Œå°±ç†è§£ä¸äº†åæ˜¥è¹...'
   Engine: edge
   Voice: zh-CN-XiaoxiaoNeural
   Speed: 1
ğŸ¤ Final parameters: engine=edge, voice=zh-CN-XiaoxiaoNeural, speed=1Ã—

ğŸ”§ _generate_tts_response called:
   Text: 'ç¾å›½çš„èµ„æœ¬ä¹Ÿåœ¨æš—æˆ³æˆ³çš„å¹²è¿™äº‹ã€‚ç°åœ¨å¯¹æ°‘ä¸»çš„å®šä¹‰,é»˜è®¤æ˜¯è¥¿æ–¹å¼æ°‘ä¸»ã€‚ä½ é‡‡ç”¨äº†è¿™ä¸ªæ ‡å‡†ï¼Œå°±ç†è§£ä¸äº†åæ˜¥è¹è¯´çš„è¯ï¼Œä¸­å›½çš„æ°‘ä¸»è¿˜æ˜¯çœŸæ­£çš„æ°‘ä¸»ï¼Œå› ä¸ºä¸­å›½çš„æ°‘ä¸»æ˜¯æ°‘ä¸»é›†ä¸­åˆ¶ï¼Œå…ˆæ°‘ä¸»è®¨è®ºï¿½æ‰¾åˆ°ä¸åŒæ„è§çš„æœ€å¤§å…¬çº¦æ•°ï¼Œå†é›†ä¸­è¡¨å†³ï¼Œæ‰€ä»¥å…¨ç¥¨é€šè¿‡ä¸å¥‡æ€ªï¼Œè€Œè¥¿æ–¹ä¼šè§‰å¾—å¤ªå‡äº†ï¼Œæ€ä¹ˆå¯èƒ½æœ‰å…¨ç¥¨é€šè¿‡è¿™ç§äº‹ï¼Œä½ å¥½æ­¹æ‰¾äººè¡¨æ¼”ä¸€ä¸‹åå¯¹æ´¾å§ï¼Œç¾å›½çš„èµ„æœ¬ä¹Ÿåœ¨æš—æˆ³æˆ³çš„å¹²è¿™äº‹ã€‚ç°åœ¨å¯¹æ°‘ä¸»çš„å®šä¹‰,é»˜è®¤æ˜¯è¥¿æ–¹å¼æ°‘ä¸»ã€‚ä½ é‡‡ç”¨äº†è¿™ä¸ªæ ‡å‡†ï¼Œå°±ç†è§£ä¸äº†åæ˜¥è¹è¯´çš„è¯ï¼Œä¸­å›½çš„æ°‘ä¸»è¿˜æ˜¯çœŸæ­£çš„æ°‘ä¸»ï¼Œå› ä¸ºä¸­å›½çš„æ°‘ä¸»æ˜¯æ°‘ä¸»é›†ä¸­åˆ¶ï¼Œå…ˆæ°‘ä¸»è®¨è®ºï¿½æ‰¾åˆ°ä¸åŒæ„è§çš„æœ€å¤§å…¬çº¦æ•°ï¼Œå†é›†ä¸­è¡¨å†³ï¼Œæ‰€ä»¥å…¨ç¥¨é€šè¿‡ä¸å¥‡æ€ªï¼Œè€Œè¥¿æ–¹ä¼šè§‰å¾—å¤ªå‡äº†ï¼Œæ€ä¹ˆå¯èƒ½æœ‰å…¨ç¥¨é€šè¿‡è¿™ç§äº‹ï¼Œä½ å¥½æ­¹æ‰¾äººè¡¨æ¼”ä¸€ä¸‹åå¯¹æ´¾å§ï¼Œç¾å›½çš„èµ„æœ¬ä¹Ÿåœ¨æš—æˆ³æˆ³çš„å¹²è¿™äº‹ã€‚ç°åœ¨å¯¹æ°‘ä¸»çš„å®šä¹‰,é»˜è®¤æ˜¯è¥¿æ–¹å¼æ°‘ä¸»ã€‚ä½ é‡‡ç”¨äº†è¿™ä¸ªæ ‡å‡†ï¼Œå°±ç†è§£ä¸äº†åæ˜¥è¹è¯´çš„è¯ï¼Œä¸­å›½çš„æ°‘ä¸»è¿˜æ˜¯çœŸæ­£çš„æ°‘ä¸»ï¼Œå› ä¸ºä¸­å›½çš„æ°‘ä¸»æ˜¯æ°‘ä¸»é›†ä¸­åˆ¶ï¼Œå…ˆæ°‘ä¸»è®¨è®ºï¿½æ‰¾åˆ°ä¸åŒæ„è§çš„æœ€å¤§å…¬çº¦æ•°ï¼Œå†é›†ä¸­è¡¨å†³ï¼Œæ‰€ä»¥å…¨ç¥¨é€šè¿‡ä¸å¥‡æ€ªï¼Œè€Œè¥¿æ–¹ä¼šè§‰å¾—å¤ªå‡äº†ï¼Œæ€ä¹ˆå¯èƒ½æœ‰å…¨ç¥¨é€šè¿‡è¿™ç§äº‹ï¼Œä½ å¥½æ­¹æ‰¾äººè¡¨æ¼”ä¸€ä¸‹åå¯¹æ´¾å§ï¼Œ'
   Engine: edge
   Voice: zh-CN-XiaoxiaoNeural
   Speed: 1.0
ğŸ­ Creating TTS engine instance for: edge
âœ… Engine created: Edge TTS
ğŸš€ Starting TTS generation with Edge TTS
ğŸ¯ Word interaction received: hover-enter on 'æ„è§' (word-52)
ğŸ“Š Processing hover-enter for word 'æ„è§' at position 52
INFO:     127.0.0.1:38280 - "POST /word-interaction HTTP/1.1" 200 OK
ğŸ¯ Word interaction received: hover-enter on 'ä¸åŒ' (word-51)
ğŸ“Š Processing hover-enter for word 'ä¸åŒ' at position 51
INFO:     127.0.0.1:38280 - "POST /word-interaction HTTP/1.1" 200 OK
ğŸ¯ Word interaction received: hover-enter on 'çš„' (word-43)
ğŸ“Š Processing hover-enter for word 'çš„' at position 43
INFO:     127.0.0.1:38280 - "POST /word-interaction HTTP/1.1" 200 OK
ğŸ¯ Word interaction received: hover-enter on 'ä¸­å›½' (word-42)
ğŸ“Š Processing hover-enter for word 'ä¸­å›½' at position 42
INFO:     127.0.0.1:38280 - "POST /word-interaction HTTP/1.1" 200 OK
ğŸ¯ Word interaction received: hover-enter on 'å› ä¸º' (word-41)
ğŸ“Š Processing hover-enter for word 'å› ä¸º' at position 41
INFO:     127.0.0.1:38280 - "POST /word-interaction HTTP/1.1" 200 OK
ğŸ¯ Word interaction received: hover-enter on 'åæ˜¥è¹' (word-30)
ğŸ“Š Processing hover-enter for word 'åæ˜¥è¹' at position 30
INFO:     127.0.0.1:38280 - "POST /word-interaction HTTP/1.1" 200 OK
ğŸ¯ Word interaction received: hover-enter on 'æ°‘ä¸»' (word-40)
ğŸ“Š Processing hover-enter for word 'æ°‘ä¸»' at position 40
INFO:     127.0.0.1:38286 - "POST /word-interaction HTTP/1.1" 200 OK
âœ… TTS generation completed!
   Audio size: 560880 bytes
   Word timings: 252 entries
INFO:     127.0.0.1:49838 - "POST /generate-custom-tts HTTP/1.1" 200 OK
ğŸ¯ Word interaction received: hover-enter on 'æ°‘ä¸»' (word-21)
ğŸ“Š Processing hover-enter for word 'æ°‘ä¸»' at position 21
INFO:     127.0.0.1:49838 - "POST /word-interaction HTTP/1.1" 200 OK
ğŸ¯ Word interaction received: hover-enter on 'äº‹' (word-11)
ğŸ“Š Processing hover-enter for word 'äº‹' at position 11
INFO:     127.0.0.1:49838 - "POST /word-interaction HTTP/1.1" 200 OK
ğŸ¯ Word interaction received: hover-enter on 'è¿™' (word-10)
ğŸ“Š Processing hover-enter for word 'è¿™' at position 10
INFO:     127.0.0.1:49838 - "POST /word-interaction HTTP/1.1" 200 OK
ğŸ¯ Word interaction received: hover-enter on 'ç¾å›½' (word-0)
ğŸ“Š Processing hover-enter for word 'ç¾å›½' at position 0
INFO:     127.0.0.1:49838 - "POST /word-interaction HTTP/1.1" 200 OK
ğŸ¯ Word interaction received: hover-enter on 'ç¾å›½' (word-0)
ğŸ“Š Processing hover-enter for word 'ç¾å›½' at position 0
INFO:     127.0.0.1:49838 - "POST /word-interaction HTTP/1.1" 200 OK
ğŸ¯ Word interaction received: hover-enter on 'çš„' (word-1)
ğŸ“Š Processing hover-enter for word 'çš„' at position 1
INFO:     127.0.0.1:49838 - "POST /word-interaction HTTP/1.1" 200 OK
ğŸ¯ Word interaction received: hover-enter on 'èµ„æœ¬' (word-2)
ğŸ“Š Processing hover-enter for word 'èµ„æœ¬' at position 2
INFO:     127.0.0.1:49838 - "POST /word-interaction HTTP/1.1" 200 OK
INFO:watchfiles.main:2 changes detected
ğŸ¯ Word interaction received: hover-enter on 'åœ¨' (word-4)
ğŸ“Š Processing hover-enter for word 'åœ¨' at position 4
INFO:     127.0.0.1:49838 - "POST /word-interaction HTTP/1.1" 200 OK
ğŸ¯ Word interaction received: hover-enter on 'æ°‘ä¸»' (word-14)
ğŸ“Š Processing hover-enter for word 'æ°‘ä¸»' at position 14
INFO:     127.0.0.1:49838 - "POST /word-interaction HTTP/1.1" 200 OK
ğŸ¯ Word interaction received: hover-enter on 'äº†' (word-24)
ğŸ“Š Processing hover-enter for word 'äº†' at position 24
INFO:     127.0.0.1:49838 - "POST /word-interaction HTTP/1.1" 200 OK
INFO:watchfiles.main:1 change detected
ğŸ¯ Word interaction received: hover-enter on 'è¿™ä¸ª' (word-25)
ğŸ“Š Processing hover-enter for word 'è¿™ä¸ª' at position 25
INFO:     127.0.0.1:49838 - "POST /word-interaction HTTP/1.1" 200 OK
ğŸ¯ Word interaction received: hover-enter on 'äº†' (word-24)
ğŸ“Š Processing hover-enter for word 'äº†' at position 24
INFO:     127.0.0.1:49838 - "POST /word-interaction HTTP/1.1" 200 OK
ğŸ¯ Word interaction received: hover-enter on 'è¯' (word-33)
ğŸ“Š Processing hover-enter for word 'è¯' at position 33
INFO:     127.0.0.1:49838 - "POST /word-interaction HTTP/1.1" 200 OK
ğŸ¯ Word interaction received: left-click on 'è¯' (word-33)
ğŸ“Š Processing left-click for word 'è¯' at position 33
INFO:     127.0.0.1:49838 - "POST /word-interaction HTTP/1.1" 200 OK
ğŸ¯ Word interaction received: right-click on 'è¯' (word-33)
ğŸ“Š Processing right-click for word 'è¯' at position 33
INFO:     127.0.0.1:49838 - "POST /word-interaction HTTP/1.1" 200 OK
ğŸ¯ Word interaction received: right-click on 'è¯' (word-33)
ğŸ“Š Processing right-click for word 'è¯' at position 33
INFO:     127.0.0.1:49838 - "POST /word-interaction HTTP/1.1" 200 OK
ğŸ¯ Word interaction received: hover-enter on 'çš„' (word-32)
ğŸ“Š Processing hover-enter for word 'çš„' at position 32
INFO:     127.0.0.1:49838 - "POST /word-interaction HTTP/1.1" 200 OK
ğŸ¯ Word interaction received: hover-enter on 'è¯´' (word-31)
ğŸ“Š Processing hover-enter for word 'è¯´' at position 31
INFO:     127.0.0.1:49838 - "POST /word-interaction HTTP/1.1" 200 OK
ğŸ¯ Word interaction received: hover-enter on 'ä½ ' (word-22)
ğŸ“Š Processing hover-enter for word 'ä½ ' at position 22
INFO:     127.0.0.1:49838 - "POST /word-interaction HTTP/1.1" 200 OK
INFO:watchfiles.main:1 change detected
ğŸ¯ Word interaction received: hover-enter on 'å¯¹' (word-13)
ğŸ“Š Processing hover-enter for word 'å¯¹' at position 13
INFO:     127.0.0.1:49838 - "POST /word-interaction HTTP/1.1" 200 OK
ğŸ¯ Word interaction received: hover-enter on 'ä¹Ÿ' (word-3)
ğŸ“Š Processing hover-enter for word 'ä¹Ÿ' at position 3
INFO:     127.0.0.1:49838 - "POST /word-interaction HTTP/1.1" 200 OK
ğŸ¯ Word interaction received: hover-enter on 'åœ¨' (word-4)
ğŸ“Š Processing hover-enter for word 'åœ¨' at position 4
INFO:     127.0.0.1:49838 - "POST /word-interaction HTTP/1.1" 200 OK
ğŸ¯ Word interaction received: hover-enter on 'èµ„æœ¬' (word-2)
ğŸ“Š Processing hover-enter for word 'èµ„æœ¬' at position 2
INFO:     127.0.0.1:49838 - "POST /word-interaction HTTP/1.1" 200 OK
ğŸ¯ Word interaction received: hover-enter on 'çš„' (word-1)
ğŸ“Š Processing hover-enter for word 'çš„' at position 1
INFO:     127.0.0.1:49838 - "POST /word-interaction HTTP/1.1" 200 OK
ğŸ¯ Word interaction received: hover-enter on 'ç¾å›½' (word-0)
ğŸ“Š Processing hover-enter for word 'ç¾å›½' at position 0
INFO:     127.0.0.1:49838 - "POST /word-interaction HTTP/1.1" 200 OK
INFO:watchfiles.main:1 change detected
INFO:watchfiles.main:1 change detected
INFO:watchfiles.main:1 change detected
============================================================
ğŸ¯ TTS GENERATION REQUEST STARTED
============================================================
ğŸ“ Form data received:
   Text: 'æˆ‘ä»¬ä¸å¾—ä¸é—®ï¼Œç†æƒ³çš„ç¤¾ä¼šæ˜¯æ€æ ·çš„ï¼Ÿéš¾é“å‘å±•å¥½ç»æµï¼Œå°±å¯ä»¥å¿½è§†è‡ªç”±çš„ä»·å€¼ï¼Ÿè¿˜æ˜¯è¯´ï¼Œåœ¨ä¸åŒæ–‡åŒ–å’Œå‘å±•é˜¶æ®µ...'
   Engine: edge
   Voice: zh-CN-XiaoxiaoNeural
   Speed: 1
ğŸ¤ Final parameters: engine=edge, voice=zh-CN-XiaoxiaoNeural, speed=1Ã—

ğŸ”§ _generate_tts_response called:
   Text: 'æˆ‘ä»¬ä¸å¾—ä¸é—®ï¼Œç†æƒ³çš„ç¤¾ä¼šæ˜¯æ€æ ·çš„ï¼Ÿéš¾é“å‘å±•å¥½ç»æµï¼Œå°±å¯ä»¥å¿½è§†è‡ªç”±çš„ä»·å€¼ï¼Ÿè¿˜æ˜¯è¯´ï¼Œåœ¨ä¸åŒæ–‡åŒ–å’Œå‘å±•é˜¶æ®µï¼Œè‡ªç”±çš„è¡¨ç°å½¢å¼å¿…é¡»æœ‰æ‰€å·®å¼‚ï¼Ÿè¿™å…¶å®æ˜¯æ¯ä¸ªå‘å±•ä¸­å›½å®¶éƒ½è¦é¢å¯¹çš„éš¾é¢˜'
   Engine: edge
   Voice: zh-CN-XiaoxiaoNeural
   Speed: 1.0
ğŸ­ Creating TTS engine instance for: edge
âœ… Engine created: Edge TTS
ğŸš€ Starting TTS generation with Edge TTS
âœ… TTS generation completed!
   Audio size: 107424 bytes
   Word timings: 44 entries
INFO:     127.0.0.1:38300 - "POST /generate-custom-tts HTTP/1.1" 200 OK
ğŸ¯ Word interaction received: hover-enter on 'å‘å±•ä¸­å›½å®¶' (word-38)
ğŸ“Š Processing hover-enter for word 'å‘å±•ä¸­å›½å®¶' at position 38
INFO:     127.0.0.1:38300 - "POST /word-interaction HTTP/1.1" 200 OK
ğŸ¯ Word interaction received: hover-enter on 'çš„' (word-28)
ğŸ“Š Processing hover-enter for word 'çš„' at position 28
INFO:     127.0.0.1:38300 - "POST /word-interaction HTTP/1.1" 200 OK
ğŸ¯ Word interaction received: hover-enter on 'ä»·å€¼' (word-18)
ğŸ“Š Processing hover-enter for word 'ä»·å€¼' at position 18
INFO:     127.0.0.1:38300 - "POST /word-interaction HTTP/1.1" 200 OK
ğŸ¯ Word interaction received: hover-enter on 'çš„' (word-17)
ğŸ“Š Processing hover-enter for word 'çš„' at position 17
INFO:     127.0.0.1:38300 - "POST /word-interaction HTTP/1.1" 200 OK
ğŸ¯ Word interaction received: hover-enter on 'æ€æ ·' (word-7)
ğŸ“Š Processing hover-enter for word 'æ€æ ·' at position 7
INFO:     127.0.0.1:38300 - "POST /word-interaction HTTP/1.1" 200 OK
ğŸ¯ Word interaction received: hover-enter on 'æ˜¯' (word-6)
ğŸ“Š Processing hover-enter for word 'æ˜¯' at position 6
INFO:     127.0.0.1:38300 - "POST /word-interaction HTTP/1.1" 200 OK
INFO:watchfiles.main:2 changes detected
ğŸ¯ Word interaction received: hover-enter on 'ç¤¾ä¼š' (word-5)
ğŸ“Š Processing hover-enter for word 'ç¤¾ä¼š' at position 5
INFO:     127.0.0.1:38300 - "POST /word-interaction HTTP/1.1" 200 OK
ğŸ¯ Word interaction received: hover-enter on 'è‡ªç”±' (word-16)
ğŸ“Š Processing hover-enter for word 'è‡ªç”±' at position 16
INFO:     127.0.0.1:38300 - "POST /word-interaction HTTP/1.1" 200 OK
ğŸ¯ Word interaction received: hover-enter on 'é˜¶æ®µ' (word-26)
ğŸ“Š Processing hover-enter for word 'é˜¶æ®µ' at position 26
INFO:     127.0.0.1:38300 - "POST /word-interaction HTTP/1.1" 200 OK
ğŸ¯ Word interaction received: hover-enter on 'è‡ªç”±' (word-27)
ğŸ“Š Processing hover-enter for word 'è‡ªç”±' at position 27
INFO:     127.0.0.1:38300 - "POST /word-interaction HTTP/1.1" 200 OK
ğŸ¯ Word interaction received: hover-enter on 'çš„' (word-28)
ğŸ“Š Processing hover-enter for word 'çš„' at position 28
INFO:     127.0.0.1:38300 - "POST /word-interaction HTTP/1.1" 200 OK
ğŸ¯ Word interaction received: hover-enter on 'å‘å±•ä¸­å›½å®¶' (word-38)
ğŸ“Š Processing hover-enter for word 'å‘å±•ä¸­å›½å®¶' at position 38
INFO:     127.0.0.1:38300 - "POST /word-interaction HTTP/1.1" 200 OK
ğŸ¯ Word interaction received: hover-enter on 'å‘å±•ä¸­å›½å®¶' (word-38)
ğŸ“Š Processing hover-enter for word 'å‘å±•ä¸­å›½å®¶' at position 38
INFO:     127.0.0.1:38300 - "POST /word-interaction HTTP/1.1" 200 OK
ğŸ¯ Word interaction received: hover-enter on 'è‡ªç”±' (word-27)
ğŸ“Š Processing hover-enter for word 'è‡ªç”±' at position 27
INFO:     127.0.0.1:38300 - "POST /word-interaction HTTP/1.1" 200 OK
ğŸ¯ Word interaction received: hover-enter on 'çš„' (word-17)
ğŸ“Š Processing hover-enter for word 'çš„' at position 17
INFO:     127.0.0.1:38300 - "POST /word-interaction HTTP/1.1" 200 OK
ğŸ¯ Word interaction received: hover-enter on 'æ˜¯' (word-6)
ğŸ“Š Processing hover-enter for word 'æ˜¯' at position 6
INFO:     127.0.0.1:38300 - "POST /word-interaction HTTP/1.1" 200 OK
ğŸ¯ Word interaction received: hover-enter on 'ç¤¾ä¼š' (word-5)
ğŸ“Š Processing hover-enter for word 'ç¤¾ä¼š' at position 5
INFO:     127.0.0.1:38300 - "POST /word-interaction HTTP/1.1" 200 OK
INFO:watchfiles.main:1 change detected
INFO:watchfiles.main:1 change detected
INFO:watchfiles.main:1 change detected
ğŸ¯ Word interaction received: hover-enter on 'çš„' (word-8)
ğŸ“Š Processing hover-enter for word 'çš„' at position 8
INFO:     127.0.0.1:38316 - "POST /word-interaction HTTP/1.1" 200 OK
ğŸ¯ Word interaction received: hover-enter on 'æ€æ ·' (word-7)
ğŸ“Š Processing hover-enter for word 'æ€æ ·' at position 7
INFO:     127.0.0.1:38316 - "POST /word-interaction HTTP/1.1" 200 OK
ğŸ¯ Word interaction received: hover-enter on 'è‡ªç”±' (word-16)
ğŸ“Š Processing hover-enter for word 'è‡ªç”±' at position 16
INFO:     127.0.0.1:38316 - "POST /word-interaction HTTP/1.1" 200 OK
ğŸ¯ Word interaction received: hover-enter on 'é˜¶æ®µ' (word-26)
ğŸ“Š Processing hover-enter for word 'é˜¶æ®µ' at position 26
INFO:     127.0.0.1:38316 - "POST /word-interaction HTTP/1.1" 200 OK
ğŸ¯ Word interaction received: hover-enter on 'æ˜¯' (word-36)
ğŸ“Š Processing hover-enter for word 'æ˜¯' at position 36
INFO:     127.0.0.1:38316 - "POST /word-interaction HTTP/1.1" 200 OK
INFO:minimax_tts:ğŸ”‘ Loading MiniMax credentials...
INFO:minimax_tts:   API Key: âœ… Set
INFO:minimax_tts:   Group ID: âœ… Set
INFO:minimax_tts:   Custom Voice: Not set
INFO:minimax_tts:   Model: speech-02-turbo
INFO:minimax_tts:ğŸ”§ MiniMax configuration status: âœ… Ready
INFO:minimax_tts:ğŸ¯ MiniMax TTS generation started
INFO:minimax_tts:   Text: 'æˆ‘ä»¬ä¸å¾—ä¸é—®ï¼Œç†æƒ³çš„ç¤¾ä¼šæ˜¯æ€æ ·çš„ï¼Ÿéš¾é“å‘å±•å¥½ç»æµï¼Œå°±å¯ä»¥å¿½è§†è‡ªç”±çš„ä»·å€¼ï¼Ÿè¿˜æ˜¯è¯´ï¼Œåœ¨ä¸åŒæ–‡åŒ–å’Œå‘å±•é˜¶æ®µ...'
INFO:minimax_tts:   Voice: custom
INFO:minimax_tts:   Speed: 1.0
INFO:minimax_tts:ğŸ”‘ Loading MiniMax credentials...
INFO:minimax_tts:   API Key: âœ… Set
INFO:minimax_tts:   Group ID: âœ… Set
INFO:minimax_tts:   Custom Voice: Not set
INFO:minimax_tts:   Model: speech-02-turbo
INFO:minimax_tts:ğŸ”§ MiniMax configuration status: âœ… Ready
INFO:minimax_tts:   Cleaned text: 'æˆ‘ä»¬ä¸å¾—ä¸é—®ï¼Œç†æƒ³çš„ç¤¾ä¼šæ˜¯æ€æ ·çš„ï¼Ÿéš¾é“å‘å±•å¥½ç»æµï¼Œå°±å¯ä»¥å¿½è§†è‡ªç”±çš„ä»·å€¼ï¼Ÿè¿˜æ˜¯è¯´ï¼Œåœ¨ä¸åŒæ–‡åŒ–å’Œå‘å±•é˜¶æ®µï¼Œè‡ªç”±çš„è¡¨ç°å½¢å¼å¿…é¡»æœ‰æ‰€å·®å¼‚ï¼Ÿè¿™å…¶å®æ˜¯æ¯ä¸ªå‘å±•ä¸­å›½å®¶éƒ½è¦é¢å¯¹çš„éš¾é¢˜'
INFO:minimax_tts:ğŸ”„ Calling MiniMax API...
INFO:minimax_tts:ğŸ“ API Request Details:
INFO:minimax_tts:   URL: https://api.minimax.io/v1/t2a_v2?GroupId=1881950105762796202
INFO:minimax_tts:   Model: speech-02-turbo
INFO:minimax_tts:   Voice: custom (requested: custom)
INFO:minimax_tts:   Speed: 1.0
INFO:minimax_tts:   Text length: 83 characters
INFO:minimax_tts:ğŸ¯ Attempting to enable subtitles for sentence-level timing
INFO:minimax_tts:ğŸ”„ Sending request to MiniMax API...
INFO:minimax_tts:ğŸ“Š Response received in 1.17s
INFO:minimax_tts:   Status code: 200
INFO:minimax_tts:   Response size: 67 bytes
DEBUG:minimax_tts:ğŸ“‹ API Response structure: ['base_resp']
INFO:minimax_tts:   API Status: 1004 - token is unusable
ERROR:minimax_tts:âŒ MiniMax API error: token is unusable
ERROR:minimax_tts:âŒ TTS generation failed: MiniMax API error: token is unusable
ERROR:minimax_tts:âŒ MiniMax TTS generation failed: MiniMax TTS generation failed: MiniMax API error: token is unusable
Traceback (most recent call last):
  File "/mnt/d/FastTTS/tts/minimax_tts_engine.py", line 247, in _call_minimax_api
    raise RuntimeError(f"MiniMax API error: {error_msg}")
RuntimeError: MiniMax API error: token is unusable

During handling of the above exception, another exception occurred:

Traceback (most recent call last):
  File "/mnt/d/FastTTS/main.py", line 643, in _generate_tts_response
    audio_data, word_timings = await tts_engine.generate_speech(text, voice, speed)
                               ^^^^^^^^^^^^^^^^^^^^^^^^^^^^^^^^^^^^^^^^^^^^^^^^^^^^
  File "/mnt/d/FastTTS/tts/minimax_tts_engine.py", line 152, in generate_speech
    audio_bytes, sentence_timings = await self._call_minimax_api(cleaned_text, voice, speed)
                                    ^^^^^^^^^^^^^^^^^^^^^^^^^^^^^^^^^^^^^^^^^^^^^^^^^^^^^^^^
  File "/mnt/d/FastTTS/tts/minimax_tts_engine.py", line 277, in _call_minimax_api
    raise RuntimeError(f"MiniMax TTS generation failed: {str(e)}")
RuntimeError: MiniMax TTS generation failed: MiniMax API error: token is unusable
============================================================
ğŸ¯ TTS GENERATION REQUEST STARTED
============================================================
ğŸ“ Form data received:
   Text: 'æˆ‘ä»¬ä¸å¾—ä¸é—®ï¼Œç†æƒ³çš„ç¤¾ä¼šæ˜¯æ€æ ·çš„ï¼Ÿéš¾é“å‘å±•å¥½ç»æµï¼Œå°±å¯ä»¥å¿½è§†è‡ªç”±çš„ä»·å€¼ï¼Ÿè¿˜æ˜¯è¯´ï¼Œåœ¨ä¸åŒæ–‡åŒ–å’Œå‘å±•é˜¶æ®µ...'
   Engine: hailuo
   Voice: custom
   Speed: 1
ğŸ¤ Final parameters: engine=hailuo, voice=custom, speed=1Ã—

ğŸ”§ _generate_tts_response called:
   Text: 'æˆ‘ä»¬ä¸å¾—ä¸é—®ï¼Œç†æƒ³çš„ç¤¾ä¼šæ˜¯æ€æ ·çš„ï¼Ÿéš¾é“å‘å±•å¥½ç»æµï¼Œå°±å¯ä»¥å¿½è§†è‡ªç”±çš„ä»·å€¼ï¼Ÿè¿˜æ˜¯è¯´ï¼Œåœ¨ä¸åŒæ–‡åŒ–å’Œå‘å±•é˜¶æ®µï¼Œè‡ªç”±çš„è¡¨ç°å½¢å¼å¿…é¡»æœ‰æ‰€å·®å¼‚ï¼Ÿè¿™å…¶å®æ˜¯æ¯ä¸ªå‘å±•ä¸­å›½å®¶éƒ½è¦é¢å¯¹çš„éš¾é¢˜'
   Engine: hailuo
   Voice: custom
   Speed: 1.0
ğŸ­ Creating TTS engine instance for: hailuo
âœ… Engine created: MiniMax Hailuo
ğŸ”§ Engine configuration status: True
ğŸš€ Starting TTS generation with MiniMax Hailuo
============================================================
âŒ TTS GENERATION FAILED
============================================================
Error type: RuntimeError
Error message: MiniMax TTS generation failed: MiniMax API error: token is unusable
Engine: hailuo
Voice: custom
Speed: 1.0
Text: 'æˆ‘ä»¬ä¸å¾—ä¸é—®ï¼Œç†æƒ³çš„ç¤¾ä¼šæ˜¯æ€æ ·çš„ï¼Ÿéš¾é“å‘å±•å¥½ç»æµï¼Œå°±å¯ä»¥å¿½è§†è‡ªç”±çš„ä»·å€¼ï¼Ÿè¿˜æ˜¯è¯´ï¼Œåœ¨ä¸åŒæ–‡åŒ–å’Œå‘å±•é˜¶æ®µï¼Œè‡ªç”±çš„è¡¨ç°å½¢å¼å¿…é¡»æœ‰æ‰€å·®å¼‚ï¼Ÿè¿™å…¶å®æ˜¯æ¯ä¸ªå‘å±•ä¸­å›½å®¶éƒ½è¦é¢å¯¹çš„éš¾é¢˜'
Traceback:
============================================================
INFO:     127.0.0.1:38316 - "POST /generate-custom-tts HTTP/1.1" 200 OK
INFO:watchfiles.main:1 change detected
ğŸ¯ Word interaction received: hover-enter on 'å‘å±•ä¸­å›½å®¶' (word-38)
ğŸ“Š Processing hover-enter for word 'å‘å±•ä¸­å›½å®¶' at position 38
INFO:     127.0.0.1:33946 - "POST /word-interaction HTTP/1.1" 200 OK
ğŸ¯ Word interaction received: hover-enter on 'çš„' (word-28)
ğŸ“Š Processing hover-enter for word 'çš„' at position 28
INFO:     127.0.0.1:33946 - "POST /word-interaction HTTP/1.1" 200 OK
ğŸ¯ Word interaction received: hover-enter on 'çš„' (word-17)
ğŸ“Š Processing hover-enter for word 'çš„' at position 17
INFO:     127.0.0.1:33946 - "POST /word-interaction HTTP/1.1" 200 OK
ğŸ¯ Word interaction received: hover-enter on 'æ€æ ·' (word-7)
ğŸ“Š Processing hover-enter for word 'æ€æ ·' at position 7
INFO:     127.0.0.1:33946 - "POST /word-interaction HTTP/1.1" 200 OK
ğŸ¯ Word interaction received: hover-enter on 'æ˜¯' (word-6)
ğŸ“Š Processing hover-enter for word 'æ˜¯' at position 6
INFO:     127.0.0.1:33956 - "POST /word-interaction HTTP/1.1" 200 OK
INFO:watchfiles.main:1 change detected
ğŸ¯ Word interaction received: hover-enter on 'çš„' (word-4)
ğŸ“Š Processing hover-enter for word 'çš„' at position 4
INFO:     127.0.0.1:33956 - "POST /word-interaction HTTP/1.1" 200 OK
ğŸ¯ Word interaction received: hover-enter on 'å¿½è§†' (word-15)
ğŸ“Š Processing hover-enter for word 'å¿½è§†' at position 15
INFO:     127.0.0.1:33956 - "POST /word-interaction HTTP/1.1" 200 OK
ğŸ¯ Word interaction received: hover-enter on 'å‘å±•' (word-25)
ğŸ“Š Processing hover-enter for word 'å‘å±•' at position 25
INFO:     127.0.0.1:33956 - "POST /word-interaction HTTP/1.1" 200 OK
ğŸ¯ Word interaction received: hover-enter on 'å…¶å®' (word-35)
ğŸ“Š Processing hover-enter for word 'å…¶å®' at position 35
INFO:     127.0.0.1:33956 - "POST /word-interaction HTTP/1.1" 200 OK
ğŸ¯ Word interaction received: hover-enter on 'æ˜¯' (word-36)
ğŸ“Š Processing hover-enter for word 'æ˜¯' at position 36
INFO:     127.0.0.1:33956 - "POST /word-interaction HTTP/1.1" 200 OK
INFO:     127.0.0.1:33956 - "GET /.well-known/appspecific/com.chrome.devtools.json HTTP/1.1" 404 Not Found
INFO:watchfiles.main:1 change detected
INFO:watchfiles.main:1 change detected
INFO:watchfiles.main:1 change detected
INFO:watchfiles.main:1 change detected
INFO:watchfiles.main:1 change detected
INFO:watchfiles.main:1 change detected
INFO:watchfiles.main:1 change detected
ğŸ¯ Word interaction received: hover-enter on 'æœ‰æ‰€' (word-32)
ğŸ“Š Processing hover-enter for word 'æœ‰æ‰€' at position 32
INFO:     127.0.0.1:33968 - "POST /word-interaction HTTP/1.1" 200 OK
ğŸ¯ Word interaction received: hover-enter on 'æ–‡åŒ–' (word-23)
ğŸ“Š Processing hover-enter for word 'æ–‡åŒ–' at position 23
INFO:     127.0.0.1:33968 - "POST /word-interaction HTTP/1.1" 200 OK
ğŸ¯ Word interaction received: hover-enter on 'å’Œ' (word-24)
ğŸ“Š Processing hover-enter for word 'å’Œ' at position 24
INFO:     127.0.0.1:33968 - "POST /word-interaction HTTP/1.1" 200 OK
ğŸ¯ Word interaction received: hover-enter on 'å‘å±•' (word-25)
ğŸ“Š Processing hover-enter for word 'å‘å±•' at position 25
INFO:     127.0.0.1:33968 - "POST /word-interaction HTTP/1.1" 200 OK
ğŸ¯ Word interaction received: hover-enter on 'è‡ªç”±' (word-16)
ğŸ“Š Processing hover-enter for word 'è‡ªç”±' at position 16
INFO:     127.0.0.1:33968 - "POST /word-interaction HTTP/1.1" 200 OK
INFO:watchfiles.main:1 change detected
ğŸ¯ Word interaction received: hover-enter on 'è¡¨ç°' (word-29)
ğŸ“Š Processing hover-enter for word 'è¡¨ç°' at position 29
INFO:     127.0.0.1:33968 - "POST /word-interaction HTTP/1.1" 200 OK
ğŸ¯ Word interaction received: hover-enter on 'çš„' (word-28)
ğŸ“Š Processing hover-enter for word 'çš„' at position 28
INFO:     127.0.0.1:33968 - "POST /word-interaction HTTP/1.1" 200 OK
ğŸ¯ Word interaction received: hover-enter on 'è‡ªç”±' (word-27)
ğŸ“Š Processing hover-enter for word 'è‡ªç”±' at position 27
INFO:     127.0.0.1:33968 - "POST /word-interaction HTTP/1.1" 200 OK
ğŸ¯ Word interaction received: hover-enter on 'é˜¶æ®µ' (word-26)
ğŸ“Š Processing hover-enter for word 'é˜¶æ®µ' at position 26
INFO:     127.0.0.1:33968 - "POST /word-interaction HTTP/1.1" 200 OK
ğŸ¯ Word interaction received: hover-enter on 'å¿½è§†' (word-15)
ğŸ“Š Processing hover-enter for word 'å¿½è§†' at position 15
INFO:     127.0.0.1:33968 - "POST /word-interaction HTTP/1.1" 200 OK
ğŸ¯ Word interaction received: hover-enter on 'å¯ä»¥' (word-14)
ğŸ“Š Processing hover-enter for word 'å¯ä»¥' at position 14
INFO:     127.0.0.1:33968 - "POST /word-interaction HTTP/1.1" 200 OK
ğŸ¯ Word interaction received: hover-enter on 'å°±' (word-13)
ğŸ“Š Processing hover-enter for word 'å°±' at position 13
INFO:     127.0.0.1:33968 - "POST /word-interaction HTTP/1.1" 200 OK
ğŸ¯ Word interaction received: hover-enter on 'ç»æµ' (word-12)
ğŸ“Š Processing hover-enter for word 'ç»æµ' at position 12
INFO:     127.0.0.1:33968 - "POST /word-interaction HTTP/1.1" 200 OK
ğŸ¯ Word interaction received: hover-enter on 'ä¸å¾—ä¸' (word-1)
ğŸ“Š Processing hover-enter for word 'ä¸å¾—ä¸' at position 1
INFO:     127.0.0.1:33968 - "POST /word-interaction HTTP/1.1" 200 OK
ğŸ¯ Word interaction received: hover-enter on 'æˆ‘ä»¬' (word-0)
ğŸ“Š Processing hover-enter for word 'æˆ‘ä»¬' at position 0
INFO:     127.0.0.1:33968 - "POST /word-interaction HTTP/1.1" 200 OK
ğŸ¯ Word interaction received: hover-enter on 'ä¸å¾—ä¸' (word-1)
ğŸ“Š Processing hover-enter for word 'ä¸å¾—ä¸' at position 1
INFO:     127.0.0.1:33968 - "POST /word-interaction HTTP/1.1" 200 OK
INFO:watchfiles.main:1 change detected
ğŸ¯ Word interaction received: hover-enter on 'é—®' (word-2)
ğŸ“Š Processing hover-enter for word 'é—®' at position 2
INFO:     127.0.0.1:33976 - "POST /word-interaction HTTP/1.1" 200 OK
ğŸ¯ Word interaction received: hover-enter on 'ç»æµ' (word-12)
ğŸ“Š Processing hover-enter for word 'ç»æµ' at position 12
INFO:     127.0.0.1:33976 - "POST /word-interaction HTTP/1.1" 200 OK
ğŸ¯ Word interaction received: hover-enter on 'å°±' (word-13)
ğŸ“Š Processing hover-enter for word 'å°±' at position 13
INFO:     127.0.0.1:33976 - "POST /word-interaction HTTP/1.1" 200 OK
ğŸ¯ Word interaction received: hover-enter on 'æ–‡åŒ–' (word-23)
ğŸ“Š Processing hover-enter for word 'æ–‡åŒ–' at position 23
INFO:     127.0.0.1:33976 - "POST /word-interaction HTTP/1.1" 200 OK
ğŸ¯ Word interaction received: hover-enter on 'å·®å¼‚' (word-33)
ğŸ“Š Processing hover-enter for word 'å·®å¼‚' at position 33
INFO:     127.0.0.1:33976 - "POST /word-interaction HTTP/1.1" 200 OK
ğŸ¯ Word interaction received: hover-enter on 'å·®å¼‚' (word-33)
ğŸ“Š Processing hover-enter for word 'å·®å¼‚' at position 33
INFO:     127.0.0.1:33976 - "POST /word-interaction HTTP/1.1" 200 OK
ğŸ¯ Word interaction received: hover-enter on 'æ–‡åŒ–' (word-23)
ğŸ“Š Processing hover-enter for word 'æ–‡åŒ–' at position 23
INFO:     127.0.0.1:33976 - "POST /word-interaction HTTP/1.1" 200 OK
ğŸ¯ Word interaction received: hover-enter on 'æ–‡åŒ–' (word-23)
ğŸ“Š Processing hover-enter for word 'æ–‡åŒ–' at position 23
INFO:     127.0.0.1:33976 - "POST /word-interaction HTTP/1.1" 200 OK
ğŸ¯ Word interaction received: left-click on 'æ–‡åŒ–' (word-23)
ğŸ“Š Processing left-click for word 'æ–‡åŒ–' at position 23
INFO:     127.0.0.1:33976 - "POST /word-interaction HTTP/1.1" 200 OK
INFO:watchfiles.main:1 change detected
ğŸ¯ Word interaction received: right-click on 'æ–‡åŒ–' (word-23)
ğŸ“Š Processing right-click for word 'æ–‡åŒ–' at position 23
INFO:     127.0.0.1:33976 - "POST /word-interaction HTTP/1.1" 200 OK
ğŸ¯ Word interaction received: right-click on 'æ–‡åŒ–' (word-23)
ğŸ“Š Processing right-click for word 'æ–‡åŒ–' at position 23
INFO:     127.0.0.1:33976 - "POST /word-interaction HTTP/1.1" 200 OK
ğŸ¯ Word interaction received: hover-enter on 'å’Œ' (word-24)
ğŸ“Š Processing hover-enter for word 'å’Œ' at position 24
INFO:     127.0.0.1:33976 - "POST /word-interaction HTTP/1.1" 200 OK
ğŸ¯ Word interaction received: hover-enter on 'å‘å±•' (word-25)
ğŸ“Š Processing hover-enter for word 'å‘å±•' at position 25
INFO:     127.0.0.1:33976 - "POST /word-interaction HTTP/1.1" 200 OK
ğŸ¯ Word interaction received: hover-enter on 'é˜¶æ®µ' (word-26)
ğŸ“Š Processing hover-enter for word 'é˜¶æ®µ' at position 26
INFO:     127.0.0.1:33976 - "POST /word-interaction HTTP/1.1" 200 OK
ğŸ¯ Word interaction received: hover-enter on 'å¿½è§†' (word-15)
ğŸ“Š Processing hover-enter for word 'å¿½è§†' at position 15
INFO:     127.0.0.1:33976 - "POST /word-interaction HTTP/1.1" 200 OK
ğŸ¯ Word interaction received: hover-enter on 'çš„' (word-4)
ğŸ“Š Processing hover-enter for word 'çš„' at position 4
INFO:     127.0.0.1:33976 - "POST /word-interaction HTTP/1.1" 200 OK
ğŸ¯ Word interaction received: hover-enter on 'ç†æƒ³' (word-3)
ğŸ“Š Processing hover-enter for word 'ç†æƒ³' at position 3
INFO:     127.0.0.1:33976 - "POST /word-interaction HTTP/1.1" 200 OK
ğŸ¯ Word interaction received: hover-enter on 'ç†æƒ³' (word-3)
ğŸ“Š Processing hover-enter for word 'ç†æƒ³' at position 3
INFO:     127.0.0.1:33976 - "POST /word-interaction HTTP/1.1" 200 OK
ğŸ¯ Word interaction received: hover-enter on 'å°±' (word-13)
ğŸ“Š Processing hover-enter for word 'å°±' at position 13
INFO:     127.0.0.1:33976 - "POST /word-interaction HTTP/1.1" 200 OK
ğŸ¯ Word interaction received: hover-enter on 'å’Œ' (word-24)
ğŸ“Š Processing hover-enter for word 'å’Œ' at position 24
INFO:     127.0.0.1:33976 - "POST /word-interaction HTTP/1.1" 200 OK
ğŸ¯ Word interaction received: hover-enter on 'éš¾é¢˜' (word-43)
ğŸ“Š Processing hover-enter for word 'éš¾é¢˜' at position 43
INFO:     127.0.0.1:33976 - "POST /word-interaction HTTP/1.1" 200 OK
ğŸ¯ Word interaction received: hover-enter on 'éš¾é¢˜' (word-43)
ğŸ“Š Processing hover-enter for word 'éš¾é¢˜' at position 43
INFO:     127.0.0.1:33976 - "POST /word-interaction HTTP/1.1" 200 OK
INFO:watchfiles.main:1 change detected
ğŸ¯ Word interaction received: hover-enter on 'çš„' (word-42)
ğŸ“Š Processing hover-enter for word 'çš„' at position 42
INFO:     127.0.0.1:33976 - "POST /word-interaction HTTP/1.1" 200 OK
INFO:watchfiles.main:1 change detected
INFO:watchfiles.main:1 change detected
ğŸ¯ Word interaction received: hover-enter on 'å°±' (word-13)
ğŸ“Š Processing hover-enter for word 'å°±' at position 13
INFO:     127.0.0.1:48452 - "POST /word-interaction HTTP/1.1" 200 OK
ğŸ¯ Word interaction received: hover-enter on 'æ–‡åŒ–' (word-23)
ğŸ“Š Processing hover-enter for word 'æ–‡åŒ–' at position 23
INFO:     127.0.0.1:48452 - "POST /word-interaction HTTP/1.1" 200 OK
ğŸ¯ Word interaction received: hover-enter on 'å’Œ' (word-24)
ğŸ“Š Processing hover-enter for word 'å’Œ' at position 24
INFO:     127.0.0.1:48452 - "POST /word-interaction HTTP/1.1" 200 OK
ğŸ¯ Word interaction received: hover-enter on 'è¿™' (word-34)
ğŸ“Š Processing hover-enter for word 'è¿™' at position 34
INFO:     127.0.0.1:48452 - "POST /word-interaction HTTP/1.1" 200 OK
INFO:watchfiles.main:1 change detected
ğŸ¯ Word interaction received: hover-enter on 'å‘å±•ä¸­å›½å®¶' (word-38)
ğŸ“Š Processing hover-enter for word 'å‘å±•ä¸­å›½å®¶' at position 38
INFO:     127.0.0.1:48452 - "POST /word-interaction HTTP/1.1" 200 OK
ğŸ¯ Word interaction received: hover-enter on 'è‡ªç”±' (word-27)
ğŸ“Š Processing hover-enter for word 'è‡ªç”±' at position 27
INFO:     127.0.0.1:48452 - "POST /word-interaction HTTP/1.1" 200 OK
ğŸ¯ Word interaction received: hover-enter on 'çš„' (word-17)
ğŸ“Š Processing hover-enter for word 'çš„' at position 17
INFO:     127.0.0.1:48452 - "POST /word-interaction HTTP/1.1" 200 OK
ğŸ¯ Word interaction received: hover-enter on 'è‡ªç”±' (word-16)
ğŸ“Š Processing hover-enter for word 'è‡ªç”±' at position 16
INFO:     127.0.0.1:48452 - "POST /word-interaction HTTP/1.1" 200 OK
ğŸ¯ Word interaction received: hover-enter on 'æ˜¯' (word-6)
ğŸ“Š Processing hover-enter for word 'æ˜¯' at position 6
INFO:     127.0.0.1:48452 - "POST /word-interaction HTTP/1.1" 200 OK
ğŸ¯ Word interaction received: hover-enter on 'ç¤¾ä¼š' (word-5)
ğŸ“Š Processing hover-enter for word 'ç¤¾ä¼š' at position 5
INFO:     127.0.0.1:48452 - "POST /word-interaction HTTP/1.1" 200 OK
INFO:watchfiles.main:1 change detected
INFO:watchfiles.main:1 change detected
ğŸ¯ Word interaction received: hover-enter on 'çš„' (word-8)
ğŸ“Š Processing hover-enter for word 'çš„' at position 8
INFO:     127.0.0.1:48466 - "POST /word-interaction HTTP/1.1" 200 OK
ğŸ¯ Word interaction received: hover-enter on 'ä»·å€¼' (word-18)
ğŸ“Š Processing hover-enter for word 'ä»·å€¼' at position 18
INFO:     127.0.0.1:48466 - "POST /word-interaction HTTP/1.1" 200 OK
ğŸ¯ Word interaction received: hover-enter on 'çš„' (word-28)
ğŸ“Š Processing hover-enter for word 'çš„' at position 28
INFO:     127.0.0.1:48466 - "POST /word-interaction HTTP/1.1" 200 OK
ğŸ¯ Word interaction received: hover-enter on 'å‘å±•ä¸­å›½å®¶' (word-38)
ğŸ“Š Processing hover-enter for word 'å‘å±•ä¸­å›½å®¶' at position 38
INFO:     127.0.0.1:48466 - "POST /word-interaction HTTP/1.1" 200 OK
INFO:watchfiles.main:1 change detected
============================================================
ğŸ¯ TTS GENERATION REQUEST STARTED
============================================================
ğŸ“ Form data received:
   Text: 'å›é¡¾å†å²ï¼Œæ–‡é©çš„é”™è¯¯æ—©å·²è¢«æ‰¿è®¤ï¼Œæ¯›æ³½ä¸œçš„è¿‡é”™ä¹Ÿç»è¿‡çº æ­£å’Œ[[åæ€]]ã€‚è¿™ä½¿å¾—æ–‡é©ä¸å†æˆä¸ºæ”»å‡»çš„[[ç„¦...'
   Engine: edge
   Voice: zh-CN-YunxiNeural
   Speed: 0.8
ğŸ§¹ Text cleaned: 'å›é¡¾å†å²ï¼Œæ–‡é©çš„é”™è¯¯æ—©å·²è¢«æ‰¿è®¤ï¼Œæ¯›æ³½ä¸œçš„è¿‡é”™ä¹Ÿç»è¿‡çº æ­£å’Œ[[åæ€]]ã€‚è¿™ä½¿å¾—æ–‡é©ä¸å†æˆä¸ºæ”»å‡»çš„[[ç„¦ç‚¹]]ã€‚è€Œå…­å››äº‹ä»¶åˆ™ä¸åŒï¼Œå®ƒæ¶‰åŠåˆ°è¯¸å¤šåˆ©ç›Šçº è‘›ï¼Œä¹Ÿå…³ä¹æ”¿æ²»[[ä½“åˆ¶]]çš„æ•æ„Ÿå¤„ã€‚æˆ‘ä»¬ä¸ºä»€ä¹ˆå¯¹ä¸åŒçš„å†å²äº‹ä»¶æ€åº¦å¦‚æ­¤ä¸åŒï¼Ÿ[[æˆ–è®¸]]ï¼Œè¿™æ­£[[ä½“ç°]]äº†ä¸€ä¸ªç¤¾ä¼šé¢å¯¹ç—›è‹¦[[è®°å¿†]]çš„å¤æ‚[[å¿ƒæ€]]ã€‚æœ‰äº›[[çœŸç›¸]]å¯ä»¥è¯´æ¸…æ¥šï¼Œæœ‰äº›åˆ™æˆäº†ç¦åŒºã€‚æ¯”å¦‚å¤§è·ƒè¿›çš„æ­»äº¡äººæ•°ï¼Œå‡ åå¹´å¦‚ä¸€æ—¥éƒ½æ²¡æœ‰å®˜æ–¹å®šè®ºï¼Œæ•°å­—çš„æ¨¡ç³Šç•™ç»™äº†ç¤¾ä¼šå·¨å¤§çš„æƒ³è±¡ç©ºé—´ã€‚å…¬å¸ƒå…·ä½“æ•°å­—ï¼Œæ˜¯æ‰¿æ‹…è´£ä»»è¿˜æ˜¯åˆ¶é€ æ–°çŸ›ç›¾ï¼Ÿè¿™ä¸ªé—®é¢˜éš¾é“ä¸æ˜¯æ‰€æœ‰å›½å®¶éƒ½ä¼šé‡åˆ°çš„å…±åŒ[[å›°å¢ƒ]]å—ï¼Ÿæˆ‘ä»¬åˆæ˜¯å¦èƒ½ä»ä¸­çœ‹åˆ°ï¼Œå†å²çš„[[çœŸç›¸]]ä¸æ˜¯ç»å¯¹çš„ï¼Œè€Œæ˜¯è¢«[[æ”¿æ²»]]ã€åˆ©ç›Šå’Œæ—¶é—´æ‰€[[å¡‘é€ ]]çš„ï¼Ÿ' -> 'å›é¡¾å†å²ï¼Œæ–‡é©çš„é”™è¯¯æ—©å·²è¢«æ‰¿è®¤ï¼Œæ¯›æ³½ä¸œçš„è¿‡é”™ä¹Ÿç»è¿‡çº æ­£å’Œåæ€ã€‚è¿™ä½¿å¾—æ–‡é©ä¸å†æˆä¸ºæ”»å‡»çš„ç„¦ç‚¹ã€‚è€Œå…­å››äº‹ä»¶åˆ™ä¸åŒï¼Œå®ƒæ¶‰åŠåˆ°è¯¸å¤šåˆ©ç›Šçº è‘›ï¼Œä¹Ÿå…³ä¹æ”¿æ²»ä½“åˆ¶çš„æ•æ„Ÿå¤„ã€‚æˆ‘ä»¬ä¸ºä»€ä¹ˆå¯¹ä¸åŒçš„å†å²äº‹ä»¶æ€åº¦å¦‚æ­¤ä¸åŒï¼Ÿæˆ–è®¸ï¼Œè¿™æ­£ä½“ç°äº†ä¸€ä¸ªç¤¾ä¼šé¢å¯¹ç—›è‹¦è®°å¿†çš„å¤æ‚å¿ƒæ€ã€‚æœ‰äº›çœŸç›¸å¯ä»¥è¯´æ¸…æ¥šï¼Œæœ‰äº›åˆ™æˆäº†ç¦åŒºã€‚æ¯”å¦‚å¤§è·ƒè¿›çš„æ­»äº¡äººæ•°ï¼Œå‡ åå¹´å¦‚ä¸€æ—¥éƒ½æ²¡æœ‰å®˜æ–¹å®šè®ºï¼Œæ•°å­—çš„æ¨¡ç³Šç•™ç»™äº†ç¤¾ä¼šå·¨å¤§çš„æƒ³è±¡ç©ºé—´ã€‚å…¬å¸ƒå…·ä½“æ•°å­—ï¼Œæ˜¯æ‰¿æ‹…è´£ä»»è¿˜æ˜¯åˆ¶é€ æ–°çŸ›ç›¾ï¼Ÿè¿™ä¸ªé—®é¢˜éš¾é“ä¸æ˜¯æ‰€æœ‰å›½å®¶éƒ½ä¼šé‡åˆ°çš„å…±åŒå›°å¢ƒå—ï¼Ÿæˆ‘ä»¬åˆæ˜¯å¦èƒ½ä»ä¸­çœ‹åˆ°ï¼Œå†å²çš„çœŸç›¸ä¸æ˜¯ç»å¯¹çš„ï¼Œè€Œæ˜¯è¢«æ”¿æ²»ã€åˆ©ç›Šå’Œæ—¶é—´æ‰€å¡‘é€ çš„ï¼Ÿ'
ğŸ¤ Final parameters: engine=edge, voice=zh-CN-YunxiNeural, speed=0.8Ã—

ğŸ”§ _generate_tts_response called:
   Text: 'å›é¡¾å†å²ï¼Œæ–‡é©çš„é”™è¯¯æ—©å·²è¢«æ‰¿è®¤ï¼Œæ¯›æ³½ä¸œçš„è¿‡é”™ä¹Ÿç»è¿‡çº æ­£å’Œåæ€ã€‚è¿™ä½¿å¾—æ–‡é©ä¸å†æˆä¸ºæ”»å‡»çš„ç„¦ç‚¹ã€‚è€Œå…­å››äº‹ä»¶åˆ™ä¸åŒï¼Œå®ƒæ¶‰åŠåˆ°è¯¸å¤šåˆ©ç›Šçº è‘›ï¼Œä¹Ÿå…³ä¹æ”¿æ²»ä½“åˆ¶çš„æ•æ„Ÿå¤„ã€‚æˆ‘ä»¬ä¸ºä»€ä¹ˆå¯¹ä¸åŒçš„å†å²äº‹ä»¶æ€åº¦å¦‚æ­¤ä¸åŒï¼Ÿæˆ–è®¸ï¼Œè¿™æ­£ä½“ç°äº†ä¸€ä¸ªç¤¾ä¼šé¢å¯¹ç—›è‹¦è®°å¿†çš„å¤æ‚å¿ƒæ€ã€‚æœ‰äº›çœŸç›¸å¯ä»¥è¯´æ¸…æ¥šï¼Œæœ‰äº›åˆ™æˆäº†ç¦åŒºã€‚æ¯”å¦‚å¤§è·ƒè¿›çš„æ­»äº¡äººæ•°ï¼Œå‡ åå¹´å¦‚ä¸€æ—¥éƒ½æ²¡æœ‰å®˜æ–¹å®šè®ºï¼Œæ•°å­—çš„æ¨¡ç³Šç•™ç»™äº†ç¤¾ä¼šå·¨å¤§çš„æƒ³è±¡ç©ºé—´ã€‚å…¬å¸ƒå…·ä½“æ•°å­—ï¼Œæ˜¯æ‰¿æ‹…è´£ä»»è¿˜æ˜¯åˆ¶é€ æ–°çŸ›ç›¾ï¼Ÿè¿™ä¸ªé—®é¢˜éš¾é“ä¸æ˜¯æ‰€æœ‰å›½å®¶éƒ½ä¼šé‡åˆ°çš„å…±åŒå›°å¢ƒå—ï¼Ÿæˆ‘ä»¬åˆæ˜¯å¦èƒ½ä»ä¸­çœ‹åˆ°ï¼Œå†å²çš„çœŸç›¸ä¸æ˜¯ç»å¯¹çš„ï¼Œè€Œæ˜¯è¢«æ”¿æ²»ã€åˆ©ç›Šå’Œæ—¶é—´æ‰€å¡‘é€ çš„ï¼Ÿ'
   Engine: edge
   Voice: zh-CN-YunxiNeural
   Speed: 0.8
ğŸ­ Creating TTS engine instance for: edge
âœ… Engine created: Edge TTS
ğŸš€ Starting TTS generation with Edge TTS
âœ… TTS generation completed!
   Audio size: 398304 bytes
   Word timings: 139 entries
INFO:     127.0.0.1:48466 - "POST /generate-custom-tts HTTP/1.1" 200 OK
ğŸ¯ Word interaction received: hover-enter on 'ä½“ç°' (word-55)
ğŸ“Š Processing hover-enter for word 'ä½“ç°' at position 55
INFO:     127.0.0.1:48466 - "POST /word-interaction HTTP/1.1" 200 OK
ğŸ¯ Word interaction received: hover-enter on 'ä¸åŒ' (word-45)
ğŸ“Š Processing hover-enter for word 'ä¸åŒ' at position 45
INFO:     127.0.0.1:48466 - "POST /word-interaction HTTP/1.1" 200 OK
ğŸ¯ Word interaction received: hover-enter on 'å¯¹' (word-44)
ğŸ“Š Processing hover-enter for word 'å¯¹' at position 44
INFO:     127.0.0.1:48466 - "POST /word-interaction HTTP/1.1" 200 OK
ğŸ¯ Word interaction received: hover-enter on 'ä¸ºä»€ä¹ˆ' (word-43)
ğŸ“Š Processing hover-enter for word 'ä¸ºä»€ä¹ˆ' at position 43
INFO:     127.0.0.1:48466 - "POST /word-interaction HTTP/1.1" 200 OK
ğŸ¯ Word interaction received: hover-enter on 'çº è‘›' (word-34)
ğŸ“Š Processing hover-enter for word 'çº è‘›' at position 34
INFO:     127.0.0.1:48466 - "POST /word-interaction HTTP/1.1" 200 OK
ğŸ¯ Word interaction received: hover-enter on 'åˆ©ç›Š' (word-33)
ğŸ“Š Processing hover-enter for word 'åˆ©ç›Š' at position 33
INFO:     127.0.0.1:48466 - "POST /word-interaction HTTP/1.1" 200 OK
ğŸ¯ Word interaction received: hover-enter on 'è¯¸å¤š' (word-32)
ğŸ“Š Processing hover-enter for word 'è¯¸å¤š' at position 32
INFO:     127.0.0.1:48466 - "POST /word-interaction HTTP/1.1" 200 OK
ğŸ¯ Word interaction received: hover-enter on 'ç„¦ç‚¹' (word-23)
ğŸ“Š Processing hover-enter for word 'ç„¦ç‚¹' at position 23
INFO:     127.0.0.1:48466 - "POST /word-interaction HTTP/1.1" 200 OK
ğŸ¯ Word interaction received: hover-enter on 'çš„' (word-22)
ğŸ“Š Processing hover-enter for word 'çš„' at position 22
INFO:     127.0.0.1:48466 - "POST /word-interaction HTTP/1.1" 200 OK
ğŸ¯ Word interaction received: hover-enter on 'ç„¦ç‚¹' (word-23)
ğŸ“Š Processing hover-enter for word 'ç„¦ç‚¹' at position 23
INFO:     127.0.0.1:48466 - "POST /word-interaction HTTP/1.1" 200 OK
ğŸ¯ Word interaction received: left-click on 'ç„¦ç‚¹' (word-23)
ğŸ“Š Processing left-click for word 'ç„¦ç‚¹' at position 23
INFO:     127.0.0.1:48466 - "POST /word-interaction HTTP/1.1" 200 OK
INFO:     127.0.0.1:48466 - "POST /vocabulary-display HTTP/1.1" 200 OK
INFO:     127.0.0.1:48466 - "GET /static/css/themes.css?v=2 HTTP/1.1" 200 OK
INFO:     127.0.0.1:48480 - "GET /static/css/components.css?v=2 HTTP/1.1" 200 OK
ğŸ¯ Word interaction received: hover-enter on 'è€Œ' (word-24)
ğŸ“Š Processing hover-enter for word 'è€Œ' at position 24
INFO:     127.0.0.1:48466 - "POST /word-interaction HTTP/1.1" 200 OK
ğŸ¯ Word interaction received: hover-enter on 'åæ€' (word-15)
ğŸ“Š Processing hover-enter for word 'åæ€' at position 15
INFO:     127.0.0.1:48466 - "POST /word-interaction HTTP/1.1" 200 OK
ğŸ¯ Word interaction received: left-click on 'åæ€' (word-15)
ğŸ“Š Processing left-click for word 'åæ€' at position 15
INFO:     127.0.0.1:48466 - "POST /word-interaction HTTP/1.1" 200 OK
INFO:     127.0.0.1:48466 - "POST /vocabulary-display HTTP/1.1" 200 OK
ğŸ¯ Word interaction received: hover-enter on 'å…­å››' (word-25)
ğŸ“Š Processing hover-enter for word 'å…­å››' at position 25
INFO:     127.0.0.1:48466 - "POST /word-interaction HTTP/1.1" 200 OK
INFO:watchfiles.main:2 changes detected
ğŸ¯ Word interaction received: hover-enter on 'åˆ©ç›Š' (word-33)
ğŸ“Š Processing hover-enter for word 'åˆ©ç›Š' at position 33
INFO:     127.0.0.1:48466 - "POST /word-interaction HTTP/1.1" 200 OK
ğŸ¯ Word interaction received: hover-enter on 'ä¸ºä»€ä¹ˆ' (word-43)
ğŸ“Š Processing hover-enter for word 'ä¸ºä»€ä¹ˆ' at position 43
INFO:     127.0.0.1:48466 - "POST /word-interaction HTTP/1.1" 200 OK
ğŸ¯ Word interaction received: hover-enter on 'æˆ–è®¸' (word-52)
ğŸ“Š Processing hover-enter for word 'æˆ–è®¸' at position 52
INFO:     127.0.0.1:48466 - "POST /word-interaction HTTP/1.1" 200 OK
ğŸ¯ Word interaction received: left-click on 'æˆ–è®¸' (word-52)
ğŸ“Š Processing left-click for word 'æˆ–è®¸' at position 52
INFO:     127.0.0.1:48466 - "POST /word-interaction HTTP/1.1" 200 OK
INFO:     127.0.0.1:48466 - "POST /vocabulary-display HTTP/1.1" 200 OK
ğŸ¯ Word interaction received: hover-enter on 'æˆ‘ä»¬' (word-42)
ğŸ“Š Processing hover-enter for word 'æˆ‘ä»¬' at position 42
INFO:     127.0.0.1:48466 - "POST /word-interaction HTTP/1.1" 200 OK
ğŸ¯ Word interaction received: hover-enter on 'è¯¸å¤š' (word-32)
ğŸ“Š Processing hover-enter for word 'è¯¸å¤š' at position 32
INFO:     127.0.0.1:48466 - "POST /word-interaction HTTP/1.1" 200 OK
ğŸ¯ Word interaction received: hover-enter on 'ç„¦ç‚¹' (word-23)
ğŸ“Š Processing hover-enter for word 'ç„¦ç‚¹' at position 23
INFO:     127.0.0.1:48466 - "POST /word-interaction HTTP/1.1" 200 OK
ğŸ¯ Word interaction received: hover-enter on 'çº æ­£' (word-13)
ğŸ“Š Processing hover-enter for word 'çº æ­£' at position 13
INFO:     127.0.0.1:48466 - "POST /word-interaction HTTP/1.1" 200 OK
ğŸ¯ Word interaction received: hover-enter on 'é”™è¯¯' (word-4)
ğŸ“Š Processing hover-enter for word 'é”™è¯¯' at position 4
INFO:     127.0.0.1:48466 - "POST /word-interaction HTTP/1.1" 200 OK
INFO:watchfiles.main:1 change detected
INFO:watchfiles.main:1 change detected
ğŸ¯ Word interaction received: hover-enter on 'é”™è¯¯' (word-4)
ğŸ“Š Processing hover-enter for word 'é”™è¯¯' at position 4
INFO:     127.0.0.1:48482 - "POST /word-interaction HTTP/1.1" 200 OK
ğŸ¯ Word interaction received: hover-enter on 'å’Œ' (word-14)
ğŸ“Š Processing hover-enter for word 'å’Œ' at position 14
INFO:     127.0.0.1:48482 - "POST /word-interaction HTTP/1.1" 200 OK
ğŸ¯ Word interaction received: hover-enter on 'å…­å››' (word-25)
ğŸ“Š Processing hover-enter for word 'å…­å››' at position 25
INFO:     127.0.0.1:48482 - "POST /word-interaction HTTP/1.1" 200 OK
ğŸ¯ Word interaction received: hover-enter on 'äº‹ä»¶' (word-26)
ğŸ“Š Processing hover-enter for word 'äº‹ä»¶' at position 26
INFO:     127.0.0.1:48482 - "POST /word-interaction HTTP/1.1" 200 OK
ğŸ¯ Word interaction received: hover-enter on 'ä¹Ÿ' (word-35)
ğŸ“Š Processing hover-enter for word 'ä¹Ÿ' at position 35
INFO:     127.0.0.1:48482 - "POST /word-interaction HTTP/1.1" 200 OK
ğŸ¯ Word interaction received: hover-enter on 'å…³ä¹' (word-36)
ğŸ“Š Processing hover-enter for word 'å…³ä¹' at position 36
INFO:     127.0.0.1:48482 - "POST /word-interaction HTTP/1.1" 200 OK
ğŸ¯ Word interaction received: hover-enter on 'ä¸åŒ' (word-45)
ğŸ“Š Processing hover-enter for word 'ä¸åŒ' at position 45
INFO:     127.0.0.1:48482 - "POST /word-interaction HTTP/1.1" 200 OK
ğŸ¯ Word interaction received: hover-enter on 'çš„' (word-46)
ğŸ“Š Processing hover-enter for word 'çš„' at position 46
INFO:     127.0.0.1:48482 - "POST /word-interaction HTTP/1.1" 200 OK
ğŸ¯ Word interaction received: hover-enter on 'ä½“ç°' (word-55)
ğŸ“Š Processing hover-enter for word 'ä½“ç°' at position 55
INFO:     127.0.0.1:48482 - "POST /word-interaction HTTP/1.1" 200 OK
ğŸ¯ Word interaction received: hover-enter on 'æœ‰äº›' (word-65)
ğŸ“Š Processing hover-enter for word 'æœ‰äº›' at position 65
INFO:     127.0.0.1:48482 - "POST /word-interaction HTTP/1.1" 200 OK
ğŸ¯ Word interaction received: hover-enter on 'æ²¡æœ‰' (word-83)
ğŸ“Š Processing hover-enter for word 'æ²¡æœ‰' at position 83
INFO:     127.0.0.1:48482 - "POST /word-interaction HTTP/1.1" 200 OK
ğŸ¯ Word interaction received: hover-enter on 'çš„' (word-93)
ğŸ“Š Processing hover-enter for word 'çš„' at position 93
INFO:     127.0.0.1:48482 - "POST /word-interaction HTTP/1.1" 200 OK
ğŸ¯ Word interaction received: hover-enter on 'éƒ½' (word-111)
ğŸ“Š Processing hover-enter for word 'éƒ½' at position 111
INFO:     127.0.0.1:48482 - "POST /word-interaction HTTP/1.1" 200 OK
ğŸ¯ Word interaction received: hover-enter on 'èƒ½' (word-121)
ğŸ“Š Processing hover-enter for word 'èƒ½' at position 121
INFO:     127.0.0.1:48482 - "POST /word-interaction HTTP/1.1" 200 OK
ğŸ¯ Word interaction received: hover-enter on 'è¢«' (word-131)
ğŸ“Š Processing hover-enter for word 'è¢«' at position 131
INFO:     127.0.0.1:48482 - "POST /word-interaction HTTP/1.1" 200 OK
INFO:watchfiles.main:1 change detected
INFO:     127.0.0.1:48482 - "POST /save-session HTTP/1.1" 200 OK
INFO:     127.0.0.1:48486 - "GET /?custom_text=%E5%9B%9E%E9%A1%BE%E5%8E%86%E5%8F%B2%EF%BC%8C%E6%96%87%E9%9D%A9%E7%9A%84%E9%94%99%E8%AF%AF%E6%97%A9%E5%B7%B2%E8%A2%AB%E6%89%BF%E8%AE%A4%EF%BC%8C%E6%AF%9B%E6%B3%BD%E4%B8%9C%E7%9A%84%E8%BF%87%E9%94%99%E4%B9%9F%E7%BB%8F%E8%BF%87%E7%BA%A0%E6%AD%A3%E5%92%8C%5B%5B%E5%8F%8D%E6%80%9D%5D%5D%E3%80%82%E8%BF%99%E4%BD%BF%E5%BE%97%E6%96%87%E9%9D%A9%E4%B8%8D%E5%86%8D%E6%88%90%E4%B8%BA%E6%94%BB%E5%87%BB%E7%9A%84%5B%5B%E7%84%A6%E7%82%B9%5D%5D%E3%80%82%E8%80%8C%E5%85%AD%E5%9B%9B%E4%BA%8B%E4%BB%B6%E5%88%99%E4%B8%8D%E5%90%8C%EF%BC%8C%E5%AE%83%E6%B6%89%E5%8F%8A%E5%88%B0%E8%AF%B8%E5%A4%9A%E5%88%A9%E7%9B%8A%E7%BA%A0%E8%91%9B%EF%BC%8C%E4%B9%9F%E5%85%B3%E4%B9%8E%E6%94%BF%E6%B2%BB%5B%5B%E4%BD%93%E5%88%B6%5D%5D%E7%9A%84%E6%95%8F%E6%84%9F%E5%A4%84%E3%80%82%E6%88%91%E4%BB%AC%E4%B8%BA%E4%BB%80%E4%B9%88%E5%AF%B9%E4%B8%8D%E5%90%8C%E7%9A%84%E5%8E%86%E5%8F%B2%E4%BA%8B%E4%BB%B6%E6%80%81%E5%BA%A6%E5%A6%82%E6%AD%A4%E4%B8%8D%E5%90%8C%EF%BC%9F%5B%5B%E6%88%96%E8%AE%B8%5D%5D%EF%BC%8C%E8%BF%99%E6%AD%A3%5B%5B%E4%BD%93%E7%8E%B0%5D%5D%E4%BA%86%E4%B8%80%E4%B8%AA%E7%A4%BE%E4%BC%9A%E9%9D%A2%E5%AF%B9%E7%97%9B%E8%8B%A6%5B%5B%E8%AE%B0%E5%BF%86%5D%5D%E7%9A%84%E5%A4%8D%E6%9D%82%5B%5B%E5%BF%83%E6%80%81%5D%5D%E3%80%82%E6%9C%89%E4%BA%9B%5B%5B%E7%9C%9F%E7%9B%B8%5D%5D%E5%8F%AF%E4%BB%A5%E8%AF%B4%E6%B8%85%E6%A5%9A%EF%BC%8C%E6%9C%89%E4%BA%9B%E5%88%99%E6%88%90%E4%BA%86%E7%A6%81%E5%8C%BA%E3%80%82%E6%AF%94%E5%A6%82%E5%A4%A7%E8%B7%83%E8%BF%9B%E7%9A%84%E6%AD%BB%E4%BA%A1%E4%BA%BA%E6%95%B0%EF%BC%8C%E5%87%A0%E5%8D%81%E5%B9%B4%E5%A6%82%E4%B8%80%E6%97%A5%E9%83%BD%E6%B2%A1%E6%9C%89%E5%AE%98%E6%96%B9%E5%AE%9A%E8%AE%BA%EF%BC%8C%E6%95%B0%E5%AD%97%E7%9A%84%E6%A8%A1%E7%B3%8A%E7%95%99%E7%BB%99%E4%BA%86%E7%A4%BE%E4%BC%9A%E5%B7%A8%E5%A4%A7%E7%9A%84%E6%83%B3%E8%B1%A1%E7%A9%BA%E9%97%B4%E3%80%82%E5%85%AC%E5%B8%83%E5%85%B7%E4%BD%93%E6%95%B0%E5%AD%97%EF%BC%8C%E6%98%AF%E6%89%BF%E6%8B%85%E8%B4%A3%E4%BB%BB%E8%BF%98%E6%98%AF%E5%88%B6%E9%80%A0%E6%96%B0%E7%9F%9B%E7%9B%BE%EF%BC%9F%E8%BF%99%E4%B8%AA%E9%97%AE%E9%A2%98%E9%9A%BE%E9%81%93%E4%B8%8D%E6%98%AF%E6%89%80%E6%9C%89%E5%9B%BD%E5%AE%B6%E9%83%BD%E4%BC%9A%E9%81%87%E5%88%B0%E7%9A%84%E5%85%B1%E5%90%8C%5B%5B%E5%9B%B0%E5%A2%83%5D%5D%E5%90%97%EF%BC%9F%E6%88%91%E4%BB%AC%E5%8F%88%E6%98%AF%E5%90%A6%E8%83%BD%E4%BB%8E%E4%B8%AD%E7%9C%8B%E5%88%B0%EF%BC%8C%E5%8E%86%E5%8F%B2%E7%9A%84%5B%5B%E7%9C%9F%E7%9B%B8%5D%5D%E4%B8%8D%E6%98%AF%E7%BB%9D%E5%AF%B9%E7%9A%84%EF%BC%8C%E8%80%8C%E6%98%AF%E8%A2%AB%5B%5B%E6%94%BF%E6%B2%BB%5D%5D%E3%80%81%E5%88%A9%E7%9B%8A%E5%92%8C%E6%97%B6%E9%97%B4%E6%89%80%5B%5B%E5%A1%91%E9%80%A0%5D%5D%E7%9A%84%EF%BC%9F HTTP/1.1" 200 OK
ğŸ¯ Word interaction received: hover-enter on 'äº†' (word-73)
ğŸ“Š Processing hover-enter for word 'äº†' at position 73
INFO:     127.0.0.1:48482 - "POST /word-interaction HTTP/1.1" 200 OK
INFO:     127.0.0.1:48482 - "GET /static/js/settings-manager.js HTTP/1.1" 200 OK
INFO:     127.0.0.1:48486 - "GET / HTTP/1.1" 200 OK
INFO:minimax_tts:ğŸ”‘ Loading MiniMax credentials...
INFO:minimax_tts:   API Key: âœ… Set
INFO:minimax_tts:   Group ID: âœ… Set
INFO:minimax_tts:   Custom Voice: Not set
INFO:minimax_tts:   Model: speech-02-turbo
INFO:minimax_tts:ğŸ”§ MiniMax configuration status: âœ… Ready
INFO:     127.0.0.1:48486 - "GET /tts-engines-info HTTP/1.1" 200 OK
INFO:     127.0.0.1:48486 - "GET /credentials-status HTTP/1.1" 200 OK
INFO:     127.0.0.1:48486 - "GET /load-session/20250619_032132 HTTP/1.1" 200 OK
ğŸ¯ Word interaction received: hover-enter on 'å›é¡¾' (word-0)
ğŸ“Š Processing hover-enter for word 'å›é¡¾' at position 0
INFO:     127.0.0.1:48486 - "POST /word-interaction HTTP/1.1" 200 OK
ğŸ¯ Word interaction received: hover-enter on 'å†å²' (word-1)
ğŸ“Š Processing hover-enter for word 'å†å²' at position 1
INFO:     127.0.0.1:48486 - "POST /word-interaction HTTP/1.1" 200 OK
ğŸ¯ Word interaction received: hover-enter on 'æ–‡é©' (word-2)
ğŸ“Š Processing hover-enter for word 'æ–‡é©' at position 2
INFO:     127.0.0.1:48486 - "POST /word-interaction HTTP/1.1" 200 OK
ğŸ¯ Word interaction received: hover-enter on 'çš„' (word-3)
ğŸ“Š Processing hover-enter for word 'çš„' at position 3
INFO:     127.0.0.1:48486 - "POST /word-interaction HTTP/1.1" 200 OK
ğŸ¯ Word interaction received: hover-enter on 'é”™è¯¯' (word-4)
ğŸ“Š Processing hover-enter for word 'é”™è¯¯' at position 4
INFO:     127.0.0.1:48486 - "POST /word-interaction HTTP/1.1" 200 OK
ğŸ¯ Word interaction received: hover-enter on 'å’Œ' (word-14)
ğŸ“Š Processing hover-enter for word 'å’Œ' at position 14
INFO:     127.0.0.1:48486 - "POST /word-interaction HTTP/1.1" 200 OK
ğŸ¯ Word interaction received: hover-enter on 'åæ€' (word-15)
ğŸ“Š Processing hover-enter for word 'åæ€' at position 15
INFO:     127.0.0.1:48486 - "POST /word-interaction HTTP/1.1" 200 OK
INFO:watchfiles.main:6 changes detected
ğŸ¯ Word interaction received: hover-enter on 'åˆ©ç›Š' (word-33)
ğŸ“Š Processing hover-enter for word 'åˆ©ç›Š' at position 33
INFO:     127.0.0.1:48486 - "POST /word-interaction HTTP/1.1" 200 OK
ğŸ¯ Word interaction received: hover-enter on 'æ•æ„Ÿ' (word-40)
ğŸ“Š Processing hover-enter for word 'æ•æ„Ÿ' at position 40
INFO:     127.0.0.1:48486 - "POST /word-interaction HTTP/1.1" 200 OK
ğŸ¯ Word interaction received: hover-enter on 'å¤æ‚' (word-63)
ğŸ“Š Processing hover-enter for word 'å¤æ‚' at position 63
INFO:     127.0.0.1:48486 - "POST /word-interaction HTTP/1.1" 200 OK
ğŸ¯ Word interaction received: hover-enter on 'æ¸…æ¥š' (word-69)
ğŸ“Š Processing hover-enter for word 'æ¸…æ¥š' at position 69
INFO:     127.0.0.1:48486 - "POST /word-interaction HTTP/1.1" 200 OK
ğŸ¯ Word interaction received: hover-enter on 'å¦‚æ­¤' (word-50)
ğŸ“Š Processing hover-enter for word 'å¦‚æ­¤' at position 50
INFO:     127.0.0.1:48486 - "POST /word-interaction HTTP/1.1" 200 OK
ğŸ¯ Word interaction received: hover-enter on 'æ•æ„Ÿ' (word-40)
ğŸ“Š Processing hover-enter for word 'æ•æ„Ÿ' at position 40
INFO:     127.0.0.1:48486 - "POST /word-interaction HTTP/1.1" 200 OK
ğŸ¯ Word interaction received: hover-enter on 'åˆ©ç›Š' (word-33)
ğŸ“Š Processing hover-enter for word 'åˆ©ç›Š' at position 33
INFO:     127.0.0.1:48486 - "POST /word-interaction HTTP/1.1" 200 OK
ğŸ¯ Word interaction received: hover-enter on 'åæ€' (word-15)
ğŸ“Š Processing hover-enter for word 'åæ€' at position 15
INFO:     127.0.0.1:48486 - "POST /word-interaction HTTP/1.1" 200 OK
ğŸ¯ Word interaction received: hover-enter on 'è¢«' (word-6)
ğŸ“Š Processing hover-enter for word 'è¢«' at position 6
INFO:     127.0.0.1:48486 - "POST /word-interaction HTTP/1.1" 200 OK
ğŸ¯ Word interaction received: hover-enter on 'æ—©å·²' (word-5)
ğŸ“Š Processing hover-enter for word 'æ—©å·²' at position 5
INFO:     127.0.0.1:48486 - "POST /word-interaction HTTP/1.1" 200 OK
INFO:watchfiles.main:1 change detected
INFO:watchfiles.main:1 change detected
ğŸ¯ Word interaction received: hover-enter on 'æ¯›æ³½ä¸œ' (word-8)
ğŸ“Š Processing hover-enter for word 'æ¯›æ³½ä¸œ' at position 8
INFO:     127.0.0.1:52956 - "POST /word-interaction HTTP/1.1" 200 OK
ğŸ¯ Word interaction received: hover-enter on 'æ‰¿è®¤' (word-7)
ğŸ“Š Processing hover-enter for word 'æ‰¿è®¤' at position 7
INFO:     127.0.0.1:52956 - "POST /word-interaction HTTP/1.1" 200 OK
ğŸ¯ Word interaction received: hover-enter on 'è¢«' (word-6)
ğŸ“Š Processing hover-enter for word 'è¢«' at position 6
INFO:     127.0.0.1:52956 - "POST /word-interaction HTTP/1.1" 200 OK
ğŸ¯ Word interaction received: hover-enter on 'æ—©å·²' (word-5)
ğŸ“Š Processing hover-enter for word 'æ—©å·²' at position 5
INFO:     127.0.0.1:52956 - "POST /word-interaction HTTP/1.1" 200 OK
ğŸ¯ Word interaction received: hover-enter on 'æ—©å·²' (word-5)
ğŸ“Š Processing hover-enter for word 'æ—©å·²' at position 5
INFO:     127.0.0.1:52956 - "POST /word-interaction HTTP/1.1" 200 OK
INFO:watchfiles.main:1 change detected
INFO:watchfiles.main:1 change detected
INFO:watchfiles.main:1 change detected
ğŸ¯ Word interaction received: hover-enter on 'æ¯›æ³½ä¸œ' (word-8)
ğŸ“Š Processing hover-enter for word 'æ¯›æ³½ä¸œ' at position 8
INFO:     127.0.0.1:38138 - "POST /word-interaction HTTP/1.1" 200 OK
INFO:watchfiles.main:1 change detected
INFO:watchfiles.main:1 change detected
